Archive member included to satisfy reference by file (symbol)

app/libapp.a(main.c.obj)      (--whole-archive)
zephyr/libzephyr.a(hash_func32_djb2.c.obj)
                              (--whole-archive)
zephyr/libzephyr.a(hash_func32_murmur3.c.obj)
                              (--whole-archive)
zephyr/libzephyr.a(heap.c.obj)
                              (--whole-archive)
zephyr/libzephyr.a(cbprintf_packaged.c.obj)
                              (--whole-archive)
zephyr/libzephyr.a(clock.c.obj)
                              (--whole-archive)
zephyr/libzephyr.a(printk.c.obj)
                              (--whole-archive)
zephyr/libzephyr.a(sem.c.obj)
                              (--whole-archive)
zephyr/libzephyr.a(thread_entry.c.obj)
                              (--whole-archive)
zephyr/libzephyr.a(fdtable.c.obj)
                              (--whole-archive)
zephyr/libzephyr.a(cbprintf_complete.c.obj)
                              (--whole-archive)
zephyr/libzephyr.a(cbprintf.c.obj)
                              (--whole-archive)
zephyr/libzephyr.a(assert.c.obj)
                              (--whole-archive)
zephyr/libzephyr.a(mpsc_pbuf.c.obj)
                              (--whole-archive)
zephyr/libzephyr.a(dec.c.obj)
                              (--whole-archive)
zephyr/libzephyr.a(hex.c.obj)
                              (--whole-archive)
zephyr/libzephyr.a(rb.c.obj)  (--whole-archive)
zephyr/libzephyr.a(timeutil.c.obj)
                              (--whole-archive)
zephyr/libzephyr.a(bitarray.c.obj)
                              (--whole-archive)
zephyr/libzephyr.a(ring_buffer.c.obj)
                              (--whole-archive)
zephyr/libzephyr.a(last_section_id.c.obj)
                              (--whole-archive)
zephyr/libzephyr.a(configs.c.obj)
                              (--whole-archive)
zephyr/libzephyr.a(stm32cube_hal.c.obj)
                              (--whole-archive)
zephyr/libzephyr.a(soc_config.c.obj)
                              (--whole-archive)
zephyr/libzephyr.a(stm32_backup_domain.c.obj)
                              (--whole-archive)
zephyr/libzephyr.a(soc.c.obj)
                              (--whole-archive)
zephyr/libzephyr.a(log_core.c.obj)
                              (--whole-archive)
zephyr/libzephyr.a(log_mgmt.c.obj)
                              (--whole-archive)
zephyr/libzephyr.a(log_cache.c.obj)
                              (--whole-archive)
zephyr/libzephyr.a(log_msg.c.obj)
                              (--whole-archive)
zephyr/libzephyr.a(log_output.c.obj)
                              (--whole-archive)
zephyr/libzephyr.a(mem_attr.c.obj)
                              (--whole-archive)
zephyr/libzephyr.a(tracing_none.c.obj)
                              (--whole-archive)
zephyr/libzephyr.a(kernel_shell.c.obj)
                              (--whole-archive)
zephyr/libzephyr.a(cycles.c.obj)
                              (--whole-archive)
zephyr/libzephyr.a(sleep.c.obj)
                              (--whole-archive)
zephyr/libzephyr.a(uptime.c.obj)
                              (--whole-archive)
zephyr/libzephyr.a(version.c.obj)
                              (--whole-archive)
zephyr/libzephyr.a(log-level.c.obj)
                              (--whole-archive)
zephyr/libzephyr.a(thread.c.obj)
                              (--whole-archive)
zephyr/libzephyr.a(list.c.obj)
                              (--whole-archive)
zephyr/libzephyr.a(stacks.c.obj)
                              (--whole-archive)
zephyr/libzephyr.a(suspend.c.obj)
                              (--whole-archive)
zephyr/libzephyr.a(resume.c.obj)
                              (--whole-archive)
zephyr/libzephyr.a(kill.c.obj)
                              (--whole-archive)
zephyr/libzephyr.a(device_service.c.obj)
                              (--whole-archive)
zephyr/libzephyr.a(date_service.c.obj)
                              (--whole-archive)
zephyr/libzephyr.a(devmem_service.c.obj)
                              (--whole-archive)
zephyr/libzephyr.a(shell_uart.c.obj)
                              (--whole-archive)
zephyr/libzephyr.a(shell.c.obj)
                              (--whole-archive)
zephyr/libzephyr.a(shell_fprintf.c.obj)
                              (--whole-archive)
zephyr/libzephyr.a(shell_utils.c.obj)
                              (--whole-archive)
zephyr/libzephyr.a(shell_ops.c.obj)
                              (--whole-archive)
zephyr/libzephyr.a(shell_log_backend.c.obj)
                              (--whole-archive)
zephyr/libzephyr.a(shell_help.c.obj)
                              (--whole-archive)
zephyr/libzephyr.a(shell_cmds.c.obj)
                              (--whole-archive)
zephyr/libzephyr.a(shell_history.c.obj)
                              (--whole-archive)
zephyr/libzephyr.a(shell_wildcard.c.obj)
                              (--whole-archive)
zephyr/arch/common/libarch__common.a(sw_isr_common.c.obj)
                              (--whole-archive)
[...]
Memory Configuration

Name             Origin             Length             Attributes
FLASH            0x0000000008000000 0x0000000000100000 xr
RAM              0x0000000020000000 0x0000000000018000 xw
IDT_LIST         0x00000000ffff7fff 0x0000000000008000 xw
*default*        0x0000000000000000 0xffffffffffffffff

Linker script and memory map

LOAD zephyr/CMakeFiles/zephyr_final.dir/misc/empty_file.c.obj
LOAD zephyr/CMakeFiles/zephyr_final.dir/isr_tables.c.obj
LOAD zephyr/CMakeFiles/offsets.dir/./arch/arm/core/offsets/offsets.c.obj
LOAD app/libapp.a
LOAD zephyr/libzephyr.a
LOAD zephyr/arch/common/libarch__common.a
LOAD zephyr/arch/arch/arm/core/libarch__arm__core.a
LOAD zephyr/arch/arch/arm/core/cortex_m/libarch__arm__core__cortex_m.a
LOAD zephyr/arch/arch/arm/core/mpu/libarch__arm__core__mpu.a
LOAD zephyr/lib/libc/newlib/liblib__libc__newlib.a
LOAD zephyr/lib/libc/common/liblib__libc__common.a
LOAD zephyr/lib/posix/options/liblib__posix__options.a
LOAD zephyr/lib/os/zvfs/liblib__os__zvfs.a
LOAD zephyr/subsys/fs/libsubsys__fs.a
LOAD zephyr/drivers/interrupt_controller/libdrivers__interrupt_controller.a
LOAD zephyr/drivers/clock_control/libdrivers__clock_control.a
LOAD zephyr/drivers/console/libdrivers__console.a
LOAD zephyr/drivers/gpio/libdrivers__gpio.a
LOAD zephyr/drivers/hwinfo/libdrivers__hwinfo.a
LOAD zephyr/drivers/pinctrl/libdrivers__pinctrl.a
LOAD zephyr/drivers/reset/libdrivers__reset.a
LOAD zephyr/drivers/serial/libdrivers__serial.a
LOAD zephyr/drivers/timer/libdrivers__timer.a
LOAD modules/hal_stm32/stm32cube/lib..__modules__hal__stm32__stm32cube.a
LOAD zephyr/kernel/libkernel.a
LOAD zephyr/arch/common/libisr_tables.a
LOAD /home/dharm/zephyr-sdk-0.17.2/arm-zephyr-eabi/arm-zephyr-eabi/lib/thumb/v7e-m/nofp/libm.a
LOAD /home/dharm/zephyr-sdk-0.17.2/arm-zephyr-eabi/arm-zephyr-eabi/lib/thumb/v7e-m/nofp/libc.a
LOAD /home/dharm/zephyr-sdk-0.17.2/arm-zephyr-eabi/bin/../lib/gcc/arm-zephyr-eabi/12.2.0/thumb/v7e-m/nofp/libgcc.a
LOAD /home/dharm/zephyr-sdk-0.17.2/arm-zephyr-eabi/arm-zephyr-eabi/lib/thumb/v7e-m/nofp/libc.a
                0x0000000000000020                _region_min_align = 0x20

.rel.plt        0x0000000008000000        0x0
 *(SORT_BY_ALIGNMENT(.rel.plt))
                [!provide]                        PROVIDE (__rel_iplt_start = .)
 *(SORT_BY_ALIGNMENT(.rel.iplt))
 .rel.iplt      0x0000000008000000        0x0 zephyr/CMakeFiles/zephyr_final.dir/isr_tables.c.obj
                [!provide]                        PROVIDE (__rel_iplt_end = .)

.rela.plt       0x0000000000000000        0x0
 *(SORT_BY_ALIGNMENT(.rela.plt))
                [!provide]                        PROVIDE (__rela_iplt_start = .)
 *(SORT_BY_ALIGNMENT(.rela.iplt))
                [!provide]                        PROVIDE (__rela_iplt_end = .)

.rel.dyn
 *(SORT_BY_ALIGNMENT(.rel.*))

.rela.dyn
 *(SORT_BY_ALIGNMENT(.rela.*))

/DISCARD/
 *(SORT_BY_ALIGNMENT(.plt))

/DISCARD/
 *(SORT_BY_ALIGNMENT(.iplt))
                0x0000000008000000                __rom_region_start = 0x8000000

rom_start       0x0000000008000000      0x188
                0x0000000008000000                __rom_start_address = .
 FILL mask 0x00
                0x0000000008000000                . = (. + (0x0 - (. - __rom_start_address)))
                0x0000000008000000                . = ALIGN (0x4)
                0x0000000008000000                . = ALIGN (0x80)
                0x0000000008000000                . = ALIGN (0x200)
                0x0000000008000000                _vector_start = .
 *(SORT_BY_ALIGNMENT(.exc_vector_table))
 *(SORT_BY_ALIGNMENT(.exc_vector_table.*))
 .exc_vector_table._vector_table_section
                0x0000000008000000       0x40 zephyr/arch/arch/arm/core/cortex_m/libarch__arm__core__cortex_m.a(vector_table.S.obj)
                0x0000000008000000                _vector_table
 *(SORT_BY_ALIGNMENT(.vectors))
                0x0000000008000188                _vector_end = .
                0x0000000008000040                . = ALIGN (0x4)
 *(SORT_BY_ALIGNMENT(.gnu.linkonce.irq_vector_table*))
 .gnu.linkonce.irq_vector_table
                0x0000000008000040      0x148 zephyr/CMakeFiles/zephyr_final.dir/isr_tables.c.obj
                0x0000000008000040                _irq_vector_table
                0x0000000008000188                _vector_end = .

text            0x00000000080001c0    0x12920
                0x00000000080001c0                __text_region_start = .
 *(SORT_BY_ALIGNMENT(.text))
 .text          0x00000000080001c0       0xdc /home/dharm/zephyr-sdk-0.17.2/arm-zephyr-eabi/arm-zephyr-eabi/lib/thumb/v7e-m/nofp/libc.a(lib_a-strlen.o)
                0x00000000080001c0                strlen
 *fill*         0x000000000800029c        0x4 
 .text          0x00000000080002a0      0x2dc /home/dharm/zephyr-sdk-0.17.2/arm-zephyr-eabi/arm-zephyr-eabi/lib/thumb/v7e-m/nofp/libc.a(lib_a-strcmp.o)
                0x00000000080002a8                strcmp
 *fill*         0x000000000800057c        0x4 
 .text          0x0000000008000580       0xa0 /home/dharm/zephyr-sdk-0.17.2/arm-zephyr-eabi/arm-zephyr-eabi/lib/thumb/v7e-m/nofp/libc.a(lib_a-memchr.o)
                0x0000000008000580                memchr
 .text          0x0000000008000620      0x134 /home/dharm/zephyr-sdk-0.17.2/arm-zephyr-eabi/arm-zephyr-eabi/lib/thumb/v7e-m/nofp/libc.a(lib_a-memcpy.o)
                0x0000000008000620                memcpy
 .text          0x0000000008000754      0x378 /home/dharm/zephyr-sdk-0.17.2/arm-zephyr-eabi/bin/../lib/gcc/arm-zephyr-eabi/12.2.0/thumb/v7e-m/nofp/libgcc.a(_arm_addsubdf3.o)
                0x0000000008000754                __aeabi_drsub
                0x000000000800075c                __aeabi_dsub
                0x000000000800075c                __subdf3
                0x0000000008000760                __adddf3
                0x0000000008000760                __aeabi_dadd
                0x00000000080009d8                __aeabi_ui2d
                0x00000000080009d8                __floatunsidf
                0x00000000080009f8                __floatsidf
                0x00000000080009f8                __aeabi_i2d
                0x0000000008000a1c                __extendsfdf2
                0x0000000008000a1c                __aeabi_f2d
                0x0000000008000a60                __aeabi_ul2d
                0x0000000008000a60                __floatundidf
                0x0000000008000a70                __floatdidf
                0x0000000008000a70                __aeabi_l2d
 .text          0x0000000008000acc      0x424 /home/dharm/zephyr-sdk-0.17.2/arm-zephyr-eabi/bin/../lib/gcc/arm-zephyr-eabi/12.2.0/thumb/v7e-m/nofp/libgcc.a(_arm_muldivdf3.o)
                0x0000000008000acc                __aeabi_dmul
                0x0000000008000acc                __muldf3
                0x0000000008000d20                __aeabi_ddiv
                0x0000000008000d20                __divdf3
 .text          0x0000000008000ef0      0x110 /home/dharm/zephyr-sdk-0.17.2/arm-zephyr-eabi/bin/../lib/gcc/arm-zephyr-eabi/12.2.0/thumb/v7e-m/nofp/libgcc.a(_arm_cmpdf2.o)
                0x0000000008000ef0                __gtdf2
                0x0000000008000ef0                __gedf2
                0x0000000008000ef8                __ltdf2
                0x0000000008000ef8                __ledf2
                0x0000000008000f00                __cmpdf2
                0x0000000008000f00                __eqdf2
                0x0000000008000f00                __nedf2
                0x0000000008000f7c                __aeabi_cdrcmple
                0x0000000008000f8c                __aeabi_cdcmple
                0x0000000008000f8c                __aeabi_cdcmpeq
                0x0000000008000f9c                __aeabi_dcmpeq
                0x0000000008000fb0                __aeabi_dcmplt
                0x0000000008000fc4                __aeabi_dcmple
                0x0000000008000fd8                __aeabi_dcmpge
                0x0000000008000fec                __aeabi_dcmpgt
 .text          0x0000000008001000       0x2c /home/dharm/zephyr-sdk-0.17.2/arm-zephyr-eabi/bin/../lib/gcc/arm-zephyr-eabi/12.2.0/thumb/v7e-m/nofp/libgcc.a(_arm_unorddf2.o)
                0x0000000008001000                __aeabi_dcmpun
                0x0000000008001000                __unorddf2
 .text          0x000000000800102c       0x50 /home/dharm/zephyr-sdk-0.17.2/arm-zephyr-eabi/bin/../lib/gcc/arm-zephyr-eabi/12.2.0/thumb/v7e-m/nofp/libgcc.a(_arm_fixdfsi.o)
                0x000000000800102c                __fixdfsi
                0x000000000800102c                __aeabi_d2iz
 .text          0x000000000800107c       0xa0 /home/dharm/zephyr-sdk-0.17.2/arm-zephyr-eabi/bin/../lib/gcc/arm-zephyr-eabi/12.2.0/thumb/v7e-m/nofp/libgcc.a(_aeabi_ldivmod.o)
                0x000000000800107c                __aeabi_ldivmod
 .text          0x000000000800111c       0x30 /home/dharm/zephyr-sdk-0.17.2/arm-zephyr-eabi/bin/../lib/gcc/arm-zephyr-eabi/12.2.0/thumb/v7e-m/nofp/libgcc.a(_aeabi_uldivmod.o)
                0x000000000800111c                __aeabi_uldivmod
 .text          0x000000000800114c        0x4 /home/dharm/zephyr-sdk-0.17.2/arm-zephyr-eabi/bin/../lib/gcc/arm-zephyr-eabi/12.2.0/thumb/v7e-m/nofp/libgcc.a(_dvmd_tls.o)
                0x000000000800114c                __aeabi_ldiv0
                0x000000000800114c                __aeabi_idiv0
 .text          0x0000000008001150      0x2a0 /home/dharm/zephyr-sdk-0.17.2/arm-zephyr-eabi/bin/../lib/gcc/arm-zephyr-eabi/12.2.0/thumb/v7e-m/nofp/libgcc.a(_udivmoddi4.o)
                0x0000000008001150                __udivmoddi4
 *(SORT_BY_ALIGNMENT(.text.*))
 .text.cmd_kernel_uptime
                0x00000000080013f0       0xe0 zephyr/libzephyr.a(uptime.c.obj)
 .text._dtoa_r  0x00000000080014d0      0xe48 /home/dharm/zephyr-sdk-0.17.2/arm-zephyr-eabi/arm-zephyr-eabi/lib/thumb/v7e-m/nofp/libc.a(lib_a-dtoa.o)
                0x00000000080014d0                _dtoa_r
 .text.cmd_chat
                0x0000000008002318       0x74 app/libapp.a(main.c.obj)
 .text.main     0x000000000800238c       0x2c app/libapp.a(main.c.obj)
                0x000000000800238c                main
 .text.cbvprintf_package
                0x00000000080023b8      0x3a4 zephyr/libzephyr.a(cbprintf_packaged.c.obj)
                0x00000000080023b8                cbvprintf_package
 .text.cbprintf_package_convert
                0x000000000800275c      0x3d4 zephyr/libzephyr.a(cbprintf_packaged.c.obj)
                0x000000000800275c                cbprintf_package_convert
 .text.timespec_normalize
                0x0000000008002b30       0x9c zephyr/libzephyr.a(clock.c.obj)
 .text.z_impl_sys_clock_getrtoffset
                0x0000000008002bcc       0x28 zephyr/libzephyr.a(clock.c.obj)
                0x0000000008002bcc                z_impl_sys_clock_getrtoffset
 .text.sys_clock_gettime
                0x0000000008002bf4       0x6c zephyr/libzephyr.a(clock.c.obj)
                0x0000000008002bf4                sys_clock_gettime
 .text.z_impl_sys_clock_settime
                0x0000000008002c60       0x78 zephyr/libzephyr.a(clock.c.obj)
                0x0000000008002c60                z_impl_sys_clock_settime
 .text.__printk_hook_install
                0x0000000008002cd8        0xc zephyr/libzephyr.a(printk.c.obj)
                0x0000000008002cd8                __printk_hook_install
 .text.vsnprintk
                0x0000000008002ce4       0x2c zephyr/libzephyr.a(printk.c.obj)
                0x0000000008002ce4                vsnprintk
 .text._check_fd
                0x0000000008002d10       0x30 zephyr/libzephyr.a(fdtable.c.obj)
 .text.zvfs_lseek_wrap.constprop.0
                0x0000000008002d40       0x7c zephyr/libzephyr.a(fdtable.c.obj)
 .text.zvfs_rw  0x0000000008002dbc       0xcc zephyr/libzephyr.a(fdtable.c.obj)
 .text.z_fd_unref.isra.0
                0x0000000008002e88       0x4c zephyr/libzephyr.a(fdtable.c.obj)
 .text.zvfs_close
                0x0000000008002ed4       0x60 zephyr/libzephyr.a(fdtable.c.obj)
                0x0000000008002ed4                zvfs_close
 .text.zvfs_fstat
                0x0000000008002f34       0x34 zephyr/libzephyr.a(fdtable.c.obj)
                0x0000000008002f34                zvfs_fstat
 .text.zvfs_lseek
                0x0000000008002f68       0x38 zephyr/libzephyr.a(fdtable.c.obj)
                0x0000000008002f68                zvfs_lseek
 .text.extract_decimal
                0x0000000008002fa0       0x2c zephyr/libzephyr.a(cbprintf_complete.c.obj)
 .text.encode_uint
                0x0000000008002fcc       0x9c zephyr/libzephyr.a(cbprintf_complete.c.obj)
 .text.z_cbvprintf_impl
                0x0000000008003068      0x76c zephyr/libzephyr.a(cbprintf_complete.c.obj)
                0x0000000008003068                z_cbvprintf_impl
 .text.timeutil_timegm64
                0x00000000080037d4       0xf0 zephyr/libzephyr.a(timeutil.c.obj)
                0x00000000080037d4                timeutil_timegm64
 .text.st_stm32_common_config
                0x00000000080038c4       0x14 zephyr/libzephyr.a(soc_config.c.obj)
 .text.stm32_backup_domain_enable_access
                0x00000000080038d8       0x3c zephyr/libzephyr.a(stm32_backup_domain.c.obj)
                0x00000000080038d8                stm32_backup_domain_enable_access
 .text.stm32_backup_domain_disable_access
                0x0000000008003914       0x68 zephyr/libzephyr.a(stm32_backup_domain.c.obj)
                0x0000000008003914                stm32_backup_domain_disable_access
 .text.soc_early_init_hook
                0x000000000800397c       0x30 zephyr/libzephyr.a(soc.c.obj)
                0x000000000800397c                soc_early_init_hook
 .text.activate_foreach_backend
                0x00000000080039ac       0x64 zephyr/libzephyr.a(log_core.c.obj)
 .text.enable_logger
                0x0000000008003a10       0x5c zephyr/libzephyr.a(log_core.c.obj)
 .text.log_process_thread_timer_expiry_fn
                0x0000000008003a6c        0xc zephyr/libzephyr.a(log_core.c.obj)
 .text.z_log_init
                0x0000000008003a78       0x94 zephyr/libzephyr.a(log_core.c.obj)
 .text.log_set_timestamp_func
                0x0000000008003b0c       0x20 zephyr/libzephyr.a(log_core.c.obj)
                0x0000000008003b0c                log_set_timestamp_func
 .text.z_log_notify_backend_enabled
                0x0000000008003b2c       0x1c zephyr/libzephyr.a(log_core.c.obj)
                0x0000000008003b2c                z_log_notify_backend_enabled
 .text.z_log_dropped
                0x0000000008003b48       0x44 zephyr/libzephyr.a(log_core.c.obj)
                0x0000000008003b48                z_log_dropped
 .text.z_log_dropped_read_and_clear
                0x0000000008003b8c       0x20 zephyr/libzephyr.a(log_core.c.obj)
                0x0000000008003b8c                z_log_dropped_read_and_clear
 .text.dropped_notify
                0x0000000008003bac       0x30 zephyr/libzephyr.a(log_core.c.obj)
                0x0000000008003bac                dropped_notify
 .text.z_log_msg_init
                0x0000000008003bdc       0x20 zephyr/libzephyr.a(log_core.c.obj)
                0x0000000008003bdc                z_log_msg_init
 .text.log_core_init
                0x0000000008003bfc       0x54 zephyr/libzephyr.a(log_core.c.obj)
                0x0000000008003bfc                log_core_init
 .text.z_log_msg_alloc
                0x0000000008003c50       0x10 zephyr/libzephyr.a(log_core.c.obj)
                0x0000000008003c50                z_log_msg_alloc
 .text.z_log_msg_local_claim
                0x0000000008003c60        0xc zephyr/libzephyr.a(log_core.c.obj)
                0x0000000008003c60                z_log_msg_local_claim
 .text.z_log_msg_free
                0x0000000008003c6c       0x10 zephyr/libzephyr.a(log_core.c.obj)
                0x0000000008003c6c                z_log_msg_free
 .text.z_log_msg_pending
                0x0000000008003c7c        0xc zephyr/libzephyr.a(log_core.c.obj)
                0x0000000008003c7c                z_log_msg_pending
 .text.z_impl_log_process
                0x0000000008003c88       0xe8 zephyr/libzephyr.a(log_core.c.obj)
                0x0000000008003c88                z_impl_log_process
 .text.z_impl_log_panic
                0x0000000008003d70       0x44 zephyr/libzephyr.a(log_core.c.obj)
                0x0000000008003d70                z_impl_log_panic
 .text.log_process_thread_func
                0x0000000008003db4       0x9c zephyr/libzephyr.a(log_core.c.obj)
 .text.z_log_msg_post_finalize
                0x0000000008003e50       0x78 zephyr/libzephyr.a(log_core.c.obj)
 .text.z_log_msg_commit
                0x0000000008003ec8       0x24 zephyr/libzephyr.a(log_core.c.obj)
                0x0000000008003ec8                z_log_msg_commit
 .text.log_source_name_get
                0x0000000008003eec       0x1c zephyr/libzephyr.a(log_mgmt.c.obj)
                0x0000000008003eec                log_source_name_get
 .text.z_log_runtime_filters_init
                0x0000000008003f08       0x3c zephyr/libzephyr.a(log_mgmt.c.obj)
                0x0000000008003f08                z_log_runtime_filters_init
 .text.log_source_id_get
                0x0000000008003f44       0x38 zephyr/libzephyr.a(log_mgmt.c.obj)
                0x0000000008003f44                log_source_id_get
 .text.filter_set
                0x0000000008003f7c       0xbc zephyr/libzephyr.a(log_mgmt.c.obj)
                0x0000000008003f7c                filter_set
 .text.backend_filter_set
                0x0000000008004038       0x30 zephyr/libzephyr.a(log_mgmt.c.obj)
 .text.log_filter_get
                0x0000000008004068       0x4c zephyr/libzephyr.a(log_mgmt.c.obj)
                0x0000000008004068                log_filter_get
 .text.z_impl_z_log_msg_static_create
                0x00000000080040b4      0x110 zephyr/libzephyr.a(log_msg.c.obj)
                0x00000000080040b4                z_impl_z_log_msg_static_create
 .text.z_log_msg_runtime_vcreate
                0x00000000080041c4       0xb0 zephyr/libzephyr.a(log_msg.c.obj)
                0x00000000080041c4                z_log_msg_runtime_vcreate
 .text.log_msg_get_source_id
                0x0000000008004274       0x18 zephyr/libzephyr.a(log_msg.c.obj)
                0x0000000008004274                log_msg_get_source_id
 .text.print_formatted
                0x000000000800428c       0x24 zephyr/libzephyr.a(log_output.c.obj)
 .text.newline_print
                0x00000000080042b0       0x1c zephyr/libzephyr.a(log_output.c.obj)
 .text.log_output_process
                0x00000000080042cc      0x2dc zephyr/libzephyr.a(log_output.c.obj)
                0x00000000080042cc                log_output_process
 .text.log_output_dropped_process
                0x00000000080045a8       0x58 zephyr/libzephyr.a(log_output.c.obj)
                0x00000000080045a8                log_output_dropped_process
 .text.log_output_timestamp_freq_set
                0x0000000008004600       0x2c zephyr/libzephyr.a(log_output.c.obj)
                0x0000000008004600                log_output_timestamp_freq_set
 .text.mem_attr_get_regions
                0x000000000800462c        0xc zephyr/libzephyr.a(mem_attr.c.obj)
                0x000000000800462c                mem_attr_get_regions
 .text.cmd_kernel_cycles
                0x0000000008004638       0x1c zephyr/libzephyr.a(cycles.c.obj)
 .text.cmd_kernel_sleep
                0x0000000008004654       0x40 zephyr/libzephyr.a(sleep.c.obj)
 .text.cmd_kernel_version
                0x0000000008004694       0x18 zephyr/libzephyr.a(version.c.obj)
 .text.cmd_kernel_log_level_set
                0x00000000080046ac       0x84 zephyr/libzephyr.a(log-level.c.obj)
 .text.z_thread_is_valid
                0x0000000008004730       0x20 zephyr/libzephyr.a(thread.c.obj)
                0x0000000008004730                z_thread_is_valid
 .text.cmd_kernel_thread_list
                0x0000000008004750       0x34 zephyr/libzephyr.a(list.c.obj)
 .text.shell_tdata_dump
                0x0000000008004784       0xb8 zephyr/libzephyr.a(list.c.obj)
 .text.cmd_kernel_thread_stacks
                0x000000000800483c       0x70 zephyr/libzephyr.a(stacks.c.obj)
 .text.shell_stack_dump
                0x00000000080048ac       0x60 zephyr/libzephyr.a(stacks.c.obj)
 .text.cmd_kernel_thread_suspend
                0x000000000800490c       0x5c zephyr/libzephyr.a(suspend.c.obj)
 .text.cmd_kernel_thread_resume
                0x0000000008004968       0x5c zephyr/libzephyr.a(resume.c.obj)
 .text.cmd_kernel_thread_kill
                0x00000000080049c4       0x5c zephyr/libzephyr.a(kill.c.obj)
 .text.cmd_device_list
                0x0000000008004a20       0xd8 zephyr/libzephyr.a(device_service.c.obj)
 .text.date_print
                0x0000000008004af8       0x2c zephyr/libzephyr.a(date_service.c.obj)
 .text.get_h_m_s
                0x0000000008004b24       0x98 zephyr/libzephyr.a(date_service.c.obj)
 .text.cmd_date_set
                0x0000000008004bbc      0x10c zephyr/libzephyr.a(date_service.c.obj)
 .text.cmd_devmem
                0x0000000008004cc8       0xc4 zephyr/libzephyr.a(devmem_service.c.obj)
 .text.cmd_dump
                0x0000000008004d8c      0x178 zephyr/libzephyr.a(devmem_service.c.obj)
 .text.set_bypass.isra.0
                0x0000000008004f04       0x4c zephyr/libzephyr.a(devmem_service.c.obj)
 .text.bypass_cb
                0x0000000008004f50      0x114 zephyr/libzephyr.a(devmem_service.c.obj)
 .text.cmd_load
                0x0000000008005064       0xd8 zephyr/libzephyr.a(devmem_service.c.obj)
 .text.enable_shell_uart
                0x000000000800513c       0x38 zephyr/libzephyr.a(shell_uart.c.obj)
 .text.init     0x0000000008005174       0x54 zephyr/libzephyr.a(shell_uart.c.obj)
 .text.uart_callback
                0x00000000080051c8      0x134 zephyr/libzephyr.a(shell_uart.c.obj)
 .text.shell_internal_help_print
                0x00000000080052fc       0x20 zephyr/libzephyr.a(shell.c.obj)
 .text.z_cursor_next_line_move.isra.0
                0x000000000800531c        0xc zephyr/libzephyr.a(shell.c.obj)
 .text.history_handle
                0x0000000008005328       0xac zephyr/libzephyr.a(shell.c.obj)
 .text.execute  0x00000000080053d4      0x2c8 zephyr/libzephyr.a(shell.c.obj)
 .text.state_set.constprop.0
                0x000000000800569c       0x4c zephyr/libzephyr.a(shell.c.obj)
 .text.shell_process
                0x00000000080056e8      0x6d8 zephyr/libzephyr.a(shell.c.obj)
                0x00000000080056e8                shell_process
 .text.shell_thread
                0x0000000008005dc0       0xe4 zephyr/libzephyr.a(shell.c.obj)
                0x0000000008005dc0                shell_thread
 .text.cmd_help
                0x0000000008005ea4       0x44 zephyr/libzephyr.a(shell.c.obj)
 .text.shell_hexdump_line
                0x0000000008005ee8       0xd0 zephyr/libzephyr.a(shell.c.obj)
                0x0000000008005ee8                shell_hexdump_line
 .text.shell_init
                0x0000000008005fb8       0xe8 zephyr/libzephyr.a(shell.c.obj)
                0x0000000008005fb8                shell_init
 .text.z_shell_fprintf_fmt
                0x00000000080060a0       0x30 zephyr/libzephyr.a(shell_fprintf.c.obj)
                0x00000000080060a0                z_shell_fprintf_fmt
 .text.z_shell_make_argv
                0x00000000080060d0      0x1b8 zephyr/libzephyr.a(shell_utils.c.obj)
                0x00000000080060d0                z_shell_make_argv
 .text.z_shell_cmd_get
                0x0000000008006288       0x74 zephyr/libzephyr.a(shell_utils.c.obj)
                0x0000000008006288                z_shell_cmd_get
 .text.z_shell_spaces_trim
                0x00000000080062fc       0x6c zephyr/libzephyr.a(shell_utils.c.obj)
                0x00000000080062fc                z_shell_spaces_trim
 .text.z_shell_cmd_trim
                0x0000000008006368       0x7c zephyr/libzephyr.a(shell_utils.c.obj)
                0x0000000008006368                z_shell_cmd_trim
 .text.z_clear_eos
                0x00000000080063e4       0x18 zephyr/libzephyr.a(shell_ops.c.obj)
 .text.z_cursor_next_line_move.isra.0
                0x00000000080063fc        0xc zephyr/libzephyr.a(shell_ops.c.obj)
 .text.z_shell_op_cursor_vert_move
                0x0000000008006408       0x2c zephyr/libzephyr.a(shell_ops.c.obj)
                0x0000000008006408                z_shell_op_cursor_vert_move
 .text.z_shell_op_cursor_horiz_move
                0x0000000008006434       0x2c zephyr/libzephyr.a(shell_ops.c.obj)
                0x0000000008006434                z_shell_op_cursor_horiz_move
 .text.z_shell_op_cursor_word_move
                0x0000000008006460       0x7c zephyr/libzephyr.a(shell_ops.c.obj)
                0x0000000008006460                z_shell_op_cursor_word_move
 .text.z_shell_print_cmd
                0x00000000080064dc       0x78 zephyr/libzephyr.a(shell_ops.c.obj)
                0x00000000080064dc                z_shell_print_cmd
 .text.z_shell_vt100_color_set
                0x0000000008006554       0x40 zephyr/libzephyr.a(shell_ops.c.obj)
                0x0000000008006554                z_shell_vt100_color_set
 .text.z_shell_vt100_colors_restore
                0x0000000008006594       0x3c zephyr/libzephyr.a(shell_ops.c.obj)
                0x0000000008006594                z_shell_vt100_colors_restore
 .text.z_shell_op_word_remove
                0x00000000080065d0       0xc8 zephyr/libzephyr.a(shell_ops.c.obj)
                0x00000000080065d0                z_shell_op_word_remove
 .text.reprint_from_cursor
                0x0000000008006698       0xe0 zephyr/libzephyr.a(shell_ops.c.obj)
 .text.z_shell_op_char_insert
                0x0000000008006778       0x70 zephyr/libzephyr.a(shell_ops.c.obj)
                0x0000000008006778                z_shell_op_char_insert
 .text.z_shell_print_prompt_and_cmd
                0x00000000080067e8       0x30 zephyr/libzephyr.a(shell_ops.c.obj)
                0x00000000080067e8                z_shell_print_prompt_and_cmd
 .text.z_cursor_next_line_move.isra.0
                0x0000000008006818        0xc zephyr/libzephyr.a(shell_help.c.obj)
 .text.formatted_text_print.constprop.0
                0x0000000008006824       0xd4 zephyr/libzephyr.a(shell_help.c.obj)
 .text.formatted_structured_help_print
                0x00000000080068f8       0x40 zephyr/libzephyr.a(shell_help.c.obj)
 .text.z_shell_help_subcmd_print
                0x0000000008006938       0xf0 zephyr/libzephyr.a(shell_help.c.obj)
                0x0000000008006938                z_shell_help_subcmd_print
 .text.z_shell_help_cmd_print
                0x0000000008006a28       0x64 zephyr/libzephyr.a(shell_help.c.obj)
                0x0000000008006a28                z_shell_help_cmd_print
 .text.z_shell_help_request
                0x0000000008006a8c       0x28 zephyr/libzephyr.a(shell_help.c.obj)
                0x0000000008006a8c                z_shell_help_request
 .text.cmd_resize_default
                0x0000000008006ab4       0x2c zephyr/libzephyr.a(shell_cmds.c.obj)
 .text.cmd_shell_stats_show
                0x0000000008006ae0       0x14 zephyr/libzephyr.a(shell_cmds.c.obj)
 .text.cmd_backends
                0x0000000008006af4       0x4c zephyr/libzephyr.a(shell_cmds.c.obj)
 .text.cmd_prompt_off
                0x0000000008006b40       0x10 zephyr/libzephyr.a(shell_cmds.c.obj)
 .text.cmd_history
                0x0000000008006b50       0x40 zephyr/libzephyr.a(shell_cmds.c.obj)
 .text.cmd_get_retval
                0x0000000008006b90       0x1c zephyr/libzephyr.a(shell_cmds.c.obj)
 .text.cmd_echo
                0x0000000008006bac       0x50 zephyr/libzephyr.a(shell_cmds.c.obj)
 .text.cmd_clear
                0x0000000008006bfc       0x34 zephyr/libzephyr.a(shell_cmds.c.obj)
 .text.cmd_resize
                0x0000000008006c30      0x1a0 zephyr/libzephyr.a(shell_cmds.c.obj)
 .text.z_shell_wildcard_process
                0x0000000008006dd0       0xe4 zephyr/libzephyr.a(shell_wildcard.c.obj)
                0x0000000008006dd0                z_shell_wildcard_process
 .text.z_arm_fatal_error
                0x0000000008006eb4       0xe0 zephyr/arch/arch/arm/core/libarch__arm__core.a(fatal.c.obj)
                0x0000000008006eb4                z_arm_fatal_error
 .text.z_SysNmiOnReset
                0x0000000008006f94        0x8 zephyr/arch/arch/arm/core/libarch__arm__core.a(nmi_on_reset.S.obj)
                0x0000000008006f94                z_SysNmiOnReset
 .text._HandlerModeExit
                0x0000000008006f9c       0x20 zephyr/arch/arch/arm/core/cortex_m/libarch__arm__core__cortex_m.a(exc_exit.c.obj)
                0x0000000008006f9c                z_arm_exc_exit
                0x0000000008006f9c                z_arm_int_exit
 .text.bus_fault.constprop.0
                0x0000000008006fbc      0x108 zephyr/arch/arch/arm/core/cortex_m/libarch__arm__core__cortex_m.a(fault.c.obj)
 .text.usage_fault.constprop.0
                0x00000000080070c4       0xdc zephyr/arch/arch/arm/core/cortex_m/libarch__arm__core__cortex_m.a(fault.c.obj)
 .text.mem_manage_fault
                0x00000000080071a0      0x140 zephyr/arch/arch/arm/core/cortex_m/libarch__arm__core__cortex_m.a(fault.c.obj)
 .text.z_arm_fault
                0x00000000080072e0      0x20c zephyr/arch/arch/arm/core/cortex_m/libarch__arm__core__cortex_m.a(fault.c.obj)
                0x00000000080072e0                z_arm_fault
 .text.z_arm_fault_init
                0x00000000080074ec       0x18 zephyr/arch/arch/arm/core/cortex_m/libarch__arm__core__cortex_m.a(fault.c.obj)
                0x00000000080074ec                z_arm_fault_init
 .text.__fault  0x0000000008007504       0x14 zephyr/arch/arch/arm/core/cortex_m/libarch__arm__core__cortex_m.a(fault_s.S.obj)
                0x0000000008007504                z_arm_bus_fault
                0x0000000008007504                z_arm_usage_fault
                0x0000000008007504                z_arm_mpu_fault
                0x0000000008007504                z_arm_exc_spurious
                0x0000000008007504                z_arm_debug_monitor
                0x0000000008007504                z_arm_hard_fault
 .text._reset_section
                0x0000000008007518       0x44 zephyr/arch/arch/arm/core/cortex_m/libarch__arm__core__cortex_m.a(reset.S.obj)
                0x0000000008007518                z_arm_reset
                0x0000000008007518                __start
 .text.z_impl_k_thread_abort
                0x000000000800755c       0x2c zephyr/arch/arch/arm/core/cortex_m/libarch__arm__core__cortex_m.a(thread_abort.c.obj)
                0x000000000800755c                z_impl_k_thread_abort
 .text.z_arm_pendsv
                0x0000000008007588       0x58 zephyr/arch/arch/arm/core/cortex_m/libarch__arm__core__cortex_m.a(swap_helper.S.obj)
                0x0000000008007588                z_arm_pendsv
 .text.z_arm_svc
                0x00000000080075e0       0x24 zephyr/arch/arch/arm/core/cortex_m/libarch__arm__core__cortex_m.a(swap_helper.S.obj)
                0x00000000080075e0                z_arm_svc
 .text.arm_irq_enable
                0x0000000008007604       0x1c zephyr/arch/arch/arm/core/cortex_m/libarch__arm__core__cortex_m.a(irq_manage.c.obj)
                0x0000000008007604                arm_irq_enable
 .text.arm_irq_priority_set
                0x0000000008007620       0x30 zephyr/arch/arch/arm/core/cortex_m/libarch__arm__core__cortex_m.a(irq_manage.c.obj)
                0x0000000008007620                arm_irq_priority_set
 .text.relocate_vector_table
                0x0000000008007650       0x1c zephyr/arch/arch/arm/core/cortex_m/libarch__arm__core__cortex_m.a(prep_c.c.obj)
                0x0000000008007650                relocate_vector_table
 .text.z_prep_c
                0x000000000800766c       0x38 zephyr/arch/arch/arm/core/cortex_m/libarch__arm__core__cortex_m.a(prep_c.c.obj)
                0x000000000800766c                z_prep_c
 .text.arch_new_thread
                0x00000000080076a4       0x38 zephyr/arch/arch/arm/core/cortex_m/libarch__arm__core__cortex_m.a(thread.c.obj)
                0x00000000080076a4                arch_new_thread
 .text.z_check_thread_stack_fail
                0x00000000080076dc       0x30 zephyr/arch/arch/arm/core/cortex_m/libarch__arm__core__cortex_m.a(thread.c.obj)
                0x00000000080076dc                z_check_thread_stack_fail
 .text.arch_switch_to_main_thread
                0x000000000800770c       0x34 zephyr/arch/arch/arm/core/cortex_m/libarch__arm__core__cortex_m.a(thread.c.obj)
                0x000000000800770c                arch_switch_to_main_thread
 .text.z_arm_cpu_idle_init
                0x0000000008007740        0xc zephyr/arch/arch/arm/core/cortex_m/libarch__arm__core__cortex_m.a(cpu_idle.c.obj)
                0x0000000008007740                z_arm_cpu_idle_init
 .text.z_arm_interrupt_init
                0x000000000800774c       0x18 zephyr/arch/arch/arm/core/cortex_m/libarch__arm__core__cortex_m.a(irq_init.c.obj)
                0x000000000800774c                z_arm_interrupt_init
 .text._isr_wrapper
                0x0000000008007764       0x24 zephyr/arch/arch/arm/core/cortex_m/libarch__arm__core__cortex_m.a(isr_wrapper.c.obj)
                0x0000000008007764                _isr_wrapper
 .text.z_arm_configure_static_mpu_regions
                0x0000000008007788       0x18 zephyr/arch/arch/arm/core/mpu/libarch__arm__core__mpu.a(arm_core_mpu.c.obj)
                0x0000000008007788                z_arm_configure_static_mpu_regions
 .text.z_arm_configure_dynamic_mpu_regions
                0x00000000080077a0       0x24 zephyr/arch/arch/arm/core/mpu/libarch__arm__core__mpu.a(arm_core_mpu.c.obj)
                0x00000000080077a0                z_arm_configure_dynamic_mpu_regions
 .text.region_allocate_and_init
                0x00000000080077c4       0x58 zephyr/arch/arch/arm/core/mpu/libarch__arm__core__mpu.a(arm_mpu.c.obj)
 .text.mpu_configure_regions
                0x000000000800781c       0x70 zephyr/arch/arch/arm/core/mpu/libarch__arm__core__mpu.a(arm_mpu.c.obj)
 .text.arm_core_mpu_enable
                0x000000000800788c       0x18 zephyr/arch/arch/arm/core/mpu/libarch__arm__core__mpu.a(arm_mpu.c.obj)
                0x000000000800788c                arm_core_mpu_enable
 .text.arm_core_mpu_disable
                0x00000000080078a4       0x14 zephyr/arch/arch/arm/core/mpu/libarch__arm__core__mpu.a(arm_mpu.c.obj)
                0x00000000080078a4                arm_core_mpu_disable
 .text.arm_core_mpu_configure_static_mpu_regions
                0x00000000080078b8       0x14 zephyr/arch/arch/arm/core/mpu/libarch__arm__core__mpu.a(arm_mpu.c.obj)
                0x00000000080078b8                arm_core_mpu_configure_static_mpu_regions
 .text.arm_core_mpu_configure_dynamic_mpu_regions
                0x00000000080078cc       0x38 zephyr/arch/arch/arm/core/mpu/libarch__arm__core__mpu.a(arm_mpu.c.obj)
                0x00000000080078cc                arm_core_mpu_configure_dynamic_mpu_regions
 .text.z_arm_mpu_init
                0x0000000008007904      0x17c zephyr/arch/arch/arm/core/mpu/libarch__arm__core__mpu.a(arm_mpu.c.obj)
                0x0000000008007904                z_arm_mpu_init
 .text.__stdout_hook_install
                0x0000000008007a80        0xc zephyr/lib/libc/newlib/liblib__libc__newlib.a(libc-hooks.c.obj)
                0x0000000008007a80                __stdout_hook_install
 .text.z_impl_zephyr_write_stdout
                0x0000000008007a8c       0x30 zephyr/lib/libc/newlib/liblib__libc__newlib.a(libc-hooks.c.obj)
                0x0000000008007a8c                z_impl_zephyr_write_stdout
 .text._sbrk    0x0000000008007abc       0x28 zephyr/lib/libc/newlib/liblib__libc__newlib.a(libc-hooks.c.obj)
                0x0000000008007abc                _sbrk
                0x0000000008007abc                sbrk
 .text.abort    0x0000000008007ae4       0x1c zephyr/lib/libc/common/liblib__libc__common.a(abort.c.obj)
                0x0000000008007ae4                abort
 .text.pthread_barrier_pool_init
                0x0000000008007b00       0x28 zephyr/lib/posix/options/liblib__posix__options.a(barrier.c.obj)
 .text.foldcase
                0x0000000008007b28       0x18 zephyr/lib/posix/options/liblib__posix__options.a(fnmatch.c.obj)
 .text.getopt_init
                0x0000000008007b40       0x48 zephyr/lib/posix/options/liblib__posix__options.a(getopt.c.obj)
                0x0000000008007b40                getopt_init
 .text.getopt   0x0000000008007b88       0xf8 zephyr/lib/posix/options/liblib__posix__options.a(getopt.c.obj)
                0x0000000008007b88                getopt
 .text.z_getopt_global_state_update
                0x0000000008007c80       0x34 zephyr/lib/posix/options/liblib__posix__options.a(getopt_common.c.obj)
                0x0000000008007c80                z_getopt_global_state_update
 .text.getopt_state_get
                0x0000000008007cb4        0x8 zephyr/lib/posix/options/liblib__posix__options.a(getopt_common.c.obj)
                0x0000000008007cb4                getopt_state_get
 .text.pthread_cond_pool_init
                0x0000000008007cbc       0x20 zephyr/lib/posix/options/liblib__posix__options.a(cond.c.obj)
 .text.pthread_mutex_pool_init
                0x0000000008007cdc       0x20 zephyr/lib/posix/options/liblib__posix__options.a(mutex.c.obj)
 .text.posix_thread_pool_init
                0x0000000008007cfc       0x34 zephyr/lib/posix/options/liblib__posix__options.a(pthread.c.obj)
 .text.stm32_exti_isr
                0x0000000008007d30       0x4c zephyr/drivers/interrupt_controller/libdrivers__interrupt_controller.a(intc_exti_stm32.c.obj)
 .text.stm32_fill_irq_table
                0x0000000008007d7c       0x18 zephyr/drivers/interrupt_controller/libdrivers__interrupt_controller.a(intc_exti_stm32.c.obj)
 .text.stm32_exti_init
                0x0000000008007d94       0xb4 zephyr/drivers/interrupt_controller/libdrivers__interrupt_controller.a(intc_exti_stm32.c.obj)
 .text.stm32_gpio_intc_enable_line
                0x0000000008007e48       0x2c zephyr/drivers/interrupt_controller/libdrivers__interrupt_controller.a(intc_exti_stm32.c.obj)
                0x0000000008007e48                stm32_gpio_intc_enable_line
 .text.stm32_gpio_intc_disable_line
                0x0000000008007e74       0x10 zephyr/drivers/interrupt_controller/libdrivers__interrupt_controller.a(intc_exti_stm32.c.obj)
                0x0000000008007e74                stm32_gpio_intc_disable_line
 .text.stm32_gpio_intc_select_line_trigger
                0x0000000008007e84       0x50 zephyr/drivers/interrupt_controller/libdrivers__interrupt_controller.a(intc_exti_stm32.c.obj)
                0x0000000008007e84                stm32_gpio_intc_select_line_trigger
 .text.stm32_gpio_intc_set_irq_callback
                0x0000000008007ed4       0x40 zephyr/drivers/interrupt_controller/libdrivers__interrupt_controller.a(intc_exti_stm32.c.obj)
                0x0000000008007ed4                stm32_gpio_intc_set_irq_callback
 .text.stm32_gpio_intc_remove_irq_callback
                0x0000000008007f14       0x24 zephyr/drivers/interrupt_controller/libdrivers__interrupt_controller.a(intc_exti_stm32.c.obj)
                0x0000000008007f14                stm32_gpio_intc_remove_irq_callback
 .text.stm32_exti_get_line_src_port
                0x0000000008007f38       0x34 zephyr/drivers/interrupt_controller/libdrivers__interrupt_controller.a(intc_exti_stm32.c.obj)
                0x0000000008007f38                stm32_exti_get_line_src_port
 .text.LL_RCC_HSI_IsReady
                0x0000000008007f6c       0x10 zephyr/drivers/clock_control/libdrivers__clock_control.a(clock_stm32_ll_common.c.obj)
 .text.stm32_clock_control_get_subsys_rate
                0x0000000008007f7c       0xe0 zephyr/drivers/clock_control/libdrivers__clock_control.a(clock_stm32_ll_common.c.obj)
 .text.stm32_clock_control_init
                0x000000000800805c      0x180 zephyr/drivers/clock_control/libdrivers__clock_control.a(clock_stm32_ll_common.c.obj)
                0x000000000800805c                stm32_clock_control_init
 .text.get_pllsrc_frequency
                0x00000000080081dc        0x8 zephyr/drivers/clock_control/libdrivers__clock_control.a(clock_stm32l4_l5_wb_wl.c.obj)
                0x00000000080081dc                get_pllsrc_frequency
 .text.config_pll_sysclock
                0x00000000080081e4       0x24 zephyr/drivers/clock_control/libdrivers__clock_control.a(clock_stm32l4_l5_wb_wl.c.obj)
                0x00000000080081e4                config_pll_sysclock
 .text.config_enable_default_clocks
                0x0000000008008208       0x20 zephyr/drivers/clock_control/libdrivers__clock_control.a(clock_stm32l4_l5_wb_wl.c.obj)
                0x0000000008008208                config_enable_default_clocks
 .text.uart_console_init
                0x0000000008008228       0x28 zephyr/drivers/console/libdrivers__console.a(uart_console.c.obj)
 .text.console_out
                0x0000000008008250       0x28 zephyr/drivers/console/libdrivers__console.a(uart_console.c.obj)
 .text.gpio_stm32_pin_interrupt_configure
                0x0000000008008278       0xb0 zephyr/drivers/gpio/libdrivers__gpio.a(gpio_stm32.c.obj)
 .text.gpio_stm32_init
                0x0000000008008328       0x44 zephyr/drivers/gpio/libdrivers__gpio.a(gpio_stm32.c.obj)
 .text.pinctrl_configure_pins
                0x000000000800836c       0x84 zephyr/drivers/pinctrl/libdrivers__pinctrl.a(pinctrl_stm32.c.obj)
                0x000000000800836c                pinctrl_configure_pins
 .text.uart_stm32_irq_err_enable
                0x00000000080083f0       0x60 zephyr/drivers/serial/libdrivers__serial.a(uart_stm32.c.obj)
 .text.uart_stm32_irq_err_disable
                0x0000000008008450       0x60 zephyr/drivers/serial/libdrivers__serial.a(uart_stm32.c.obj)
 .text.uart_stm32_set_baudrate.part.0
                0x00000000080084b0       0x1c zephyr/drivers/serial/libdrivers__serial.a(uart_stm32.c.obj)
 .text.uart_stm32_parameters_set
                0x00000000080084cc      0x138 zephyr/drivers/serial/libdrivers__serial.a(uart_stm32.c.obj)
 .text.uart_stm32_init
                0x0000000008008604      0x200 zephyr/drivers/serial/libdrivers__serial.a(uart_stm32.c.obj)
 .text.uart_stm32_configure
                0x0000000008008804      0x14c zephyr/drivers/serial/libdrivers__serial.a(uart_stm32.c.obj)
 .text.elapsed  0x0000000008008950       0x4c zephyr/drivers/timer/libdrivers__timer.a(cortex_m_systick.c.obj)
 .text.sys_clock_driver_init
                0x000000000800899c       0x38 zephyr/drivers/timer/libdrivers__timer.a(cortex_m_systick.c.obj)
 .text.sys_clock_isr
                0x00000000080089d4       0x60 zephyr/drivers/timer/libdrivers__timer.a(cortex_m_systick.c.obj)
                0x00000000080089d4                sys_clock_isr
 .text.sys_clock_set_timeout
                0x0000000008008a34       0xf8 zephyr/drivers/timer/libdrivers__timer.a(cortex_m_systick.c.obj)
                0x0000000008008a34                sys_clock_set_timeout
 .text.sys_clock_elapsed
                0x0000000008008b2c       0x3c zephyr/drivers/timer/libdrivers__timer.a(cortex_m_systick.c.obj)
                0x0000000008008b2c                sys_clock_elapsed
 .text.sys_clock_cycle_get_32
                0x0000000008008b68       0x28 zephyr/drivers/timer/libdrivers__timer.a(cortex_m_systick.c.obj)
                0x0000000008008b68                sys_clock_cycle_get_32
 .text.HAL_RCC_GetSysClockFreq
                0x0000000008008b90       0x9c modules/hal_stm32/stm32cube/lib..__modules__hal__stm32__stm32cube.a(stm32l4xx_hal_rcc.c.obj)
                0x0000000008008b90                HAL_RCC_GetSysClockFreq
 .text.LL_SetFlashLatency
                0x0000000008008c2c       0xa8 modules/hal_stm32/stm32cube/lib..__modules__hal__stm32__stm32cube.a(stm32l4xx_ll_utils.c.obj)
                0x0000000008008c2c                LL_SetFlashLatency
 .text.z_device_get_all_static
                0x0000000008008cd4       0x18 zephyr/kernel/libkernel.a(device.c.obj)
                0x0000000008008cd4                z_device_get_all_static
 .text.z_impl_z_errno
                0x0000000008008cec        0xc zephyr/kernel/libkernel.a(errno.c.obj)
                0x0000000008008cec                z_impl_z_errno
 .text.k_sys_fatal_error_handler
                0x0000000008008cf8       0x28 zephyr/kernel/libkernel.a(fatal.c.obj)
                0x0000000008008cf8                k_sys_fatal_error_handler
 .text.z_fatal_error
                0x0000000008008d20      0x110 zephyr/kernel/libkernel.a(fatal.c.obj)
                0x0000000008008d20                z_fatal_error
 .text.z_sys_init_run_level
                0x0000000008008e30       0x30 zephyr/kernel/libkernel.a(init.c.obj)
 .text.bg_thread_main
                0x0000000008008e60       0xc0 zephyr/kernel/libkernel.a(init.c.obj)
 .text.z_bss_zero
                0x0000000008008f20       0x18 zephyr/kernel/libkernel.a(init.c.obj)
                0x0000000008008f20                z_bss_zero
 .text.z_init_cpu
                0x0000000008008f38       0x78 zephyr/kernel/libkernel.a(init.c.obj)
                0x0000000008008f38                z_init_cpu
 .text.z_cstart
                0x0000000008008fb0       0xd4 zephyr/kernel/libkernel.a(init.c.obj)
                0x0000000008008fb0                z_cstart
 .text.init_mem_slab_obj_core_list
                0x0000000008009084       0x24 zephyr/kernel/libkernel.a(mem_slab.c.obj)
 .text.z_impl_k_mutex_lock
                0x00000000080090a8       0xf0 zephyr/kernel/libkernel.a(mutex.c.obj)
                0x00000000080090a8                z_impl_k_mutex_lock
 .text.z_impl_k_mutex_unlock
                0x0000000008009198       0xa0 zephyr/kernel/libkernel.a(mutex.c.obj)
                0x0000000008009198                z_impl_k_mutex_unlock
 .text.z_impl_k_sem_give
                0x0000000008009238       0x74 zephyr/kernel/libkernel.a(sem.c.obj)
                0x0000000008009238                z_impl_k_sem_give
 .text.z_impl_k_sem_take
                0x00000000080092ac       0x4c zephyr/kernel/libkernel.a(sem.c.obj)
                0x00000000080092ac                z_impl_k_sem_take
 .text.work_queue_main
                0x00000000080092f8      0x14c zephyr/kernel/libkernel.a(work.c.obj)
 .text.submit_to_queue_locked
                0x0000000008009444       0xb8 zephyr/kernel/libkernel.a(work.c.obj)
 .text.k_work_queue_start
                0x00000000080094fc       0x80 zephyr/kernel/libkernel.a(work.c.obj)
                0x00000000080094fc                k_work_queue_start
 .text.z_impl_k_thread_name_set
                0x000000000800957c       0x20 zephyr/kernel/libkernel.a(thread.c.obj)
                0x000000000800957c                z_impl_k_thread_name_set
 .text.k_thread_state_str
                0x000000000800959c       0x84 zephyr/kernel/libkernel.a(thread.c.obj)
                0x000000000800959c                k_thread_state_str
 .text.z_setup_new_thread
                0x0000000008009620       0xe8 zephyr/kernel/libkernel.a(thread.c.obj)
                0x0000000008009620                z_setup_new_thread
 .text.z_impl_k_thread_create
                0x0000000008009708       0x58 zephyr/kernel/libkernel.a(thread.c.obj)
                0x0000000008009708                z_impl_k_thread_create
 .text.z_dummy_thread_init
                0x0000000008009760       0x20 zephyr/kernel/libkernel.a(thread.c.obj)
                0x0000000008009760                z_dummy_thread_init
 .text.z_swap_irqlock
                0x0000000008009780       0x34 zephyr/kernel/libkernel.a(sched.c.obj)
 .text.ready_thread
                0x00000000080097b4       0x84 zephyr/kernel/libkernel.a(sched.c.obj)
 .text.unready_thread
                0x0000000008009838       0x54 zephyr/kernel/libkernel.a(sched.c.obj)
 .text.add_thread_timeout
                0x000000000800988c       0x1c zephyr/kernel/libkernel.a(sched.c.obj)
 .text.move_thread_to_end_of_prio_q
                0x00000000080098a8       0x90 zephyr/kernel/libkernel.a(sched.c.obj)
                0x00000000080098a8                move_thread_to_end_of_prio_q
 .text.z_impl_k_thread_suspend
                0x0000000008009938       0xf0 zephyr/kernel/libkernel.a(sched.c.obj)
                0x0000000008009938                z_impl_k_thread_suspend
 .text.z_pend_curr
                0x0000000008009a28       0x44 zephyr/kernel/libkernel.a(sched.c.obj)
                0x0000000008009a28                z_pend_curr
 .text.z_thread_prio_set
                0x0000000008009a6c       0xe4 zephyr/kernel/libkernel.a(sched.c.obj)
                0x0000000008009a6c                z_thread_prio_set
 .text.z_reschedule
                0x0000000008009b50       0x24 zephyr/kernel/libkernel.a(sched.c.obj)
                0x0000000008009b50                z_reschedule
 .text.z_impl_k_thread_resume
                0x0000000008009b74       0x3c zephyr/kernel/libkernel.a(sched.c.obj)
                0x0000000008009b74                z_impl_k_thread_resume
 .text.z_reschedule_irqlock
                0x0000000008009bb0       0x28 zephyr/kernel/libkernel.a(sched.c.obj)
                0x0000000008009bb0                z_reschedule_irqlock
 .text.k_sched_lock
                0x0000000008009bd8       0x28 zephyr/kernel/libkernel.a(sched.c.obj)
                0x0000000008009bd8                k_sched_lock
 .text.k_sched_unlock
                0x0000000008009c00       0x68 zephyr/kernel/libkernel.a(sched.c.obj)
                0x0000000008009c00                k_sched_unlock
 .text.z_sched_init
                0x0000000008009c68       0x10 zephyr/kernel/libkernel.a(sched.c.obj)
                0x0000000008009c68                z_sched_init
 .text.z_impl_k_yield
                0x0000000008009c78       0x88 zephyr/kernel/libkernel.a(sched.c.obj)
                0x0000000008009c78                z_impl_k_yield
 .text.z_tick_sleep
                0x0000000008009d00       0x78 zephyr/kernel/libkernel.a(sched.c.obj)
 .text.z_impl_k_wakeup
                0x0000000008009d78       0x48 zephyr/kernel/libkernel.a(sched.c.obj)
                0x0000000008009d78                z_impl_k_wakeup
 .text.z_impl_k_sched_current_thread_query
                0x0000000008009dc0        0xc zephyr/kernel/libkernel.a(sched.c.obj)
                0x0000000008009dc0                z_impl_k_sched_current_thread_query
 .text.z_thread_abort
                0x0000000008009dcc      0x140 zephyr/kernel/libkernel.a(sched.c.obj)
                0x0000000008009dcc                z_thread_abort
 .text.z_sched_wait
                0x0000000008009f0c       0x24 zephyr/kernel/libkernel.a(sched.c.obj)
                0x0000000008009f0c                z_sched_wait
 .text.slice_timeout
                0x0000000008009f30       0x20 zephyr/kernel/libkernel.a(timeslicing.c.obj)
 .text.thread_is_sliceable
                0x0000000008009f50       0x3c zephyr/kernel/libkernel.a(timeslicing.c.obj)
                0x0000000008009f50                thread_is_sliceable
 .text.z_reset_time_slice
                0x0000000008009f8c       0x50 zephyr/kernel/libkernel.a(timeslicing.c.obj)
                0x0000000008009f8c                z_reset_time_slice
 .text.z_time_slice
                0x0000000008009fdc       0x60 zephyr/kernel/libkernel.a(timeslicing.c.obj)
                0x0000000008009fdc                z_time_slice
 .text.z_thread_monitor_exit
                0x000000000800a03c       0x3c zephyr/kernel/libkernel.a(thread_monitor.c.obj)
                0x000000000800a03c                z_thread_monitor_exit
 .text.k_thread_foreach
                0x000000000800a078       0x34 zephyr/kernel/libkernel.a(thread_monitor.c.obj)
                0x000000000800a078                k_thread_foreach
 .text.k_thread_foreach_unlocked
                0x000000000800a0ac       0x48 zephyr/kernel/libkernel.a(thread_monitor.c.obj)
                0x000000000800a0ac                k_thread_foreach_unlocked
 .text.z_data_copy
                0x000000000800a0f4       0x38 zephyr/kernel/libkernel.a(xip.c.obj)
                0x000000000800a0f4                z_data_copy
 .text.first    0x000000000800a12c       0x10 zephyr/kernel/libkernel.a(timeout.c.obj)
 .text.elapsed  0x000000000800a13c       0x14 zephyr/kernel/libkernel.a(timeout.c.obj)
 .text.remove_timeout
                0x000000000800a150       0x38 zephyr/kernel/libkernel.a(timeout.c.obj)
 .text.z_add_timeout
                0x000000000800a188      0x120 zephyr/kernel/libkernel.a(timeout.c.obj)
                0x000000000800a188                z_add_timeout
 .text.sys_clock_announce
                0x000000000800a2a8       0xc0 zephyr/kernel/libkernel.a(timeout.c.obj)
                0x000000000800a2a8                sys_clock_announce
 .text.sys_clock_tick_get
                0x000000000800a368       0x30 zephyr/kernel/libkernel.a(timeout.c.obj)
                0x000000000800a368                sys_clock_tick_get
 .text.z_timer_expiration_handler
                0x000000000800a398      0x110 zephyr/kernel/libkernel.a(timer.c.obj)
                0x000000000800a398                z_timer_expiration_handler
 .text.z_impl_k_timer_start
                0x000000000800a4a8       0x70 zephyr/kernel/libkernel.a(timer.c.obj)
                0x000000000800a4a8                z_impl_k_timer_start
 .text.clear_event_registrations
                0x000000000800a518       0x60 zephyr/kernel/libkernel.a(poll.c.obj)
 .text.z_impl_k_poll
                0x000000000800a578       0xb0 zephyr/kernel/libkernel.a(poll.c.obj)
                0x000000000800a578                z_impl_k_poll
 .text.z_impl_k_poll_signal_raise
                0x000000000800a628       0x50 zephyr/kernel/libkernel.a(poll.c.obj)
                0x000000000800a628                z_impl_k_poll_signal_raise
 .text.k_thread_system_pool_assign
                0x000000000800a678        0xc zephyr/kernel/libkernel.a(mempool.c.obj)
                0x000000000800a678                k_thread_system_pool_assign
 .text.boot_banner
                0x000000000800a684        0xc zephyr/kernel/libkernel.a(banner.c.obj)
                0x000000000800a684                boot_banner
 .text.statics_init
                0x000000000800a690       0x24 zephyr/kernel/libkernel.a(kheap.c.obj)
 .text.k_sys_work_q_init
                0x000000000800a6b4       0x2c zephyr/kernel/libkernel.a(system_work_q.c.obj)
 .text.gmtime_r
                0x000000000800a6e0      0x1c4 /home/dharm/zephyr-sdk-0.17.2/arm-zephyr-eabi/arm-zephyr-eabi/lib/thumb/v7e-m/nofp/libc.a(lib_a-gmtime_r.o)
                0x000000000800a6e0                gmtime_r
 .text.malloc   0x000000000800a8a4       0x10 /home/dharm/zephyr-sdk-0.17.2/arm-zephyr-eabi/arm-zephyr-eabi/lib/thumb/v7e-m/nofp/libc.a(lib_a-malloc.o)
                0x000000000800a8a4                malloc
 .text.free     0x000000000800a8b4       0x10 /home/dharm/zephyr-sdk-0.17.2/arm-zephyr-eabi/arm-zephyr-eabi/lib/thumb/v7e-m/nofp/libc.a(lib_a-malloc.o)
                0x000000000800a8b4                free
 .text._malloc_r
                0x000000000800a8c4      0x578 /home/dharm/zephyr-sdk-0.17.2/arm-zephyr-eabi/arm-zephyr-eabi/lib/thumb/v7e-m/nofp/libc.a(lib_a-mallocr.o)
                0x000000000800a8c4                _malloc_r
 .text.memcmp   0x000000000800ae3c       0x60 /home/dharm/zephyr-sdk-0.17.2/arm-zephyr-eabi/arm-zephyr-eabi/lib/thumb/v7e-m/nofp/libc.a(lib_a-memcmp.o)
                0x000000000800ae3c                memcmp
 .text.memmove  0x000000000800ae9c      0x100 /home/dharm/zephyr-sdk-0.17.2/arm-zephyr-eabi/arm-zephyr-eabi/lib/thumb/v7e-m/nofp/libc.a(lib_a-memmove.o)
                0x000000000800ae9c                memmove
 .text.memset   0x000000000800af9c       0xa4 /home/dharm/zephyr-sdk-0.17.2/arm-zephyr-eabi/arm-zephyr-eabi/lib/thumb/v7e-m/nofp/libc.a(lib_a-memset.o)
                0x000000000800af9c                memset
 .text.__malloc_lock
                0x000000000800b040        0xc /home/dharm/zephyr-sdk-0.17.2/arm-zephyr-eabi/arm-zephyr-eabi/lib/thumb/v7e-m/nofp/libc.a(lib_a-mlock.o)
                0x000000000800b040                __malloc_lock
 .text.__malloc_unlock
                0x000000000800b04c        0xc /home/dharm/zephyr-sdk-0.17.2/arm-zephyr-eabi/arm-zephyr-eabi/lib/thumb/v7e-m/nofp/libc.a(lib_a-mlock.o)
                0x000000000800b04c                __malloc_unlock
 .text._realloc_r
                0x000000000800b058      0x344 /home/dharm/zephyr-sdk-0.17.2/arm-zephyr-eabi/arm-zephyr-eabi/lib/thumb/v7e-m/nofp/libc.a(lib_a-reallocr.o)
                0x000000000800b058                _realloc_r
 .text._sbrk_r  0x000000000800b39c       0x24 /home/dharm/zephyr-sdk-0.17.2/arm-zephyr-eabi/arm-zephyr-eabi/lib/thumb/v7e-m/nofp/libc.a(lib_a-sbrkr.o)
                0x000000000800b39c                _sbrk_r
 .text.snprintf
                0x000000000800b3c0       0x88 /home/dharm/zephyr-sdk-0.17.2/arm-zephyr-eabi/arm-zephyr-eabi/lib/thumb/v7e-m/nofp/libc.a(lib_a-snprintf.o)
                0x000000000800b3c0                snprintf
 .text.strcasecmp
                0x000000000800b448       0x44 /home/dharm/zephyr-sdk-0.17.2/arm-zephyr-eabi/arm-zephyr-eabi/lib/thumb/v7e-m/nofp/libc.a(lib_a-strcasecmp.o)
                0x000000000800b448                strcasecmp
 .text.strchr   0x000000000800b48c       0xd0 /home/dharm/zephyr-sdk-0.17.2/arm-zephyr-eabi/arm-zephyr-eabi/lib/thumb/v7e-m/nofp/libc.a(lib_a-strchr.o)
                0x000000000800b48c                strchr
 .text.strcpy   0x000000000800b55c       0xbc /home/dharm/zephyr-sdk-0.17.2/arm-zephyr-eabi/arm-zephyr-eabi/lib/thumb/v7e-m/nofp/libc.a(lib_a-strcpy.o)
                0x000000000800b55c                strcpy
 .text.strncmp  0x000000000800b618       0x84 /home/dharm/zephyr-sdk-0.17.2/arm-zephyr-eabi/arm-zephyr-eabi/lib/thumb/v7e-m/nofp/libc.a(lib_a-strncmp.o)
                0x000000000800b618                strncmp
 .text.strncpy  0x000000000800b69c       0x68 /home/dharm/zephyr-sdk-0.17.2/arm-zephyr-eabi/arm-zephyr-eabi/lib/thumb/v7e-m/nofp/libc.a(lib_a-strncpy.o)
                0x000000000800b69c                strncpy
 .text.strnlen  0x000000000800b704       0x24 /home/dharm/zephyr-sdk-0.17.2/arm-zephyr-eabi/arm-zephyr-eabi/lib/thumb/v7e-m/nofp/libc.a(lib_a-strnlen.o)
                0x000000000800b704                strnlen
 .text.two_way_long_needle
                0x000000000800b728      0x2a0 /home/dharm/zephyr-sdk-0.17.2/arm-zephyr-eabi/arm-zephyr-eabi/lib/thumb/v7e-m/nofp/libc.a(lib_a-strstr.o)
 .text.strstr   0x000000000800b9c8      0x16c /home/dharm/zephyr-sdk-0.17.2/arm-zephyr-eabi/arm-zephyr-eabi/lib/thumb/v7e-m/nofp/libc.a(lib_a-strstr.o)
                0x000000000800b9c8                strstr
 .text._strtol_l.constprop.0
                0x000000000800bb34      0x138 /home/dharm/zephyr-sdk-0.17.2/arm-zephyr-eabi/arm-zephyr-eabi/lib/thumb/v7e-m/nofp/libc.a(lib_a-strtol.o)
 .text.strtol   0x000000000800bc6c       0x18 /home/dharm/zephyr-sdk-0.17.2/arm-zephyr-eabi/arm-zephyr-eabi/lib/thumb/v7e-m/nofp/libc.a(lib_a-strtol.o)
                0x000000000800bc6c                strtol
 .text._strtoul_l.constprop.0
                0x000000000800bc84      0x134 /home/dharm/zephyr-sdk-0.17.2/arm-zephyr-eabi/arm-zephyr-eabi/lib/thumb/v7e-m/nofp/libc.a(lib_a-strtoul.o)
 .text.strtoul  0x000000000800bdb8       0x18 /home/dharm/zephyr-sdk-0.17.2/arm-zephyr-eabi/arm-zephyr-eabi/lib/thumb/v7e-m/nofp/libc.a(lib_a-strtoul.o)
                0x000000000800bdb8                strtoul
 .text._svfprintf_r
                0x000000000800bdd0     0x1a14 /home/dharm/zephyr-sdk-0.17.2/arm-zephyr-eabi/arm-zephyr-eabi/lib/thumb/v7e-m/nofp/libc.a(lib_a-svfprintf.o)
                0x000000000800bdd0                _svfprintf_r
 .text.__swsetup_r
                0x000000000800d7e4       0xc4 /home/dharm/zephyr-sdk-0.17.2/arm-zephyr-eabi/arm-zephyr-eabi/lib/thumb/v7e-m/nofp/libc.a(lib_a-wsetup.o)
                0x000000000800d7e4                __swsetup_r
 .text.quorem   0x000000000800d8a8      0x12c /home/dharm/zephyr-sdk-0.17.2/arm-zephyr-eabi/arm-zephyr-eabi/lib/thumb/v7e-m/nofp/libc.a(lib_a-dtoa.o)
 .text.__sflush_r
                0x000000000800d9d4      0x110 /home/dharm/zephyr-sdk-0.17.2/arm-zephyr-eabi/arm-zephyr-eabi/lib/thumb/v7e-m/nofp/libc.a(lib_a-fflush.o)
                0x000000000800d9d4                __sflush_r
 .text._fflush_r
                0x000000000800dae4       0x5c /home/dharm/zephyr-sdk-0.17.2/arm-zephyr-eabi/arm-zephyr-eabi/lib/thumb/v7e-m/nofp/libc.a(lib_a-fflush.o)
                0x000000000800dae4                _fflush_r
 .text._cleanup_r
                0x000000000800db40        0xc /home/dharm/zephyr-sdk-0.17.2/arm-zephyr-eabi/arm-zephyr-eabi/lib/thumb/v7e-m/nofp/libc.a(lib_a-findfp.o)
                0x000000000800db40                _cleanup_r
 .text.__sinit  0x000000000800db4c      0x10c /home/dharm/zephyr-sdk-0.17.2/arm-zephyr-eabi/arm-zephyr-eabi/lib/thumb/v7e-m/nofp/libc.a(lib_a-findfp.o)
                0x000000000800db4c                __sinit
 .text._malloc_trim_r
                0x000000000800dc58       0x9c /home/dharm/zephyr-sdk-0.17.2/arm-zephyr-eabi/arm-zephyr-eabi/lib/thumb/v7e-m/nofp/libc.a(lib_a-freer.o)
                0x000000000800dc58                _malloc_trim_r
 .text._free_r  0x000000000800dcf4      0x1fc /home/dharm/zephyr-sdk-0.17.2/arm-zephyr-eabi/arm-zephyr-eabi/lib/thumb/v7e-m/nofp/libc.a(lib_a-freer.o)
                0x000000000800dcf4                _free_r
 .text._fwalk_reent
                0x000000000800def0       0x48 /home/dharm/zephyr-sdk-0.17.2/arm-zephyr-eabi/arm-zephyr-eabi/lib/thumb/v7e-m/nofp/libc.a(lib_a-fwalk.o)
                0x000000000800def0                _fwalk_reent
 .text._localeconv_r
                0x000000000800df38        0x8 /home/dharm/zephyr-sdk-0.17.2/arm-zephyr-eabi/arm-zephyr-eabi/lib/thumb/v7e-m/nofp/libc.a(lib_a-localeconv.o)
                0x000000000800df38                _localeconv_r
 .text.__smakebuf_r
                0x000000000800df40       0xc4 /home/dharm/zephyr-sdk-0.17.2/arm-zephyr-eabi/arm-zephyr-eabi/lib/thumb/v7e-m/nofp/libc.a(lib_a-makebuf.o)
                0x000000000800df40                __smakebuf_r
 .text._Balloc  0x000000000800e004       0x4c /home/dharm/zephyr-sdk-0.17.2/arm-zephyr-eabi/arm-zephyr-eabi/lib/thumb/v7e-m/nofp/libc.a(lib_a-mprec.o)
                0x000000000800e004                _Balloc
 .text._Bfree   0x000000000800e050       0x14 /home/dharm/zephyr-sdk-0.17.2/arm-zephyr-eabi/arm-zephyr-eabi/lib/thumb/v7e-m/nofp/libc.a(lib_a-mprec.o)
                0x000000000800e050                _Bfree
 .text.__multadd
                0x000000000800e064       0xa0 /home/dharm/zephyr-sdk-0.17.2/arm-zephyr-eabi/arm-zephyr-eabi/lib/thumb/v7e-m/nofp/libc.a(lib_a-mprec.o)
                0x000000000800e064                __multadd
 .text.__hi0bits
                0x000000000800e104       0x44 /home/dharm/zephyr-sdk-0.17.2/arm-zephyr-eabi/arm-zephyr-eabi/lib/thumb/v7e-m/nofp/libc.a(lib_a-mprec.o)
                0x000000000800e104                __hi0bits
 .text.__lo0bits
                0x000000000800e148       0x60 /home/dharm/zephyr-sdk-0.17.2/arm-zephyr-eabi/arm-zephyr-eabi/lib/thumb/v7e-m/nofp/libc.a(lib_a-mprec.o)
                0x000000000800e148                __lo0bits
 .text.__i2b    0x000000000800e1a8       0x5c /home/dharm/zephyr-sdk-0.17.2/arm-zephyr-eabi/arm-zephyr-eabi/lib/thumb/v7e-m/nofp/libc.a(lib_a-mprec.o)
                0x000000000800e1a8                __i2b
 .text.__multiply
                0x000000000800e204      0x16c /home/dharm/zephyr-sdk-0.17.2/arm-zephyr-eabi/arm-zephyr-eabi/lib/thumb/v7e-m/nofp/libc.a(lib_a-mprec.o)
                0x000000000800e204                __multiply
 .text.__pow5mult
                0x000000000800e370       0xb4 /home/dharm/zephyr-sdk-0.17.2/arm-zephyr-eabi/arm-zephyr-eabi/lib/thumb/v7e-m/nofp/libc.a(lib_a-mprec.o)
                0x000000000800e370                __pow5mult
 .text.__lshift
                0x000000000800e424       0xf0 /home/dharm/zephyr-sdk-0.17.2/arm-zephyr-eabi/arm-zephyr-eabi/lib/thumb/v7e-m/nofp/libc.a(lib_a-mprec.o)
                0x000000000800e424                __lshift
 .text.__mcmp   0x000000000800e514       0x40 /home/dharm/zephyr-sdk-0.17.2/arm-zephyr-eabi/arm-zephyr-eabi/lib/thumb/v7e-m/nofp/libc.a(lib_a-mprec.o)
                0x000000000800e514                __mcmp
 .text.__mdiff  0x000000000800e554      0x164 /home/dharm/zephyr-sdk-0.17.2/arm-zephyr-eabi/arm-zephyr-eabi/lib/thumb/v7e-m/nofp/libc.a(lib_a-mprec.o)
                0x000000000800e554                __mdiff
 .text.__d2b    0x000000000800e6b8       0xbc /home/dharm/zephyr-sdk-0.17.2/arm-zephyr-eabi/arm-zephyr-eabi/lib/thumb/v7e-m/nofp/libc.a(lib_a-mprec.o)
                0x000000000800e6b8                __d2b
 .text.frexp    0x000000000800e774       0x70 /home/dharm/zephyr-sdk-0.17.2/arm-zephyr-eabi/arm-zephyr-eabi/lib/thumb/v7e-m/nofp/libc.a(lib_a-s_frexp.o)
                0x000000000800e774                frexp
 .text.__sread  0x000000000800e7e4       0x24 /home/dharm/zephyr-sdk-0.17.2/arm-zephyr-eabi/arm-zephyr-eabi/lib/thumb/v7e-m/nofp/libc.a(lib_a-stdio.o)
                0x000000000800e7e4                __sread
 .text.__swrite
                0x000000000800e808       0x40 /home/dharm/zephyr-sdk-0.17.2/arm-zephyr-eabi/arm-zephyr-eabi/lib/thumb/v7e-m/nofp/libc.a(lib_a-stdio.o)
                0x000000000800e808                __swrite
 .text.__sseek  0x000000000800e848       0x24 /home/dharm/zephyr-sdk-0.17.2/arm-zephyr-eabi/arm-zephyr-eabi/lib/thumb/v7e-m/nofp/libc.a(lib_a-stdio.o)
                0x000000000800e848                __sseek
 .text.__sclose
                0x000000000800e86c        0x8 /home/dharm/zephyr-sdk-0.17.2/arm-zephyr-eabi/arm-zephyr-eabi/lib/thumb/v7e-m/nofp/libc.a(lib_a-stdio.o)
                0x000000000800e86c                __sclose
 .text.__ssprint_r
                0x000000000800e874      0x108 /home/dharm/zephyr-sdk-0.17.2/arm-zephyr-eabi/arm-zephyr-eabi/lib/thumb/v7e-m/nofp/libc.a(lib_a-svfiprintf.o)
                0x000000000800e874                __ssprint_r
 .text._vfiprintf_r
                0x000000000800e97c      0xd98 /home/dharm/zephyr-sdk-0.17.2/arm-zephyr-eabi/arm-zephyr-eabi/lib/thumb/v7e-m/nofp/libc.a(lib_a-vfiprintf.o)
                0x000000000800e97c                _vfiprintf_r
 .text.__sbprintf
                0x000000000800f714       0x80 /home/dharm/zephyr-sdk-0.17.2/arm-zephyr-eabi/arm-zephyr-eabi/lib/thumb/v7e-m/nofp/libc.a(lib_a-vfiprintf.o)
 .text._write_r
                0x000000000800f794       0x2c /home/dharm/zephyr-sdk-0.17.2/arm-zephyr-eabi/arm-zephyr-eabi/lib/thumb/v7e-m/nofp/libc.a(lib_a-writer.o)
                0x000000000800f794                _write_r
 .text.__assert_func
                0x000000000800f7c0       0x40 /home/dharm/zephyr-sdk-0.17.2/arm-zephyr-eabi/arm-zephyr-eabi/lib/thumb/v7e-m/nofp/libc.a(lib_a-assert.o)
                0x000000000800f7c0                __assert_func
 .text._calloc_r
                0x000000000800f800       0x60 /home/dharm/zephyr-sdk-0.17.2/arm-zephyr-eabi/arm-zephyr-eabi/lib/thumb/v7e-m/nofp/libc.a(lib_a-callocr.o)
                0x000000000800f800                _calloc_r
 .text._close_r
                0x000000000800f860       0x24 /home/dharm/zephyr-sdk-0.17.2/arm-zephyr-eabi/arm-zephyr-eabi/lib/thumb/v7e-m/nofp/libc.a(lib_a-closer.o)
                0x000000000800f860                _close_r
 .text.fiprintf
                0x000000000800f884       0x28 /home/dharm/zephyr-sdk-0.17.2/arm-zephyr-eabi/arm-zephyr-eabi/lib/thumb/v7e-m/nofp/libc.a(lib_a-fiprintf.o)
                0x000000000800f884                fiprintf
 .text._fstat_r
                0x000000000800f8ac       0x2c /home/dharm/zephyr-sdk-0.17.2/arm-zephyr-eabi/arm-zephyr-eabi/lib/thumb/v7e-m/nofp/libc.a(lib_a-fstatr.o)
                0x000000000800f8ac                _fstat_r
 .text.__sfvwrite_r
                0x000000000800f8d8      0x2f8 /home/dharm/zephyr-sdk-0.17.2/arm-zephyr-eabi/arm-zephyr-eabi/lib/thumb/v7e-m/nofp/libc.a(lib_a-fvwrite.o)
                0x000000000800f8d8                __sfvwrite_r
 .text._isatty_r
                0x000000000800fbd0       0x24 /home/dharm/zephyr-sdk-0.17.2/arm-zephyr-eabi/arm-zephyr-eabi/lib/thumb/v7e-m/nofp/libc.a(lib_a-isattyr.o)
                0x000000000800fbd0                _isatty_r
 .text._lseek_r
                0x000000000800fbf4       0x2c /home/dharm/zephyr-sdk-0.17.2/arm-zephyr-eabi/arm-zephyr-eabi/lib/thumb/v7e-m/nofp/libc.a(lib_a-lseekr.o)
                0x000000000800fbf4                _lseek_r
 .text.__ascii_mbtowc
                0x000000000800fc20       0x2c /home/dharm/zephyr-sdk-0.17.2/arm-zephyr-eabi/arm-zephyr-eabi/lib/thumb/v7e-m/nofp/libc.a(lib_a-mbtowc_r.o)
                0x000000000800fc20                __ascii_mbtowc
 .text._read_r  0x000000000800fc4c       0x2c /home/dharm/zephyr-sdk-0.17.2/arm-zephyr-eabi/arm-zephyr-eabi/lib/thumb/v7e-m/nofp/libc.a(lib_a-readr.o)
                0x000000000800fc4c                _read_r
 .text.__ascii_wctomb
                0x000000000800fc78       0x1c /home/dharm/zephyr-sdk-0.17.2/arm-zephyr-eabi/arm-zephyr-eabi/lib/thumb/v7e-m/nofp/libc.a(lib_a-wctomb_r.o)
                0x000000000800fc78                __ascii_wctomb
 .text._OffsetAbsSyms
                0x000000000800fc94        0x2 zephyr/CMakeFiles/offsets.dir/./arch/arm/core/offsets/offsets.c.obj
                0x000000000800fc94                _OffsetAbsSyms
 .text.chunk_size
                0x000000000800fc96        0xa zephyr/libzephyr.a(heap.c.obj)
 .text.free_list_add
                0x000000000800fca0       0x4e zephyr/libzephyr.a(heap.c.obj)
 .text.sys_heap_init
                0x000000000800fcee       0x7a zephyr/libzephyr.a(heap.c.obj)
                0x000000000800fcee                sys_heap_init
 .text.cbpprintf_external
                0x000000000800fd68       0x62 zephyr/libzephyr.a(cbprintf_packaged.c.obj)
                0x000000000800fd68                cbpprintf_external
 .text.is_ptr   0x000000000800fdca       0x4a zephyr/libzephyr.a(cbprintf_packaged.c.obj)
                0x000000000800fdca                is_ptr
 .text.timespec_add
                0x000000000800fe14       0x60 zephyr/libzephyr.a(clock.c.obj)
 .text.arch_printk_char_out
                0x000000000800fe74        0x4 zephyr/libzephyr.a(printk.c.obj)
                0x000000000800fe74                arch_printk_char_out
 .text.str_out  0x000000000800fe78       0x24 zephyr/libzephyr.a(printk.c.obj)
 .text.printk   0x000000000800fe9c       0x1a zephyr/libzephyr.a(printk.c.obj)
                0x000000000800fe9c                printk
 .text.snprintk
                0x000000000800feb6       0x1a zephyr/libzephyr.a(printk.c.obj)
                0x000000000800feb6                snprintk
 .text.z_thread_entry
                0x000000000800fed0       0x14 zephyr/libzephyr.a(thread_entry.c.obj)
                0x000000000800fed0                z_thread_entry
 .text.stdinout_read_vmeth
                0x000000000800fee4        0x4 zephyr/libzephyr.a(fdtable.c.obj)
 .text.stdinout_ioctl_vmeth
                0x000000000800fee8       0x10 zephyr/libzephyr.a(fdtable.c.obj)
 .text.stdinout_write_vmeth
                0x000000000800fef8        0x8 zephyr/libzephyr.a(fdtable.c.obj)
 .text.zvfs_fdtable_call_ioctl
                0x000000000800ff00       0x1e zephyr/libzephyr.a(fdtable.c.obj)
 .text.k_mutex_lock.constprop.0.isra.0
                0x000000000800ff1e        0x4 zephyr/libzephyr.a(fdtable.c.obj)
 .text.k_mutex_unlock.isra.0
                0x000000000800ff22        0x4 zephyr/libzephyr.a(fdtable.c.obj)
 .text.zvfs_read
                0x000000000800ff26       0x10 zephyr/libzephyr.a(fdtable.c.obj)
                0x000000000800ff26                zvfs_read
 .text.zvfs_write
                0x000000000800ff36       0x10 zephyr/libzephyr.a(fdtable.c.obj)
                0x000000000800ff36                zvfs_write
 .text.outs     0x000000000800ff46       0x2e zephyr/libzephyr.a(cbprintf_complete.c.obj)
 .text.free_space
                0x000000000800ff74       0x26 zephyr/libzephyr.a(mpsc_pbuf.c.obj)
 .text.get_usage
                0x000000000800ff9a       0x22 zephyr/libzephyr.a(mpsc_pbuf.c.obj)
 .text.idx_inc  0x000000000800ffbc       0x1c zephyr/libzephyr.a(mpsc_pbuf.c.obj)
 .text.rd_idx_inc
                0x000000000800ffd8       0x18 zephyr/libzephyr.a(mpsc_pbuf.c.obj)
 .text.add_skip_item
                0x000000000800fff0       0x3a zephyr/libzephyr.a(mpsc_pbuf.c.obj)
 .text.drop_item_locked
                0x000000000801002a      0x100 zephyr/libzephyr.a(mpsc_pbuf.c.obj)
 .text.post_drop_action
                0x000000000801012a       0x36 zephyr/libzephyr.a(mpsc_pbuf.c.obj)
 .text.max_utilization_update
                0x0000000008010160       0x1a zephyr/libzephyr.a(mpsc_pbuf.c.obj)
 .text.mpsc_pbuf_init
                0x000000000801017a       0x42 zephyr/libzephyr.a(mpsc_pbuf.c.obj)
                0x000000000801017a                mpsc_pbuf_init
 .text.mpsc_pbuf_alloc
                0x00000000080101bc       0xfe zephyr/libzephyr.a(mpsc_pbuf.c.obj)
                0x00000000080101bc                mpsc_pbuf_alloc
 .text.mpsc_pbuf_commit
                0x00000000080102ba       0x3e zephyr/libzephyr.a(mpsc_pbuf.c.obj)
                0x00000000080102ba                mpsc_pbuf_commit
 .text.mpsc_pbuf_claim
                0x00000000080102f8       0xa8 zephyr/libzephyr.a(mpsc_pbuf.c.obj)
                0x00000000080102f8                mpsc_pbuf_claim
 .text.mpsc_pbuf_free
                0x00000000080103a0       0x76 zephyr/libzephyr.a(mpsc_pbuf.c.obj)
                0x00000000080103a0                mpsc_pbuf_free
 .text.mpsc_pbuf_is_pending
                0x0000000008010416       0x32 zephyr/libzephyr.a(mpsc_pbuf.c.obj)
                0x0000000008010416                mpsc_pbuf_is_pending
 .text.timeutil_timegm
                0x0000000008010448       0x18 zephyr/libzephyr.a(timeutil.c.obj)
                0x0000000008010448                timeutil_timegm
 .text.ring_buf_area_claim
                0x0000000008010460       0x30 zephyr/libzephyr.a(ring_buffer.c.obj)
                0x0000000008010460                ring_buf_area_claim
 .text.ring_buf_put_claim
                0x0000000008010490       0x1e zephyr/libzephyr.a(ring_buffer.c.obj)
 .text.ring_buf_get_claim
                0x00000000080104ae       0x1e zephyr/libzephyr.a(ring_buffer.c.obj)
 .text.ring_buf_area_finish
                0x00000000080104cc       0x32 zephyr/libzephyr.a(ring_buffer.c.obj)
                0x00000000080104cc                ring_buf_area_finish
 .text.ring_buf_put
                0x00000000080104fe       0x40 zephyr/libzephyr.a(ring_buffer.c.obj)
                0x00000000080104fe                ring_buf_put
 .text.ring_buf_get
                0x000000000801053e       0x44 zephyr/libzephyr.a(ring_buffer.c.obj)
                0x000000000801053e                ring_buf_get
 .text._ConfigAbsSyms
                0x0000000008010582        0x2 zephyr/libzephyr.a(configs.c.obj)
                0x0000000008010582                _ConfigAbsSyms
 .text.log_msg_generic_get_wlen
                0x0000000008010584       0x20 zephyr/libzephyr.a(log_core.c.obj)
 .text.dummy_timestamp
                0x00000000080105a4        0x4 zephyr/libzephyr.a(log_core.c.obj)
 .text.atomic_inc
                0x00000000080105a8       0x1a zephyr/libzephyr.a(log_core.c.obj)
 .text.default_lf_get_timestamp
                0x00000000080105c2       0x10 zephyr/libzephyr.a(log_core.c.obj)
 .text.z_log_vprintk
                0x00000000080105d2       0x1c zephyr/libzephyr.a(log_core.c.obj)
                0x00000000080105d2                z_log_vprintk
 .text.z_log_notify_drop
                0x00000000080105ee        0x6 zephyr/libzephyr.a(log_core.c.obj)
 .text.z_log_get_tag
                0x00000000080105f4        0x4 zephyr/libzephyr.a(log_core.c.obj)
                0x00000000080105f4                z_log_get_tag
 .text.z_impl_log_filter_set
                0x00000000080105f8       0x10 zephyr/libzephyr.a(log_mgmt.c.obj)
                0x00000000080105f8                z_impl_log_filter_set
 .text.log_backend_enable
                0x0000000008010608       0x22 zephyr/libzephyr.a(log_mgmt.c.obj)
                0x0000000008010608                log_backend_enable
 .text.log_backend_disable
                0x000000000801062a       0x18 zephyr/libzephyr.a(log_mgmt.c.obj)
                0x000000000801062a                log_backend_disable
 .text.z_cbprintf_cpy
                0x0000000008010642       0x2e zephyr/libzephyr.a(log_msg.c.obj)
 .text.z_log_msg_finalize
                0x0000000008010670       0x32 zephyr/libzephyr.a(log_msg.c.obj)
                0x0000000008010670                z_log_msg_finalize
 .text.z_log_msg_simple_create
                0x00000000080106a2       0x6e zephyr/libzephyr.a(log_msg.c.obj)
 .text.z_impl_z_log_msg_simple_create_0
                0x0000000008010710       0x12 zephyr/libzephyr.a(log_msg.c.obj)
                0x0000000008010710                z_impl_z_log_msg_simple_create_0
 .text.z_impl_z_log_msg_simple_create_1
                0x0000000008010722       0x14 zephyr/libzephyr.a(log_msg.c.obj)
                0x0000000008010722                z_impl_z_log_msg_simple_create_1
 .text.log_output_write
                0x0000000008010736       0x1c zephyr/libzephyr.a(log_output.c.obj)
 .text.log_output_flush
                0x0000000008010752       0x1a zephyr/libzephyr.a(log_output.c.obj)
 .text.cbvprintf
                0x000000000801076c        0xe zephyr/libzephyr.a(log_output.c.obj)
 .text.out_func
                0x000000000801077a       0x36 zephyr/libzephyr.a(log_output.c.obj)
 .text.cr_out_func
                0x00000000080107b0       0x1c zephyr/libzephyr.a(log_output.c.obj)
 .text.log_output_msg_process
                0x00000000080107cc       0x6a zephyr/libzephyr.a(log_output.c.obj)
                0x00000000080107cc                log_output_msg_process
 .text.thread_valid_cb
                0x0000000008010836        0xc zephyr/libzephyr.a(thread.c.obj)
 .text.cmd_date_get
                0x0000000008010842       0x24 zephyr/libzephyr.a(date_service.c.obj)
 .text.log_msg_generic_get_wlen
                0x0000000008010866       0x20 zephyr/libzephyr.a(shell_uart.c.obj)
 .text.uart_irq_tx_disable
                0x0000000008010886        0xa zephyr/libzephyr.a(shell_uart.c.obj)
 .text.enable   0x0000000008010890       0x12 zephyr/libzephyr.a(shell_uart.c.obj)
 .text.read_uart
                0x00000000080108a2       0x12 zephyr/libzephyr.a(shell_uart.c.obj)
 .text.uninit   0x00000000080108b4       0x20 zephyr/libzephyr.a(shell_uart.c.obj)
 .text.write_uart
                0x00000000080108d4       0x6c zephyr/libzephyr.a(shell_uart.c.obj)
 .text.cmd_buffer_clear
                0x0000000008010940       0x16 zephyr/libzephyr.a(shell.c.obj)
 .text.atomic_or
                0x0000000008010956       0x1e zephyr/libzephyr.a(shell.c.obj)
 .text.atomic_and
                0x0000000008010974       0x1e zephyr/libzephyr.a(shell.c.obj)
 .text.k_mutex_lock
                0x0000000008010992        0x4 zephyr/libzephyr.a(shell.c.obj)
 .text.shell_signal_handle
                0x0000000008010996       0x2c zephyr/libzephyr.a(shell.c.obj)
 .text.z_shell_raw_fprintf
                0x00000000080109c2       0x1a zephyr/libzephyr.a(shell.c.obj)
 .text.z_shell_strlen
                0x00000000080109dc        0xc zephyr/libzephyr.a(shell.c.obj)
 .text.transport_evt_handler
                0x00000000080109e8       0x14 zephyr/libzephyr.a(shell.c.obj)
 .text.kill_handler
                0x00000000080109fc       0x4c zephyr/libzephyr.a(shell.c.obj)
 .text.z_flag_cmd_ctx_set.isra.0
                0x0000000008010a48       0x16 zephyr/libzephyr.a(shell.c.obj)
 .text.z_flag_history_exit_set.isra.0
                0x0000000008010a5e       0x14 zephyr/libzephyr.a(shell.c.obj)
 .text.z_flag_insert_mode_set.isra.0
                0x0000000008010a72       0x1e zephyr/libzephyr.a(shell.c.obj)
 .text.k_mutex_unlock.isra.0
                0x0000000008010a90        0x4 zephyr/libzephyr.a(shell.c.obj)
 .text.shell_log_process
                0x0000000008010a94       0x48 zephyr/libzephyr.a(shell.c.obj)
 .text.shell_start
                0x0000000008010adc       0x6e zephyr/libzephyr.a(shell.c.obj)
                0x0000000008010adc                shell_start
 .text.shell_vfprintf
                0x0000000008010b4a       0x8c zephyr/libzephyr.a(shell.c.obj)
                0x0000000008010b4a                shell_vfprintf
 .text.shell_fprintf_impl
                0x0000000008010bd6       0x1a zephyr/libzephyr.a(shell.c.obj)
                0x0000000008010bd6                shell_fprintf_impl
 .text.shell_fprintf_normal
                0x0000000008010bf0       0x1c zephyr/libzephyr.a(shell.c.obj)
                0x0000000008010bf0                shell_fprintf_normal
 .text.shell_fprintf_warn
                0x0000000008010c0c       0x1c zephyr/libzephyr.a(shell.c.obj)
                0x0000000008010c0c                shell_fprintf_warn
 .text.shell_fprintf_error
                0x0000000008010c28       0x1c zephyr/libzephyr.a(shell.c.obj)
                0x0000000008010c28                shell_fprintf_error
 .text.shell_prompt_change
                0x0000000008010c44       0x5c zephyr/libzephyr.a(shell.c.obj)
                0x0000000008010c44                shell_prompt_change
 .text.shell_help
                0x0000000008010ca0       0x2c zephyr/libzephyr.a(shell.c.obj)
                0x0000000008010ca0                shell_help
 .text.shell_get_return_value
                0x0000000008010ccc       0x10 zephyr/libzephyr.a(shell.c.obj)
                0x0000000008010ccc                shell_get_return_value
 .text.shell_set_bypass
                0x0000000008010cdc        0xc zephyr/libzephyr.a(shell.c.obj)
                0x0000000008010cdc                shell_set_bypass
 .text.z_shell_fprintf_buffer_flush
                0x0000000008010ce8       0x18 zephyr/libzephyr.a(shell_fprintf.c.obj)
                0x0000000008010ce8                z_shell_fprintf_buffer_flush
 .text.out_func
                0x0000000008010d00       0x3c zephyr/libzephyr.a(shell_fprintf.c.obj)
 .text.z_shell_strlen
                0x0000000008010d3c        0xc zephyr/libzephyr.a(shell_utils.c.obj)
 .text.z_column_span_with_buffer_offsets_get
                0x0000000008010d48       0x1e zephyr/libzephyr.a(shell_utils.c.obj)
                0x0000000008010d48                z_column_span_with_buffer_offsets_get
 .text.z_row_span_with_buffer_offsets_get
                0x0000000008010d66       0x16 zephyr/libzephyr.a(shell_utils.c.obj)
                0x0000000008010d66                z_row_span_with_buffer_offsets_get
 .text.z_shell_multiline_data_calc
                0x0000000008010d7c       0x2c zephyr/libzephyr.a(shell_utils.c.obj)
                0x0000000008010d7c                z_shell_multiline_data_calc
 .text.z_shell_pattern_remove
                0x0000000008010da8       0x4e zephyr/libzephyr.a(shell_utils.c.obj)
                0x0000000008010da8                z_shell_pattern_remove
 .text.z_shell_find_cmd
                0x0000000008010df6       0x56 zephyr/libzephyr.a(shell_utils.c.obj)
                0x0000000008010df6                z_shell_find_cmd
 .text.z_shell_get_last_command
                0x0000000008010e4c       0x5c zephyr/libzephyr.a(shell_utils.c.obj)
                0x0000000008010e4c                z_shell_get_last_command
 .text.shell_strtoul
                0x0000000008010ea8       0x58 zephyr/libzephyr.a(shell_utils.c.obj)
                0x0000000008010ea8                shell_strtoul
 .text.z_shell_raw_fprintf
                0x0000000008010f00       0x1a zephyr/libzephyr.a(shell_ops.c.obj)
 .text.full_line_cmd.isra.0
                0x0000000008010f1a       0x24 zephyr/libzephyr.a(shell_ops.c.obj)
 .text.z_shell_cursor_in_empty_line
                0x0000000008010f3e       0x2e zephyr/libzephyr.a(shell_ops.c.obj)
                0x0000000008010f3e                z_shell_cursor_in_empty_line
 .text.z_shell_op_cond_next_line
                0x0000000008010f6c       0x1e zephyr/libzephyr.a(shell_ops.c.obj)
                0x0000000008010f6c                z_shell_op_cond_next_line
 .text.z_shell_op_cursor_position_synchronize
                0x0000000008010f8a       0x4a zephyr/libzephyr.a(shell_ops.c.obj)
                0x0000000008010f8a                z_shell_op_cursor_position_synchronize
 .text.z_shell_op_cursor_move
                0x0000000008010fd4       0x52 zephyr/libzephyr.a(shell_ops.c.obj)
                0x0000000008010fd4                z_shell_op_cursor_move
 .text.z_shell_op_cursor_home_move
                0x0000000008011026        0xe zephyr/libzephyr.a(shell_ops.c.obj)
                0x0000000008011026                z_shell_op_cursor_home_move
 .text.z_shell_op_cursor_end_move
                0x0000000008011034       0x12 zephyr/libzephyr.a(shell_ops.c.obj)
                0x0000000008011034                z_shell_op_cursor_end_move
 .text.z_shell_op_left_arrow
                0x0000000008011046       0x12 zephyr/libzephyr.a(shell_ops.c.obj)
                0x0000000008011046                z_shell_op_left_arrow
 .text.z_shell_op_right_arrow
                0x0000000008011058       0x16 zephyr/libzephyr.a(shell_ops.c.obj)
                0x0000000008011058                z_shell_op_right_arrow
 .text.z_shell_op_delete_from_cursor
                0x000000000801106e       0x1c zephyr/libzephyr.a(shell_ops.c.obj)
                0x000000000801106e                z_shell_op_delete_from_cursor
 .text.z_shell_cmd_line_erase
                0x000000000801108a       0x38 zephyr/libzephyr.a(shell_ops.c.obj)
                0x000000000801108a                z_shell_cmd_line_erase
 .text.z_shell_write
                0x00000000080110c2       0x88 zephyr/libzephyr.a(shell_ops.c.obj)
                0x00000000080110c2                z_shell_write
 .text.z_shell_print_stream
                0x000000000801114a        0x4 zephyr/libzephyr.a(shell_ops.c.obj)
                0x000000000801114a                z_shell_print_stream
 .text.z_shell_vfprintf
                0x000000000801114e       0x4a zephyr/libzephyr.a(shell_ops.c.obj)
                0x000000000801114e                z_shell_vfprintf
 .text.z_shell_fprintf
                0x0000000008011198       0x1a zephyr/libzephyr.a(shell_ops.c.obj)
                0x0000000008011198                z_shell_fprintf
 .text.data_insert
                0x00000000080111b2       0x74 zephyr/libzephyr.a(shell_ops.c.obj)
 .text.z_shell_op_completion_insert
                0x0000000008011226        0x4 zephyr/libzephyr.a(shell_ops.c.obj)
                0x0000000008011226                z_shell_op_completion_insert
 .text.z_shell_op_char_delete
                0x000000000801122a       0x3e zephyr/libzephyr.a(shell_ops.c.obj)
                0x000000000801122a                z_shell_op_char_delete
 .text.z_shell_op_char_backspace
                0x0000000008011268       0x26 zephyr/libzephyr.a(shell_ops.c.obj)
                0x0000000008011268                z_shell_op_char_backspace
 .text.z_shell_backend_rx_buffer_flush
                0x000000000801128e       0x2a zephyr/libzephyr.a(shell_ops.c.obj)
                0x000000000801128e                z_shell_backend_rx_buffer_flush
 .text.process_msg_from_buffer
                0x00000000080112b8       0x34 zephyr/libzephyr.a(shell_log_backend.c.obj)
 .text.dropped  0x00000000080112ec       0x38 zephyr/libzephyr.a(shell_log_backend.c.obj)
 .text.process  0x0000000008011324      0x124 zephyr/libzephyr.a(shell_log_backend.c.obj)
 .text.z_shell_log_backend_output_func
                0x0000000008011448       0x14 zephyr/libzephyr.a(shell_log_backend.c.obj)
                0x0000000008011448                z_shell_log_backend_output_func
 .text.z_shell_log_backend_enable
                0x000000000801145c       0x2e zephyr/libzephyr.a(shell_log_backend.c.obj)
                0x000000000801145c                z_shell_log_backend_enable
 .text.z_shell_log_backend_disable
                0x000000000801148a       0x12 zephyr/libzephyr.a(shell_log_backend.c.obj)
                0x000000000801148a                z_shell_log_backend_disable
 .text.panic    0x000000000801149c       0x74 zephyr/libzephyr.a(shell_log_backend.c.obj)
 .text.z_shell_log_backend_process
                0x0000000008011510       0x66 zephyr/libzephyr.a(shell_log_backend.c.obj)
                0x0000000008011510                z_shell_log_backend_process
 .text.z_shell_raw_fprintf
                0x0000000008011576       0x1a zephyr/libzephyr.a(shell_help.c.obj)
 .text.cmd_comment
                0x0000000008011590        0x4 zephyr/libzephyr.a(shell_cmds.c.obj)
 .text.cmd_shell_stats_reset
                0x0000000008011594        0x8 zephyr/libzephyr.a(shell_cmds.c.obj)
 .text.z_shell_raw_fprintf
                0x000000000801159c       0x1a zephyr/libzephyr.a(shell_cmds.c.obj)
 .text.cmd_prompt_on
                0x00000000080115b6        0xc zephyr/libzephyr.a(shell_cmds.c.obj)
 .text.cmd_vt100_off
                0x00000000080115c2       0x22 zephyr/libzephyr.a(shell_cmds.c.obj)
 .text.cmd_bacskpace_mode_delete
                0x00000000080115e4       0x22 zephyr/libzephyr.a(shell_cmds.c.obj)
 .text.cmd_colors_off
                0x0000000008011606       0x22 zephyr/libzephyr.a(shell_cmds.c.obj)
 .text.cmd_bacskpace_mode_backspace
                0x0000000008011628       0x22 zephyr/libzephyr.a(shell_cmds.c.obj)
 .text.cmd_echo_off
                0x000000000801164a       0x22 zephyr/libzephyr.a(shell_cmds.c.obj)
 .text.cmd_colors_on
                0x000000000801166c       0x22 zephyr/libzephyr.a(shell_cmds.c.obj)
 .text.cmd_vt100_on
                0x000000000801168e       0x22 zephyr/libzephyr.a(shell_cmds.c.obj)
 .text.cmd_echo_on
                0x00000000080116b0       0x22 zephyr/libzephyr.a(shell_cmds.c.obj)
 .text.remove_from_tail.part.0
                0x00000000080116d2       0x24 zephyr/libzephyr.a(shell_history.c.obj)
 .text.z_shell_history_mode_exit
                0x00000000080116f6        0x6 zephyr/libzephyr.a(shell_history.c.obj)
                0x00000000080116f6                z_shell_history_mode_exit
 .text.z_shell_history_get
                0x00000000080116fc       0x56 zephyr/libzephyr.a(shell_history.c.obj)
                0x00000000080116fc                z_shell_history_get
 .text.z_shell_history_purge
                0x0000000008011752       0x18 zephyr/libzephyr.a(shell_history.c.obj)
                0x0000000008011752                z_shell_history_purge
 .text.z_shell_history_put
                0x000000000801176a       0xf0 zephyr/libzephyr.a(shell_history.c.obj)
                0x000000000801176a                z_shell_history_put
 .text.z_shell_history_init
                0x000000000801185a        0xc zephyr/libzephyr.a(shell_history.c.obj)
                0x000000000801185a                z_shell_history_init
 .text.z_shell_has_wildcard
                0x0000000008011866       0x28 zephyr/libzephyr.a(shell_wildcard.c.obj)
                0x0000000008011866                z_shell_has_wildcard
 .text.z_shell_wildcard_prepare
                0x000000000801188e       0x42 zephyr/libzephyr.a(shell_wildcard.c.obj)
                0x000000000801188e                z_shell_wildcard_prepare
 .text.z_shell_wildcard_finalize
                0x00000000080118d0       0x20 zephyr/libzephyr.a(shell_wildcard.c.obj)
                0x00000000080118d0                z_shell_wildcard_finalize
 .text.z_do_kernel_oops
                0x00000000080118f0        0x8 zephyr/arch/arch/arm/core/libarch__arm__core.a(fatal.c.obj)
                0x00000000080118f0                z_do_kernel_oops
 .text.z_arm_nmi
                0x00000000080118f8        0xe zephyr/arch/arch/arm/core/libarch__arm__core.a(nmi.c.obj)
                0x00000000080118f8                z_arm_nmi
 .text.z_log_msg_simple_create_0.constprop.0
                0x0000000008011906        0x8 zephyr/arch/arch/arm/core/cortex_m/libarch__arm__core__cortex_m.a(fault.c.obj)
 .text.z_irq_spurious
                0x000000000801190e        0x8 zephyr/arch/arch/arm/core/cortex_m/libarch__arm__core__cortex_m.a(irq_manage.c.obj)
                0x000000000801190e                z_irq_spurious
 .text.arch_irq_unlock_outlined
                0x0000000008011916        0xe zephyr/arch/arch/arm/core/cortex_m/libarch__arm__core__cortex_m.a(thread.c.obj)
                0x0000000008011916                arch_irq_unlock_outlined
 .text.arch_cpu_idle
                0x0000000008011924       0x1a zephyr/arch/arch/arm/core/cortex_m/libarch__arm__core__cortex_m.a(cpu_idle.c.obj)
                0x0000000008011924                arch_cpu_idle
 .text.size_to_mpu_rasr_size
                0x000000000801193e       0x20 zephyr/arch/arch/arm/core/mpu/libarch__arm__core__mpu.a(arm_mpu.c.obj)
 .text.malloc_prepare
                0x000000000801195e        0x4 zephyr/lib/libc/newlib/liblib__libc__newlib.a(libc-hooks.c.obj)
 .text._stdout_hook_default
                0x0000000008011962        0x6 zephyr/lib/libc/newlib/liblib__libc__newlib.a(libc-hooks.c.obj)
 .text._isatty  0x0000000008011968        0xa zephyr/lib/libc/newlib/liblib__libc__newlib.a(libc-hooks.c.obj)
                0x0000000008011968                isatty
                0x0000000008011968                _isatty
 .text.__retarget_lock_init_recursive
                0x0000000008011972       0x14 zephyr/lib/libc/newlib/liblib__libc__newlib.a(libc-hooks.c.obj)
                0x0000000008011972                __retarget_lock_init_recursive
 .text.__retarget_lock_close_recursive
                0x0000000008011986        0x4 zephyr/lib/libc/newlib/liblib__libc__newlib.a(libc-hooks.c.obj)
                0x0000000008011986                __retarget_lock_close_recursive
 .text.__retarget_lock_acquire_recursive
                0x000000000801198a        0xc zephyr/lib/libc/newlib/liblib__libc__newlib.a(libc-hooks.c.obj)
                0x000000000801198a                __retarget_lock_acquire_recursive
 .text.__retarget_lock_release_recursive
                0x0000000008011996        0x4 zephyr/lib/libc/newlib/liblib__libc__newlib.a(libc-hooks.c.obj)
                0x0000000008011996                __retarget_lock_release_recursive
 .text.__errno  0x000000000801199a        0x4 zephyr/lib/libc/newlib/liblib__libc__newlib.a(libc-hooks.c.obj)
                0x000000000801199a                __errno
 .text.fnmatchx