Archive member included to satisfy reference by file (symbol)

app/libapp.a(main.c.obj)      (--whole-archive)
zephyr/libzephyr.a(heap.c.obj)
                              (--whole-archive)
zephyr/libzephyr.a(cbprintf_packaged.c.obj)
                              (--whole-archive)
zephyr/libzephyr.a(clock.c.obj)
                              (--whole-archive)
zephyr/libzephyr.a(printk.c.obj)
                              (--whole-archive)
zephyr/libzephyr.a(sem.c.obj)
                              (--whole-archive)
zephyr/libzephyr.a(thread_entry.c.obj)
                              (--whole-archive)
zephyr/libzephyr.a(cbprintf_complete.c.obj)
                              (--whole-archive)
zephyr/libzephyr.a(assert.c.obj)
                              (--whole-archive)
zephyr/libzephyr.a(mpsc_pbuf.c.obj)
                              (--whole-archive)
zephyr/libzephyr.a(dec.c.obj)
                              (--whole-archive)
zephyr/libzephyr.a(hex.c.obj)
                              (--whole-archive)
zephyr/libzephyr.a(rb.c.obj)  (--whole-archive)
zephyr/libzephyr.a(timeutil.c.obj)
                              (--whole-archive)
zephyr/libzephyr.a(bitarray.c.obj)
                              (--whole-archive)
zephyr/libzephyr.a(ring_buffer.c.obj)
                              (--whole-archive)
zephyr/libzephyr.a(last_section_id.c.obj)
                              (--whole-archive)
zephyr/libzephyr.a(configs.c.obj)
                              (--whole-archive)
zephyr/libzephyr.a(stm32cube_hal.c.obj)
                              (--whole-archive)
zephyr/libzephyr.a(soc_config.c.obj)
                              (--whole-archive)
zephyr/libzephyr.a(stm32_backup_domain.c.obj)
                              (--whole-archive)
zephyr/libzephyr.a(soc.c.obj)
                              (--whole-archive)
zephyr/libzephyr.a(log_core.c.obj)
                              (--whole-archive)
zephyr/libzephyr.a(log_mgmt.c.obj)
                              (--whole-archive)
zephyr/libzephyr.a(log_cache.c.obj)
                              (--whole-archive)
zephyr/libzephyr.a(log_msg.c.obj)
                              (--whole-archive)
zephyr/libzephyr.a(log_output.c.obj)
                              (--whole-archive)
zephyr/libzephyr.a(log_backend_uart.c.obj)
                              (--whole-archive)
zephyr/libzephyr.a(mem_attr.c.obj)
                              (--whole-archive)
zephyr/libzephyr.a(tracing_none.c.obj)
                              (--whole-archive)
zephyr/arch/common/libarch__common.a(sw_isr_common.c.obj)
                              (--whole-archive)
zephyr/arch/arch/arm/core/libarch__arm__core.a(fatal.c.obj)
                              (--whole-archive)
zephyr/arch/arch/arm/core/libarch__arm__core.a(nmi.c.obj)
                              (--whole-archive)
zephyr/arch/arch/arm/core/libarch__arm__core.a(nmi_on_reset.S.obj)
                              (--whole-archive)
zephyr/arch/arch/arm/core/libarch__arm__core.a(tls.c.obj)
                              (--whole-archive)
zephyr/arch/arch/arm/core/cortex_m/libarch__arm__core__cortex_m.a(exc_exit.c.obj)
                              (--whole-archive)
zephyr/arch/arch/arm/core/cortex_m/libarch__arm__core__cortex_m.a(fault.c.obj)
                              (--whole-archive)
zephyr/arch/arch/arm/core/cortex_m/libarch__arm__core__cortex_m.a(fault_s.S.obj)
                              (--whole-archive)
zephyr/arch/arch/arm/core/cortex_m/libarch__arm__core__cortex_m.a(fpu.c.obj)
                              (--whole-archive)
zephyr/arch/arch/arm/core/cortex_m/libarch__arm__core__cortex_m.a(reset.S.obj)
                              (--whole-archive)
zephyr/arch/arch/arm/core/cortex_m/libarch__arm__core__cortex_m.a(scb.c.obj)
                              (--whole-archive)
zephyr/arch/arch/arm/core/cortex_m/libarch__arm__core__cortex_m.a(thread_abort.c.obj)
                              (--whole-archive)
zephyr/arch/arch/arm/core/cortex_m/libarch__arm__core__cortex_m.a(vector_table.S.obj)
                              (--whole-archive)
zephyr/arch/arch/arm/core/cortex_m/libarch__arm__core__cortex_m.a(swap_helper.S.obj)
                              (--whole-archive)
zephyr/arch/arch/arm/core/cortex_m/libarch__arm__core__cortex_m.a(irq_manage.c.obj)
                              (--whole-archive)
zephyr/arch/arch/arm/core/cortex_m/libarch__arm__core__cortex_m.a(prep_c.c.obj)
                              (--whole-archive)
zephyr/arch/arch/arm/core/cortex_m/libarch__arm__core__cortex_m.a(thread.c.obj)
                              (--whole-archive)
zephyr/arch/arch/arm/core/cortex_m/libarch__arm__core__cortex_m.a(cpu_idle.c.obj)
                              (--whole-archive)
zephyr/arch/arch/arm/core/cortex_m/libarch__arm__core__cortex_m.a(irq_init.c.obj)
                              (--whole-archive)
zephyr/arch/arch/arm/core/cortex_m/libarch__arm__core__cortex_m.a(isr_wrapper.c.obj)
[...]
Memory Configuration

Name             Origin             Length             Attributes
FLASH            0x0000000008000000 0x0000000000100000 xr
RAM              0x0000000020000000 0x0000000000018000 xw
IDT_LIST         0x00000000ffff7fff 0x0000000000008000 xw
*default*        0x0000000000000000 0xffffffffffffffff

Linker script and memory map

                0x0000000008004510                vfprintf = __l_vfprintf
                0x0000000000000000                vfscanf = __l_vfscanf
LOAD zephyr/CMakeFiles/zephyr_final.dir/misc/empty_file.c.obj
LOAD zephyr/CMakeFiles/zephyr_final.dir/isr_tables.c.obj
LOAD zephyr/CMakeFiles/offsets.dir/./arch/arm/core/offsets/offsets.c.obj
LOAD app/libapp.a
LOAD zephyr/libzephyr.a
LOAD zephyr/arch/common/libarch__common.a
LOAD zephyr/arch/arch/arm/core/libarch__arm__core.a
LOAD zephyr/arch/arch/arm/core/cortex_m/libarch__arm__core__cortex_m.a
LOAD zephyr/arch/arch/arm/core/mpu/libarch__arm__core__mpu.a
LOAD zephyr/lib/libc/picolibc/liblib__libc__picolibc.a
LOAD zephyr/lib/libc/common/liblib__libc__common.a
LOAD zephyr/drivers/interrupt_controller/libdrivers__interrupt_controller.a
LOAD zephyr/drivers/clock_control/libdrivers__clock_control.a
LOAD zephyr/drivers/console/libdrivers__console.a
LOAD zephyr/drivers/gpio/libdrivers__gpio.a
LOAD zephyr/drivers/pinctrl/libdrivers__pinctrl.a
LOAD zephyr/drivers/reset/libdrivers__reset.a
LOAD zephyr/drivers/serial/libdrivers__serial.a
LOAD zephyr/drivers/timer/libdrivers__timer.a
LOAD modules/hal_stm32/stm32cube/lib..__modules__hal__stm32__stm32cube.a
LOAD zephyr/kernel/libkernel.a
LOAD zephyr/arch/common/libisr_tables.a
LOAD /home/dharm/zephyr-sdk-0.17.2/arm-zephyr-eabi/bin/../lib/gcc/../../picolibc/arm-zephyr-eabi/lib/thumb/v7e-m/nofp/libc.a
LOAD /home/dharm/zephyr-sdk-0.17.2/arm-zephyr-eabi/bin/../lib/gcc/arm-zephyr-eabi/12.2.0/thumb/v7e-m/nofp/libgcc.a
                0x0000000000000020                _region_min_align = 0x20

.rel.plt        0x0000000008000000        0x0
 *(SORT_BY_ALIGNMENT(.rel.plt))
                [!provide]                        PROVIDE (__rel_iplt_start = .)
 *(SORT_BY_ALIGNMENT(.rel.iplt))
 .rel.iplt      0x0000000008000000        0x0 zephyr/CMakeFiles/zephyr_final.dir/isr_tables.c.obj
                [!provide]                        PROVIDE (__rel_iplt_end = .)

.rela.plt       0x0000000000000000        0x0
 *(SORT_BY_ALIGNMENT(.rela.plt))
                [!provide]                        PROVIDE (__rela_iplt_start = .)
 *(SORT_BY_ALIGNMENT(.rela.iplt))
                [!provide]                        PROVIDE (__rela_iplt_end = .)

.rel.dyn
 *(SORT_BY_ALIGNMENT(.rel.*))

.rela.dyn
 *(SORT_BY_ALIGNMENT(.rela.*))

/DISCARD/
 *(SORT_BY_ALIGNMENT(.plt))

/DISCARD/
 *(SORT_BY_ALIGNMENT(.iplt))
                0x0000000008000000                __rom_region_start = 0x8000000

rom_start       0x0000000008000000      0x188
                0x0000000008000000                __rom_start_address = .
 FILL mask 0x00
                0x0000000008000000                . = (. + (0x0 - (. - __rom_start_address)))
                0x0000000008000000                . = ALIGN (0x4)
                0x0000000008000000                . = ALIGN (0x80)
                0x0000000008000000                . = ALIGN (0x200)
                0x0000000008000000                _vector_start = .
 *(SORT_BY_ALIGNMENT(.exc_vector_table))
 *(SORT_BY_ALIGNMENT(.exc_vector_table.*))
 .exc_vector_table._vector_table_section
                0x0000000008000000       0x40 zephyr/arch/arch/arm/core/cortex_m/libarch__arm__core__cortex_m.a(vector_table.S.obj)
                0x0000000008000000                _vector_table
 *(SORT_BY_ALIGNMENT(.vectors))
                0x0000000008000188                _vector_end = .
                0x0000000008000040                . = ALIGN (0x4)
 *(SORT_BY_ALIGNMENT(.gnu.linkonce.irq_vector_table*))
 .gnu.linkonce.irq_vector_table
                0x0000000008000040      0x148 zephyr/CMakeFiles/zephyr_final.dir/isr_tables.c.obj
                0x0000000008000040                _irq_vector_table
                0x0000000008000188                _vector_end = .

text            0x0000000008000188     0x5e48
                0x0000000008000188                __text_region_start = .
 *(SORT_BY_ALIGNMENT(.text))
 .text          0x0000000008000188       0x30 /home/dharm/zephyr-sdk-0.17.2/arm-zephyr-eabi/bin/../lib/gcc/arm-zephyr-eabi/12.2.0/thumb/v7e-m/nofp/libgcc.a(_aeabi_uldivmod.o)
                0x0000000008000188                __aeabi_uldivmod
 .text          0x00000000080001b8        0x4 /home/dharm/zephyr-sdk-0.17.2/arm-zephyr-eabi/bin/../lib/gcc/arm-zephyr-eabi/12.2.0/thumb/v7e-m/nofp/libgcc.a(_dvmd_tls.o)
                0x00000000080001b8                __aeabi_ldiv0
                0x00000000080001b8                __aeabi_idiv0
 .text          0x00000000080001bc       0x10 /home/dharm/zephyr-sdk-0.17.2/arm-zephyr-eabi/bin/../lib/gcc/../../picolibc/arm-zephyr-eabi/lib/thumb/v7e-m/nofp/libc.a(strlen.S.o)
                0x00000000080001bc                strlen
 .text          0x00000000080001cc      0x2a0 /home/dharm/zephyr-sdk-0.17.2/arm-zephyr-eabi/bin/../lib/gcc/arm-zephyr-eabi/12.2.0/thumb/v7e-m/nofp/libgcc.a(_udivmoddi4.o)
                0x00000000080001cc                __udivmoddi4
 *(SORT_BY_ALIGNMENT(.text.*))
 .text.main     0x000000000800046c       0xd8 app/libapp.a(main.c.obj)
                0x000000000800046c                main
 .text.cbvprintf_package
                0x0000000008000544      0x3a4 zephyr/libzephyr.a(cbprintf_packaged.c.obj)
                0x0000000008000544                cbvprintf_package
 .text.cbprintf_package_convert
                0x00000000080008e8      0x3cc zephyr/libzephyr.a(cbprintf_packaged.c.obj)
                0x00000000080008e8                cbprintf_package_convert
 .text.__printk_hook_install
                0x0000000008000cb4        0xc zephyr/libzephyr.a(printk.c.obj)
                0x0000000008000cb4                __printk_hook_install
 .text.z_thread_entry
                0x0000000008000cc0       0x34 zephyr/libzephyr.a(thread_entry.c.obj)
                0x0000000008000cc0                z_thread_entry
 .text.st_stm32_common_config
                0x0000000008000cf4       0x14 zephyr/libzephyr.a(soc_config.c.obj)
 .text.stm32_backup_domain_enable_access
                0x0000000008000d08       0x3c zephyr/libzephyr.a(stm32_backup_domain.c.obj)
                0x0000000008000d08                stm32_backup_domain_enable_access
 .text.stm32_backup_domain_disable_access
                0x0000000008000d44       0x60 zephyr/libzephyr.a(stm32_backup_domain.c.obj)
                0x0000000008000d44                stm32_backup_domain_disable_access
 .text.soc_early_init_hook
                0x0000000008000da4       0x30 zephyr/libzephyr.a(soc.c.obj)
                0x0000000008000da4                soc_early_init_hook
 .text.activate_foreach_backend
                0x0000000008000dd4       0x64 zephyr/libzephyr.a(log_core.c.obj)
 .text.enable_logger
                0x0000000008000e38       0x5c zephyr/libzephyr.a(log_core.c.obj)
 .text.log_process_thread_timer_expiry_fn
                0x0000000008000e94        0xc zephyr/libzephyr.a(log_core.c.obj)
 .text.z_log_init
                0x0000000008000ea0       0x94 zephyr/libzephyr.a(log_core.c.obj)
 .text.log_format_func_t_get
                0x0000000008000f34        0xc zephyr/libzephyr.a(log_core.c.obj)
                0x0000000008000f34                log_format_func_t_get
 .text.log_set_timestamp_func
                0x0000000008000f40       0x20 zephyr/libzephyr.a(log_core.c.obj)
                0x0000000008000f40                log_set_timestamp_func
 .text.z_log_notify_backend_enabled
                0x0000000008000f60       0x1c zephyr/libzephyr.a(log_core.c.obj)
                0x0000000008000f60                z_log_notify_backend_enabled
 .text.z_log_dropped
                0x0000000008000f7c       0x44 zephyr/libzephyr.a(log_core.c.obj)
                0x0000000008000f7c                z_log_dropped
 .text.z_log_dropped_read_and_clear
                0x0000000008000fc0       0x20 zephyr/libzephyr.a(log_core.c.obj)
                0x0000000008000fc0                z_log_dropped_read_and_clear
 .text.dropped_notify
                0x0000000008000fe0       0x30 zephyr/libzephyr.a(log_core.c.obj)
                0x0000000008000fe0                dropped_notify
 .text.z_log_msg_init
                0x0000000008001010       0x20 zephyr/libzephyr.a(log_core.c.obj)
                0x0000000008001010                z_log_msg_init
 .text.log_core_init
                0x0000000008001030       0x50 zephyr/libzephyr.a(log_core.c.obj)
                0x0000000008001030                log_core_init
 .text.z_log_msg_alloc
                0x0000000008001080       0x10 zephyr/libzephyr.a(log_core.c.obj)
                0x0000000008001080                z_log_msg_alloc
 .text.z_log_msg_local_claim
                0x0000000008001090        0xc zephyr/libzephyr.a(log_core.c.obj)
                0x0000000008001090                z_log_msg_local_claim
 .text.z_log_msg_free
                0x000000000800109c       0x10 zephyr/libzephyr.a(log_core.c.obj)
                0x000000000800109c                z_log_msg_free
 .text.z_log_msg_pending
                0x00000000080010ac        0xc zephyr/libzephyr.a(log_core.c.obj)
                0x00000000080010ac                z_log_msg_pending
 .text.z_impl_log_process
                0x00000000080010b8       0xb4 zephyr/libzephyr.a(log_core.c.obj)
                0x00000000080010b8                z_impl_log_process
 .text.z_impl_log_panic
                0x000000000800116c       0x44 zephyr/libzephyr.a(log_core.c.obj)
                0x000000000800116c                z_impl_log_panic
 .text.log_process_thread_func
                0x00000000080011b0       0xa4 zephyr/libzephyr.a(log_core.c.obj)
 .text.z_log_msg_post_finalize
                0x0000000008001254       0x78 zephyr/libzephyr.a(log_core.c.obj)
 .text.z_log_msg_commit
                0x00000000080012cc       0x24 zephyr/libzephyr.a(log_core.c.obj)
                0x00000000080012cc                z_log_msg_commit
 .text.log_source_name_get
                0x00000000080012f0       0x1c zephyr/libzephyr.a(log_mgmt.c.obj)
                0x00000000080012f0                log_source_name_get
 .text.z_impl_z_log_msg_static_create
                0x000000000800130c      0x108 zephyr/libzephyr.a(log_msg.c.obj)
                0x000000000800130c                z_impl_z_log_msg_static_create
 .text.z_log_msg_runtime_vcreate
                0x0000000008001414       0xa0 zephyr/libzephyr.a(log_msg.c.obj)
                0x0000000008001414                z_log_msg_runtime_vcreate
 .text.log_msg_get_source_id
                0x00000000080014b4       0x18 zephyr/libzephyr.a(log_msg.c.obj)
                0x00000000080014b4                log_msg_get_source_id
 .text.print_formatted
                0x00000000080014cc       0x24 zephyr/libzephyr.a(log_output.c.obj)
 .text.newline_print
                0x00000000080014f0       0x1c zephyr/libzephyr.a(log_output.c.obj)
 .text.log_output_process
                0x000000000800150c      0x2d4 zephyr/libzephyr.a(log_output.c.obj)
                0x000000000800150c                log_output_process
 .text.log_output_dropped_process
                0x00000000080017e0       0x58 zephyr/libzephyr.a(log_output.c.obj)
                0x00000000080017e0                log_output_dropped_process
 .text.log_output_timestamp_freq_set
                0x0000000008001838       0x2c zephyr/libzephyr.a(log_output.c.obj)
                0x0000000008001838                log_output_timestamp_freq_set
 .text.char_out
                0x0000000008001864       0x24 zephyr/libzephyr.a(log_backend_uart.c.obj)
 .text.mem_attr_get_regions
                0x0000000008001888        0xc zephyr/libzephyr.a(mem_attr.c.obj)
                0x0000000008001888                mem_attr_get_regions
 .text.z_arm_fatal_error
                0x0000000008001894       0xb8 zephyr/arch/arch/arm/core/libarch__arm__core.a(fatal.c.obj)
                0x0000000008001894                z_arm_fatal_error
 .text.z_SysNmiOnReset
                0x000000000800194c        0x8 zephyr/arch/arch/arm/core/libarch__arm__core.a(nmi_on_reset.S.obj)
                0x000000000800194c                z_SysNmiOnReset
 .text.arch_tls_stack_setup
                0x0000000008001954       0x40 zephyr/arch/arch/arm/core/libarch__arm__core.a(tls.c.obj)
                0x0000000008001954                arch_tls_stack_setup
 .text._HandlerModeExit
                0x0000000008001994       0x20 zephyr/arch/arch/arm/core/cortex_m/libarch__arm__core__cortex_m.a(exc_exit.c.obj)
                0x0000000008001994                z_arm_exc_exit
                0x0000000008001994                z_arm_int_exit
 .text.bus_fault.constprop.0
                0x00000000080019b4       0xd0 zephyr/arch/arch/arm/core/cortex_m/libarch__arm__core__cortex_m.a(fault.c.obj)
 .text.usage_fault.constprop.0
                0x0000000008001a84       0xa8 zephyr/arch/arch/arm/core/cortex_m/libarch__arm__core__cortex_m.a(fault.c.obj)
 .text.mem_manage_fault
                0x0000000008001b2c      0x104 zephyr/arch/arch/arm/core/cortex_m/libarch__arm__core__cortex_m.a(fault.c.obj)
 .text.z_arm_fault
                0x0000000008001c30      0x1d4 zephyr/arch/arch/arm/core/cortex_m/libarch__arm__core__cortex_m.a(fault.c.obj)
                0x0000000008001c30                z_arm_fault
 .text.z_arm_fault_init
                0x0000000008001e04       0x18 zephyr/arch/arch/arm/core/cortex_m/libarch__arm__core__cortex_m.a(fault.c.obj)
                0x0000000008001e04                z_arm_fault_init
 .text.__fault  0x0000000008001e1c       0x14 zephyr/arch/arch/arm/core/cortex_m/libarch__arm__core__cortex_m.a(fault_s.S.obj)
                0x0000000008001e1c                z_arm_bus_fault
                0x0000000008001e1c                z_arm_usage_fault
                0x0000000008001e1c                z_arm_mpu_fault
                0x0000000008001e1c                z_arm_exc_spurious
                0x0000000008001e1c                z_arm_debug_monitor
                0x0000000008001e1c                z_arm_hard_fault
 .text._reset_section
                0x0000000008001e30       0x34 zephyr/arch/arch/arm/core/cortex_m/libarch__arm__core__cortex_m.a(reset.S.obj)
                0x0000000008001e30                z_arm_reset
                0x0000000008001e30                __start
 .text.z_impl_k_thread_abort
                0x0000000008001e64       0x2c zephyr/arch/arch/arm/core/cortex_m/libarch__arm__core__cortex_m.a(thread_abort.c.obj)
                0x0000000008001e64                z_impl_k_thread_abort
 .text.z_arm_pendsv
                0x0000000008001e90       0x60 zephyr/arch/arch/arm/core/cortex_m/libarch__arm__core__cortex_m.a(swap_helper.S.obj)
                0x0000000008001e90                z_arm_pendsv
 .text.z_arm_svc
                0x0000000008001ef0       0x24 zephyr/arch/arch/arm/core/cortex_m/libarch__arm__core__cortex_m.a(swap_helper.S.obj)
                0x0000000008001ef0                z_arm_svc
 .text.arm_irq_enable
                0x0000000008001f14       0x1c zephyr/arch/arch/arm/core/cortex_m/libarch__arm__core__cortex_m.a(irq_manage.c.obj)
                0x0000000008001f14                arm_irq_enable
 .text.arm_irq_priority_set
                0x0000000008001f30       0x30 zephyr/arch/arch/arm/core/cortex_m/libarch__arm__core__cortex_m.a(irq_manage.c.obj)
                0x0000000008001f30                arm_irq_priority_set
 .text.relocate_vector_table
                0x0000000008001f60       0x1c zephyr/arch/arch/arm/core/cortex_m/libarch__arm__core__cortex_m.a(prep_c.c.obj)
                0x0000000008001f60                relocate_vector_table
 .text.z_prep_c
                0x0000000008001f7c       0x38 zephyr/arch/arch/arm/core/cortex_m/libarch__arm__core__cortex_m.a(prep_c.c.obj)
                0x0000000008001f7c                z_prep_c
 .text.arch_new_thread
                0x0000000008001fb4       0x38 zephyr/arch/arch/arm/core/cortex_m/libarch__arm__core__cortex_m.a(thread.c.obj)
                0x0000000008001fb4                arch_new_thread
 .text.z_check_thread_stack_fail
                0x0000000008001fec       0x2c zephyr/arch/arch/arm/core/cortex_m/libarch__arm__core__cortex_m.a(thread.c.obj)
                0x0000000008001fec                z_check_thread_stack_fail
 .text.arch_switch_to_main_thread
                0x0000000008002018       0x3c zephyr/arch/arch/arm/core/cortex_m/libarch__arm__core__cortex_m.a(thread.c.obj)
                0x0000000008002018                arch_switch_to_main_thread
 .text.z_arm_cpu_idle_init
                0x0000000008002054        0xc zephyr/arch/arch/arm/core/cortex_m/libarch__arm__core__cortex_m.a(cpu_idle.c.obj)
                0x0000000008002054                z_arm_cpu_idle_init
 .text.z_arm_interrupt_init
                0x0000000008002060       0x18 zephyr/arch/arch/arm/core/cortex_m/libarch__arm__core__cortex_m.a(irq_init.c.obj)
                0x0000000008002060                z_arm_interrupt_init
 .text._isr_wrapper
                0x0000000008002078       0x24 zephyr/arch/arch/arm/core/cortex_m/libarch__arm__core__cortex_m.a(isr_wrapper.c.obj)
                0x0000000008002078                _isr_wrapper
 .text.z_arm_configure_static_mpu_regions
                0x000000000800209c       0x18 zephyr/arch/arch/arm/core/mpu/libarch__arm__core__mpu.a(arm_core_mpu.c.obj)
                0x000000000800209c                z_arm_configure_static_mpu_regions
 .text.z_arm_configure_dynamic_mpu_regions
                0x00000000080020b4       0x20 zephyr/arch/arch/arm/core/mpu/libarch__arm__core__mpu.a(arm_core_mpu.c.obj)
                0x00000000080020b4                z_arm_configure_dynamic_mpu_regions
 .text.region_init
                0x00000000080020d4       0x60 zephyr/arch/arch/arm/core/mpu/libarch__arm__core__mpu.a(arm_mpu.c.obj)
 .text.region_allocate_and_init
                0x0000000008002134       0x70 zephyr/arch/arch/arm/core/mpu/libarch__arm__core__mpu.a(arm_mpu.c.obj)
 .text.mpu_configure_regions
                0x00000000080021a4       0xb0 zephyr/arch/arch/arm/core/mpu/libarch__arm__core__mpu.a(arm_mpu.c.obj)
 .text.arm_core_mpu_enable
                0x0000000008002254       0x18 zephyr/arch/arch/arm/core/mpu/libarch__arm__core__mpu.a(arm_mpu.c.obj)
                0x0000000008002254                arm_core_mpu_enable
 .text.arm_core_mpu_disable
                0x000000000800226c       0x14 zephyr/arch/arch/arm/core/mpu/libarch__arm__core__mpu.a(arm_mpu.c.obj)
                0x000000000800226c                arm_core_mpu_disable
 .text.arm_core_mpu_configure_static_mpu_regions
                0x0000000008002280       0x14 zephyr/arch/arch/arm/core/mpu/libarch__arm__core__mpu.a(arm_mpu.c.obj)
                0x0000000008002280                arm_core_mpu_configure_static_mpu_regions
 .text.arm_core_mpu_configure_dynamic_mpu_regions
                0x0000000008002294       0x38 zephyr/arch/arch/arm/core/mpu/libarch__arm__core__mpu.a(arm_mpu.c.obj)
                0x0000000008002294                arm_core_mpu_configure_dynamic_mpu_regions
 .text.z_arm_mpu_init
                0x00000000080022cc      0x1a4 zephyr/arch/arch/arm/core/mpu/libarch__arm__core__mpu.a(arm_mpu.c.obj)
                0x00000000080022cc                z_arm_mpu_init
 .text.cbvprintf
                0x0000000008002470       0x38 zephyr/lib/libc/picolibc/liblib__libc__picolibc.a(cbprintf.c.obj)
                0x0000000008002470                cbvprintf
 .text.z_impl_zephyr_fputc
                0x00000000080024a8       0x10 zephyr/lib/libc/picolibc/liblib__libc__picolibc.a(stdio.c.obj)
                0x00000000080024a8                z_impl_zephyr_fputc
 .text.__stdout_hook_install
                0x00000000080024b8       0x18 zephyr/lib/libc/picolibc/liblib__libc__picolibc.a(stdio.c.obj)
                0x00000000080024b8                __stdout_hook_install
 .text.malloc_prepare
                0x00000000080024d0       0x24 zephyr/lib/libc/common/liblib__libc__common.a(malloc.c.obj)
 .text.stm32_exti_isr
                0x00000000080024f4       0x4c zephyr/drivers/interrupt_controller/libdrivers__interrupt_controller.a(intc_exti_stm32.c.obj)
 .text.stm32_fill_irq_table
                0x0000000008002540       0x18 zephyr/drivers/interrupt_controller/libdrivers__interrupt_controller.a(intc_exti_stm32.c.obj)
 .text.stm32_exti_init
                0x0000000008002558       0xb4 zephyr/drivers/interrupt_controller/libdrivers__interrupt_controller.a(intc_exti_stm32.c.obj)
 .text.stm32_gpio_intc_enable_line
                0x000000000800260c       0x2c zephyr/drivers/interrupt_controller/libdrivers__interrupt_controller.a(intc_exti_stm32.c.obj)
                0x000000000800260c                stm32_gpio_intc_enable_line
 .text.stm32_gpio_intc_disable_line
                0x0000000008002638       0x10 zephyr/drivers/interrupt_controller/libdrivers__interrupt_controller.a(intc_exti_stm32.c.obj)
                0x0000000008002638                stm32_gpio_intc_disable_line
 .text.stm32_gpio_intc_select_line_trigger
                0x0000000008002648       0x50 zephyr/drivers/interrupt_controller/libdrivers__interrupt_controller.a(intc_exti_stm32.c.obj)
                0x0000000008002648                stm32_gpio_intc_select_line_trigger
 .text.stm32_gpio_intc_set_irq_callback
                0x0000000008002698       0x40 zephyr/drivers/interrupt_controller/libdrivers__interrupt_controller.a(intc_exti_stm32.c.obj)
                0x0000000008002698                stm32_gpio_intc_set_irq_callback
 .text.stm32_gpio_intc_remove_irq_callback
                0x00000000080026d8       0x24 zephyr/drivers/interrupt_controller/libdrivers__interrupt_controller.a(intc_exti_stm32.c.obj)
                0x00000000080026d8                stm32_gpio_intc_remove_irq_callback
 .text.stm32_exti_get_line_src_port
                0x00000000080026fc       0x34 zephyr/drivers/interrupt_controller/libdrivers__interrupt_controller.a(intc_exti_stm32.c.obj)
                0x00000000080026fc                stm32_exti_get_line_src_port
 .text.LL_RCC_HSI_IsReady
                0x0000000008002730       0x10 zephyr/drivers/clock_control/libdrivers__clock_control.a(clock_stm32_ll_common.c.obj)
 .text.stm32_clock_control_get_subsys_rate
                0x0000000008002740       0xe0 zephyr/drivers/clock_control/libdrivers__clock_control.a(clock_stm32_ll_common.c.obj)
 .text.stm32_clock_control_init
                0x0000000008002820      0x180 zephyr/drivers/clock_control/libdrivers__clock_control.a(clock_stm32_ll_common.c.obj)
                0x0000000008002820                stm32_clock_control_init
 .text.get_pllsrc_frequency
                0x00000000080029a0        0x8 zephyr/drivers/clock_control/libdrivers__clock_control.a(clock_stm32l4_l5_wb_wl.c.obj)
                0x00000000080029a0                get_pllsrc_frequency
 .text.config_pll_sysclock
                0x00000000080029a8       0x24 zephyr/drivers/clock_control/libdrivers__clock_control.a(clock_stm32l4_l5_wb_wl.c.obj)
                0x00000000080029a8                config_pll_sysclock
 .text.config_enable_default_clocks
                0x00000000080029cc       0x20 zephyr/drivers/clock_control/libdrivers__clock_control.a(clock_stm32l4_l5_wb_wl.c.obj)
                0x00000000080029cc                config_enable_default_clocks
 .text.uart_console_init
                0x00000000080029ec       0x28 zephyr/drivers/console/libdrivers__console.a(uart_console.c.obj)
 .text.console_out
                0x0000000008002a14       0x28 zephyr/drivers/console/libdrivers__console.a(uart_console.c.obj)
 .text.gpio_stm32_pin_interrupt_configure
                0x0000000008002a3c       0xb0 zephyr/drivers/gpio/libdrivers__gpio.a(gpio_stm32.c.obj)
 .text.gpio_stm32_init
                0x0000000008002aec       0x44 zephyr/drivers/gpio/libdrivers__gpio.a(gpio_stm32.c.obj)
 .text.pinctrl_configure_pins
                0x0000000008002b30       0x84 zephyr/drivers/pinctrl/libdrivers__pinctrl.a(pinctrl_stm32.c.obj)
                0x0000000008002b30                pinctrl_configure_pins
 .text.uart_stm32_irq_err_enable
                0x0000000008002bb4       0x60 zephyr/drivers/serial/libdrivers__serial.a(uart_stm32.c.obj)
 .text.uart_stm32_irq_err_disable
                0x0000000008002c14       0x60 zephyr/drivers/serial/libdrivers__serial.a(uart_stm32.c.obj)
 .text.uart_stm32_set_baudrate.part.0
                0x0000000008002c74       0x14 zephyr/drivers/serial/libdrivers__serial.a(uart_stm32.c.obj)
 .text.uart_stm32_parameters_set
                0x0000000008002c88      0x138 zephyr/drivers/serial/libdrivers__serial.a(uart_stm32.c.obj)
 .text.uart_stm32_init
                0x0000000008002dc0      0x1dc zephyr/drivers/serial/libdrivers__serial.a(uart_stm32.c.obj)
 .text.uart_stm32_configure
                0x0000000008002f9c      0x14c zephyr/drivers/serial/libdrivers__serial.a(uart_stm32.c.obj)
 .text.elapsed  0x00000000080030e8       0x4c zephyr/drivers/timer/libdrivers__timer.a(cortex_m_systick.c.obj)
 .text.sys_clock_driver_init
                0x0000000008003134       0x38 zephyr/drivers/timer/libdrivers__timer.a(cortex_m_systick.c.obj)
 .text.sys_clock_isr
                0x000000000800316c       0x60 zephyr/drivers/timer/libdrivers__timer.a(cortex_m_systick.c.obj)
                0x000000000800316c                sys_clock_isr
 .text.sys_clock_set_timeout
                0x00000000080031cc       0xf8 zephyr/drivers/timer/libdrivers__timer.a(cortex_m_systick.c.obj)
                0x00000000080031cc                sys_clock_set_timeout
 .text.sys_clock_elapsed
                0x00000000080032c4       0x3c zephyr/drivers/timer/libdrivers__timer.a(cortex_m_systick.c.obj)
                0x00000000080032c4                sys_clock_elapsed
 .text.HAL_RCC_GetSysClockFreq
                0x0000000008003300       0x9c modules/hal_stm32/stm32cube/lib..__modules__hal__stm32__stm32cube.a(stm32l4xx_hal_rcc.c.obj)
                0x0000000008003300                HAL_RCC_GetSysClockFreq
 .text.LL_SetFlashLatency
                0x000000000800339c       0xa8 modules/hal_stm32/stm32cube/lib..__modules__hal__stm32__stm32cube.a(stm32l4xx_ll_utils.c.obj)
                0x000000000800339c                LL_SetFlashLatency
 .text.k_sys_fatal_error_handler
                0x0000000008003444       0x20 zephyr/kernel/libkernel.a(fatal.c.obj)
                0x0000000008003444                k_sys_fatal_error_handler
 .text.z_fatal_error
                0x0000000008003464       0xe8 zephyr/kernel/libkernel.a(fatal.c.obj)
                0x0000000008003464                z_fatal_error
 .text.z_sys_init_run_level
                0x000000000800354c       0x30 zephyr/kernel/libkernel.a(init.c.obj)
 .text.bg_thread_main
                0x000000000800357c       0xc0 zephyr/kernel/libkernel.a(init.c.obj)
 .text.z_bss_zero
                0x000000000800363c       0x18 zephyr/kernel/libkernel.a(init.c.obj)
                0x000000000800363c                z_bss_zero
 .text.z_init_cpu
                0x0000000008003654       0x70 zephyr/kernel/libkernel.a(init.c.obj)
                0x0000000008003654                z_init_cpu
 .text.z_cstart
                0x00000000080036c4       0xd4 zephyr/kernel/libkernel.a(init.c.obj)
                0x00000000080036c4                z_cstart
 .text.z_impl_k_sem_give
                0x0000000008003798       0x68 zephyr/kernel/libkernel.a(sem.c.obj)
                0x0000000008003798                z_impl_k_sem_give
 .text.z_impl_k_sem_take
                0x0000000008003800       0x4c zephyr/kernel/libkernel.a(sem.c.obj)
                0x0000000008003800                z_impl_k_sem_take
 .text.z_setup_new_thread
                0x000000000800384c       0xe0 zephyr/kernel/libkernel.a(thread.c.obj)
                0x000000000800384c                z_setup_new_thread
 .text.z_impl_k_thread_create
                0x000000000800392c       0x58 zephyr/kernel/libkernel.a(thread.c.obj)
                0x000000000800392c                z_impl_k_thread_create
 .text.z_dummy_thread_init
                0x0000000008003984       0x18 zephyr/kernel/libkernel.a(thread.c.obj)
                0x0000000008003984                z_dummy_thread_init
 .text.z_swap_irqlock
                0x000000000800399c       0x30 zephyr/kernel/libkernel.a(sched.c.obj)
 .text.ready_thread
                0x00000000080039cc       0x84 zephyr/kernel/libkernel.a(sched.c.obj)
 .text.unready_thread
                0x0000000008003a50       0x54 zephyr/kernel/libkernel.a(sched.c.obj)
 .text.add_thread_timeout
                0x0000000008003aa4       0x1c zephyr/kernel/libkernel.a(sched.c.obj)
 .text.move_thread_to_end_of_prio_q
                0x0000000008003ac0       0x90 zephyr/kernel/libkernel.a(sched.c.obj)
                0x0000000008003ac0                move_thread_to_end_of_prio_q
 .text.z_pend_curr
                0x0000000008003b50       0x44 zephyr/kernel/libkernel.a(sched.c.obj)
                0x0000000008003b50                z_pend_curr
 .text.z_reschedule
                0x0000000008003b94       0x24 zephyr/kernel/libkernel.a(sched.c.obj)
                0x0000000008003b94                z_reschedule
 .text.z_reschedule_irqlock
                0x0000000008003bb8       0x28 zephyr/kernel/libkernel.a(sched.c.obj)
                0x0000000008003bb8                z_reschedule_irqlock
 .text.k_sched_lock
                0x0000000008003be0       0x28 zephyr/kernel/libkernel.a(sched.c.obj)
                0x0000000008003be0                k_sched_lock
 .text.k_sched_unlock
                0x0000000008003c08       0xa0 zephyr/kernel/libkernel.a(sched.c.obj)
                0x0000000008003c08                k_sched_unlock
 .text.z_sched_init
                0x0000000008003ca8       0x10 zephyr/kernel/libkernel.a(sched.c.obj)
                0x0000000008003ca8                z_sched_init
 .text.z_impl_k_yield
                0x0000000008003cb8       0x88 zephyr/kernel/libkernel.a(sched.c.obj)
                0x0000000008003cb8                z_impl_k_yield
 .text.z_tick_sleep
                0x0000000008003d40       0xb4 zephyr/kernel/libkernel.a(sched.c.obj)
 .text.z_impl_k_wakeup
                0x0000000008003df4       0x48 zephyr/kernel/libkernel.a(sched.c.obj)
                0x0000000008003df4                z_impl_k_wakeup
 .text.z_impl_k_sched_current_thread_query
                0x0000000008003e3c        0xc zephyr/kernel/libkernel.a(sched.c.obj)
                0x0000000008003e3c                z_impl_k_sched_current_thread_query
 .text.z_thread_abort
                0x0000000008003e48      0x138 zephyr/kernel/libkernel.a(sched.c.obj)
                0x0000000008003e48                z_thread_abort
 .text.slice_timeout
                0x0000000008003f80       0x20 zephyr/kernel/libkernel.a(timeslicing.c.obj)
 .text.thread_is_sliceable
                0x0000000008003fa0       0x3c zephyr/kernel/libkernel.a(timeslicing.c.obj)
                0x0000000008003fa0                thread_is_sliceable
 .text.z_reset_time_slice
                0x0000000008003fdc       0x50 zephyr/kernel/libkernel.a(timeslicing.c.obj)
                0x0000000008003fdc                z_reset_time_slice
 .text.z_time_slice
                0x000000000800402c       0x60 zephyr/kernel/libkernel.a(timeslicing.c.obj)
                0x000000000800402c                z_time_slice
 .text.z_data_copy
                0x000000000800408c       0x38 zephyr/kernel/libkernel.a(xip.c.obj)
                0x000000000800408c                z_data_copy
 .text.first    0x00000000080040c4       0x10 zephyr/kernel/libkernel.a(timeout.c.obj)
 .text.elapsed  0x00000000080040d4       0x14 zephyr/kernel/libkernel.a(timeout.c.obj)
 .text.remove_timeout
                0x00000000080040e8       0x38 zephyr/kernel/libkernel.a(timeout.c.obj)
 .text.z_add_timeout
                0x0000000008004120      0x120 zephyr/kernel/libkernel.a(timeout.c.obj)
                0x0000000008004120                z_add_timeout
 .text.sys_clock_announce
                0x0000000008004240       0xc0 zephyr/kernel/libkernel.a(timeout.c.obj)
                0x0000000008004240                sys_clock_announce
 .text.sys_clock_tick_get
                0x0000000008004300       0x30 zephyr/kernel/libkernel.a(timeout.c.obj)
                0x0000000008004300                sys_clock_tick_get
 .text.z_timer_expiration_handler
                0x0000000008004330      0x110 zephyr/kernel/libkernel.a(timer.c.obj)
                0x0000000008004330                z_timer_expiration_handler
 .text.z_impl_k_timer_start
                0x0000000008004440       0x70 zephyr/kernel/libkernel.a(timer.c.obj)
                0x0000000008004440                z_impl_k_timer_start
 .text.boot_banner
                0x00000000080044b0        0xc zephyr/kernel/libkernel.a(banner.c.obj)
                0x00000000080044b0                boot_banner
 .text.snprintf
                0x00000000080044bc       0x54 /home/dharm/zephyr-sdk-0.17.2/arm-zephyr-eabi/bin/../lib/gcc/../../picolibc/arm-zephyr-eabi/lib/thumb/v7e-m/nofp/libc.a(libc_tinystdio_snprintf.c.o)
                0x00000000080044bc                snprintf
 .text.__l_vfprintf
                0x0000000008004510      0x4b8 /home/dharm/zephyr-sdk-0.17.2/arm-zephyr-eabi/bin/../lib/gcc/../../picolibc/arm-zephyr-eabi/lib/thumb/v7e-m/nofp/libc.a(libc_tinystdio_vflprintf.c.o)
                0x0000000008004510                __l_vfprintf
 .text._OffsetAbsSyms
                0x00000000080049c8        0x2 zephyr/CMakeFiles/offsets.dir/./arch/arm/core/offsets/offsets.c.obj
                0x00000000080049c8                _OffsetAbsSyms
 .text.gpio_pin_toggle_dt.isra.0
                0x00000000080049ca       0x10 app/libapp.a(main.c.obj)
 .text.gpio_pin_configure_dt.constprop.0.isra.0
                0x00000000080049da       0x34 app/libapp.a(main.c.obj)
 .text.chunk_size
                0x0000000008004a0e        0xa zephyr/libzephyr.a(heap.c.obj)
 .text.free_list_add
                0x0000000008004a18       0x4e zephyr/libzephyr.a(heap.c.obj)
 .text.sys_heap_init
                0x0000000008004a66       0x7a zephyr/libzephyr.a(heap.c.obj)
                0x0000000008004a66                sys_heap_init
 .text.cbpprintf_external
                0x0000000008004ae0       0x62 zephyr/libzephyr.a(cbprintf_packaged.c.obj)
                0x0000000008004ae0                cbpprintf_external
 .text.is_ptr   0x0000000008004b42       0x4a zephyr/libzephyr.a(cbprintf_packaged.c.obj)
                0x0000000008004b42                is_ptr
 .text.arch_printk_char_out
                0x0000000008004b8c        0x4 zephyr/libzephyr.a(printk.c.obj)
                0x0000000008004b8c                arch_printk_char_out
 .text.printk   0x0000000008004b90       0x1a zephyr/libzephyr.a(printk.c.obj)
                0x0000000008004b90                printk
 .text.free_space
                0x0000000008004baa       0x26 zephyr/libzephyr.a(mpsc_pbuf.c.obj)
 .text.get_usage
                0x0000000008004bd0       0x22 zephyr/libzephyr.a(mpsc_pbuf.c.obj)
 .text.idx_inc  0x0000000008004bf2       0x1c zephyr/libzephyr.a(mpsc_pbuf.c.obj)
 .text.rd_idx_inc
                0x0000000008004c0e       0x18 zephyr/libzephyr.a(mpsc_pbuf.c.obj)
 .text.add_skip_item
                0x0000000008004c26       0x3a zephyr/libzephyr.a(mpsc_pbuf.c.obj)
 .text.drop_item_locked
                0x0000000008004c60      0x100 zephyr/libzephyr.a(mpsc_pbuf.c.obj)
 .text.post_drop_action
                0x0000000008004d60       0x36 zephyr/libzephyr.a(mpsc_pbuf.c.obj)
 .text.max_utilization_update
                0x0000000008004d96       0x1a zephyr/libzephyr.a(mpsc_pbuf.c.obj)
 .text.mpsc_pbuf_init
                0x0000000008004db0       0x42 zephyr/libzephyr.a(mpsc_pbuf.c.obj)
                0x0000000008004db0                mpsc_pbuf_init
 .text.mpsc_pbuf_alloc
                0x0000000008004df2       0xfe zephyr/libzephyr.a(mpsc_pbuf.c.obj)
                0x0000000008004df2                mpsc_pbuf_alloc
 .text.mpsc_pbuf_commit
                0x0000000008004ef0       0x3e zephyr/libzephyr.a(mpsc_pbuf.c.obj)
                0x0000000008004ef0                mpsc_pbuf_commit
 .text.mpsc_pbuf_claim
                0x0000000008004f2e       0xa8 zephyr/libzephyr.a(mpsc_pbuf.c.obj)
                0x0000000008004f2e                mpsc_pbuf_claim
 .text.mpsc_pbuf_free
                0x0000000008004fd6       0x76 zephyr/libzephyr.a(mpsc_pbuf.c.obj)
                0x0000000008004fd6                mpsc_pbuf_free
 .text.mpsc_pbuf_is_pending
                0x000000000800504c       0x32 zephyr/libzephyr.a(mpsc_pbuf.c.obj)
                0x000000000800504c                mpsc_pbuf_is_pending
 .text._ConfigAbsSyms
                0x000000000800507e        0x2 zephyr/libzephyr.a(configs.c.obj)
                0x000000000800507e                _ConfigAbsSyms
 .text.log_msg_generic_get_wlen
                0x0000000008005080       0x20 zephyr/libzephyr.a(log_core.c.obj)
 .text.dummy_timestamp
                0x00000000080050a0        0x4 zephyr/libzephyr.a(log_core.c.obj)
 .text.atomic_inc
                0x00000000080050a4       0x1a zephyr/libzephyr.a(log_core.c.obj)
 .text.default_lf_get_timestamp
                0x00000000080050be       0x10 zephyr/libzephyr.a(log_core.c.obj)
 .text.z_log_vprintk
                0x00000000080050ce       0x1c zephyr/libzephyr.a(log_core.c.obj)
                0x00000000080050ce                z_log_vprintk
 .text.z_log_notify_drop
                0x00000000080050ea        0x6 zephyr/libzephyr.a(log_core.c.obj)
 .text.z_log_get_tag
                0x00000000080050f0        0x4 zephyr/libzephyr.a(log_core.c.obj)
                0x00000000080050f0                z_log_get_tag
 .text.log_backend_enable
                0x00000000080050f4       0x12 zephyr/libzephyr.a(log_mgmt.c.obj)
                0x00000000080050f4                log_backend_enable
 .text.z_cbprintf_cpy
                0x0000000008005106       0x2e zephyr/libzephyr.a(log_msg.c.obj)
 .text.z_log_msg_finalize
                0x0000000008005134       0x32 zephyr/libzephyr.a(log_msg.c.obj)
                0x0000000008005134                z_log_msg_finalize
 .text.z_log_msg_simple_create
                0x0000000008005166       0x6e zephyr/libzephyr.a(log_msg.c.obj)
 .text.z_impl_z_log_msg_simple_create_0
                0x00000000080051d4       0x12 zephyr/libzephyr.a(log_msg.c.obj)
                0x00000000080051d4                z_impl_z_log_msg_simple_create_0
 .text.z_impl_z_log_msg_simple_create_1
                0x00000000080051e6       0x14 zephyr/libzephyr.a(log_msg.c.obj)
                0x00000000080051e6                z_impl_z_log_msg_simple_create_1
 .text.log_output_write
                0x00000000080051fa       0x1c zephyr/libzephyr.a(log_output.c.obj)
 .text.log_output_flush
                0x0000000008005216       0x1a zephyr/libzephyr.a(log_output.c.obj)
 .text.out_func
                0x0000000008005230       0x36 zephyr/libzephyr.a(log_output.c.obj)
 .text.cr_out_func
                0x0000000008005266       0x1c zephyr/libzephyr.a(log_output.c.obj)
 .text.log_output_msg_process
                0x0000000008005282       0x6a zephyr/libzephyr.a(log_output.c.obj)
                0x0000000008005282                log_output_msg_process
 .text.format_set
                0x00000000080052ec        0xc zephyr/libzephyr.a(log_backend_uart.c.obj)
 .text.log_backend_uart_init
                0x00000000080052f8        0xc zephyr/libzephyr.a(log_backend_uart.c.obj)
 .text.panic    0x0000000008005304       0x32 zephyr/libzephyr.a(log_backend_uart.c.obj)
 .text.dropped  0x0000000008005336        0xa zephyr/libzephyr.a(log_backend_uart.c.obj)
 .text.process  0x0000000008005340       0x1e zephyr/libzephyr.a(log_backend_uart.c.obj)
 .text.z_do_kernel_oops
                0x000000000800535e        0x8 zephyr/arch/arch/arm/core/libarch__arm__core.a(fatal.c.obj)
                0x000000000800535e                z_do_kernel_oops
 .text.z_arm_nmi
                0x0000000008005366        0xe zephyr/arch/arch/arm/core/libarch__arm__core.a(nmi.c.obj)
                0x0000000008005366                z_arm_nmi
 .text.z_log_msg_simple_create_0.constprop.0
                0x0000000008005374        0x8 zephyr/arch/arch/arm/core/cortex_m/libarch__arm__core__cortex_m.a(fault.c.obj)
 .text.z_irq_spurious
                0x000000000800537c        0x8 zephyr/arch/arch/arm/core/cortex_m/libarch__arm__core__cortex_m.a(irq_manage.c.obj)
                0x000000000800537c                z_irq_spurious
 .text.arch_irq_unlock_outlined
                0x0000000008005384        0xe zephyr/arch/arch/arm/core/cortex_m/libarch__arm__core__cortex_m.a(thread.c.obj)
                0x0000000008005384                arch_irq_unlock_outlined
 .text.arch_cpu_idle
                0x0000000008005392       0x1a zephyr/arch/arch/arm/core/cortex_m/libarch__arm__core__cortex_m.a(cpu_idle.c.obj)
                0x0000000008005392                arch_cpu_idle
 .text.size_to_mpu_rasr_size
                0x00000000080053ac       0x20 zephyr/arch/arch/arm/core/mpu/libarch__arm__core__mpu.a(arm_mpu.c.obj)
 .text.cbputc   0x00000000080053cc        0xc zephyr/lib/libc/picolibc/liblib__libc__picolibc.a(cbprintf.c.obj)
 .text.picolibc_put
                0x00000000080053d8        0xa zephyr/lib/libc/picolibc/liblib__libc__picolibc.a(stdio.c.obj)
 .text.stm32_gpio_intc_get_pin_irq_line
                0x00000000080053e2        0x6 zephyr/drivers/interrupt_controller/libdrivers__interrupt_controller.a(intc_exti_stm32.c.obj)
                0x00000000080053e2                stm32_gpio_intc_get_pin_irq_line
 .text.stm32_exti_set_line_src_port
                0x00000000080053e8       0x38 zephyr/drivers/interrupt_controller/libdrivers__interrupt_controller.a(intc_exti_stm32.c.obj)
                0x00000000080053e8                stm32_exti_set_line_src_port
 .text.stm32_clock_control_on
                0x0000000008005420       0x44 zephyr/drivers/clock_control/libdrivers__clock_control.a(clock_stm32_ll_common.c.obj)
 .text.stm32_clock_control_off
                0x0000000008005464       0x2c zephyr/drivers/clock_control/libdrivers__clock_control.a(clock_stm32_ll_common.c.obj)
 .text.enabled_clock
                0x0000000008005490       0x1e zephyr/drivers/clock_control/libdrivers__clock_control.a(clock_stm32_ll_common.c.obj)
                0x0000000008005490                enabled_clock
 .text.stm32_clock_control_configure
                0x00000000080054ae       0x52 zephyr/drivers/clock_control/libdrivers__clock_control.a(clock_stm32_ll_common.c.obj)
 .text.stm32_clock_control_get_status
                0x0000000008005500       0x38 zephyr/drivers/clock_control/libdrivers__clock_control.a(clock_stm32_ll_common.c.obj)
 .text.config_regulator_voltage
                0x0000000008005538        0x2 zephyr/drivers/clock_control/libdrivers__clock_control.a(clock_stm32_ll_common.c.obj)
                0x0000000008005538                config_regulator_voltage
 .text.gpio_stm32_port_get_raw
                0x000000000800553a        0xc zephyr/drivers/gpio/libdrivers__gpio.a(gpio_stm32.c.obj)
 .text.gpio_stm32_port_set_masked_raw
                0x0000000008005546       0x12 zephyr/drivers/gpio/libdrivers__gpio.a(gpio_stm32.c.obj)
 .text.gpio_stm32_port_set_bits_raw
                0x0000000008005558        0xa zephyr/drivers/gpio/libdrivers__gpio.a(gpio_stm32.c.obj)
 .text.gpio_stm32_port_clear_bits_raw
                0x0000000008005562        0xa zephyr/drivers/gpio/libdrivers__gpio.a(gpio_stm32.c.obj)
 .text.gpio_stm32_port_toggle_bits
                0x000000000800556c        0xe zephyr/drivers/gpio/libdrivers__gpio.a(gpio_stm32.c.obj)
 .text.gpio_stm32_manage_callback
                0x000000000800557a       0x52 zephyr/drivers/gpio/libdrivers__gpio.a(gpio_stm32.c.obj)
 .text.gpio_stm32_configure_raw.isra.0
                0x00000000080055cc      0x116 zephyr/drivers/gpio/libdrivers__gpio.a(gpio_stm32.c.obj)
 .text.gpio_stm32_config
                0x00000000080056e2       0xd4 zephyr/drivers/gpio/libdrivers__gpio.a(gpio_stm32.c.obj)
 .text.gpio_stm32_isr
                0x00000000080057b6       0x2c zephyr/drivers/gpio/libdrivers__gpio.a(gpio_stm32.c.obj)
 .text.gpio_stm32_configure
                0x00000000080057e2       0x2a zephyr/drivers/gpio/libdrivers__gpio.a(gpio_stm32.c.obj)
                0x00000000080057e2                gpio_stm32_configure
 .text.pinctrl_lookup_state
                0x000000000800580c       0x26 zephyr/drivers/pinctrl/libdrivers__pinctrl.a(common.c.obj)
                0x000000000800580c                pinctrl_lookup_state
 .text.reset_stm32_status
                0x0000000008005832       0x20 zephyr/drivers/reset/libdrivers__reset.a(reset_stm32.c.obj)
 .text.reset_stm32_line_assert
                0x0000000008005852       0x1c zephyr/drivers/reset/libdrivers__reset.a(reset_stm32.c.obj)
 .text.reset_stm32_line_deassert
                0x000000000800586e       0x1e zephyr/drivers/reset/libdrivers__reset.a(reset_stm32.c.obj)
 .text.reset_stm32_line_toggle
                0x000000000800588c       0x16 zephyr/drivers/reset/libdrivers__reset.a(reset_stm32.c.obj)
 .text.uart_stm32_ll2cfg_databits
                0x00000000080058a2       0x2a zephyr/drivers/serial/libdrivers__serial.a(uart_stm32.c.obj)
 .text.uart_stm32_err_check
                0x00000000080058cc       0x5a zephyr/drivers/serial/libdrivers__serial.a(uart_stm32.c.obj)
 .text.uart_stm32_irq_tx_enable
                0x0000000008005926       0x16 zephyr/drivers/serial/libdrivers__serial.a(uart_stm32.c.obj)
 .text.uart_stm32_irq_tx_disable
                0x000000000800593c       0x16 zephyr/drivers/serial/libdrivers__serial.a(uart_stm32.c.obj)
 .text.uart_stm32_irq_rx_enable
                0x0000000008005952       0x16 zephyr/drivers/serial/libdrivers__serial.a(uart_stm32.c.obj)
 .text.uart_stm32_irq_rx_disable
                0x0000000008005968       0x16 zephyr/drivers/serial/libdrivers__serial.a(uart_stm32.c.obj)
 .text.uart_stm32_irq_rx_ready
                0x000000000800597e        0xc zephyr/drivers/serial/libdrivers__serial.a(uart_stm32.c.obj)
 .text.uart_stm32_irq_update
                0x000000000800598a        0x4 zephyr/drivers/serial/libdrivers__serial.a(uart_stm32.c.obj)
 .text.uart_stm32_irq_callback_set
                0x000000000800598e        0x8 zephyr/drivers/serial/libdrivers__serial.a(uart_stm32.c.obj)
 .text.uart_stm32_isr
                0x0000000008005996        0xc zephyr/drivers/serial/libdrivers__serial.a(uart_stm32.c.obj)
 .text.uart_stm32_irq_config_func_0
                0x00000000080059a2       0x16 zephyr/drivers/serial/libdrivers__serial.a(uart_stm32.c.obj)
 .text.uart_stm32_irq_config_func_1
                0x00000000080059b8       0x16 zephyr/drivers/serial/libdrivers__serial.a(uart_stm32.c.obj)
 .text.uart_stm32_irq_tx_complete
                0x00000000080059ce        0xc zephyr/drivers/serial/libdrivers__serial.a(uart_stm32.c.obj)
 .text.uart_stm32_irq_tx_ready
                0x00000000080059da       0x14 zephyr/drivers/serial/libdrivers__serial.a(uart_stm32.c.obj)
 .text.uart_stm32_config_get
                0x00000000080059ee       0x92 zephyr/drivers/serial/libdrivers__serial.a(uart_stm32.c.obj)
 .text.uart_stm32_set_baudrate
                0x0000000008005a80       0x3c zephyr/drivers/serial/libdrivers__serial.a(uart_stm32.c.obj)
 .text.uart_stm32_fifo_fill
                0x0000000008005abc       0x58 zephyr/drivers/serial/libdrivers__serial.a(uart_stm32.c.obj)
 .text.uart_stm32_poll_out
                0x0000000008005b14       0x36 zephyr/drivers/serial/libdrivers__serial.a(uart_stm32.c.obj)
 .text.uart_stm32_irq_is_pending
                0x0000000008005b4a       0x24 zephyr/drivers/serial/libdrivers__serial.a(uart_stm32.c.obj)
 .text.uart_stm32_fifo_read
                0x0000000008005b6e       0x44 zephyr/drivers/serial/libdrivers__serial.a(uart_stm32.c.obj)
 .text.uart_stm32_poll_in
                0x0000000008005bb2       0x20 zephyr/drivers/serial/libdrivers__serial.a(uart_stm32.c.obj)
 .text.z_device_state_init
                0x0000000008005bd2        0x2 zephyr/kernel/libkernel.a(device.c.obj)
                0x0000000008005bd2                z_device_state_init
 .text.z_impl_device_is_ready
                0x0000000008005bd4       0x16 zephyr/kernel/libkernel.a(device.c.obj)
                0x0000000008005bd4                z_impl_device_is_ready
 .text.arch_system_halt
                0x0000000008005bea       0x10 zephyr/kernel/libkernel.a(fatal.c.obj)
                0x0000000008005bea                arch_system_halt
 .text.do_device_init
                0x0000000008005bfa       0x2e zephyr/kernel/libkernel.a(init.c.obj)
 .text.z_early_memset
                0x0000000008005c28        0x4 zephyr/kernel/libkernel.a(init.c.obj)
                0x0000000008005c28                z_early_memset
 .text.z_early_memcpy
                0x0000000008005c2c        0x4 zephyr/kernel/libkernel.a(init.c.obj)
                0x0000000008005c2c                z_early_memcpy
 .text.idle     0x0000000008005c30       0x16 zephyr/kernel/libkernel.a(idle.c.obj)
                0x0000000008005c30                idle
 .text.z_impl_k_sem_init
                0x0000000008005c46       0x18 zephyr/kernel/libkernel.a(sem.c.obj)
                0x0000000008005c46                z_impl_k_sem_init
 .text.k_is_in_isr
                0x0000000008005c5e        0xc zephyr/kernel/libkernel.a(thread.c.obj)
                0x0000000008005c5e                k_is_in_isr
 .text.z_impl_k_thread_name_set
                0x0000000008005c6a        0x6 zephyr/kernel/libkernel.a(thread.c.obj)
                0x0000000008005c6a                z_impl_k_thread_name_set
 .text.k_thread_name_get
                0x0000000008005c70        0x4 zephyr/kernel/libkernel.a(thread.c.obj)
                0x0000000008005c70                k_thread_name_get
 .text.sys_dlist_remove
                0x0000000008005c74       0x10 zephyr/kernel/libkernel.a(sched.c.obj)
 .text.unpend_thread_no_timeout
                0x0000000008005c84       0x14 zephyr/kernel/libkernel.a(sched.c.obj)
 .text.add_to_waitq_locked
                0x0000000008005c98       0x50 zephyr/kernel/libkernel.a(sched.c.obj)
 .text.z_ready_thread
                0x0000000008005ce8       0x1e zephyr/kernel/libkernel.a(sched.c.obj)
                0x0000000008005ce8                z_ready_thread
 .text.z_unpend_thread_no_timeout
                0x0000000008005d06       0x22 zephyr/kernel/libkernel.a(sched.c.obj)
                0x0000000008005d06                z_unpend_thread_no_timeout
 .text.z_sched_wake_thread
                0x0000000008005d28       0x3a zephyr/kernel/libkernel.a(sched.c.obj)
                0x0000000008005d28                z_sched_wake_thread
 .text.z_thread_timeout
                0x0000000008005d62        0x8 zephyr/kernel/libkernel.a(sched.c.obj)
                0x0000000008005d62                z_thread_timeout
 .text.z_unpend1_no_timeout
                0x0000000008005d6a       0x2c zephyr/kernel/libkernel.a(sched.c.obj)
                0x0000000008005d6a                z_unpend1_no_timeout
 .text.z_impl_k_sleep
                0x0000000008005d96       0x50 zephyr/kernel/libkernel.a(sched.c.obj)
                0x0000000008005d96                z_impl_k_sleep
 .text.next_timeout
                0x0000000008005de6       0x2e zephyr/kernel/libkernel.a(timeout.c.obj)
 .text.z_abort_timeout
                0x0000000008005e14       0x50 zephyr/kernel/libkernel.a(timeout.c.obj)
                0x0000000008005e14                z_abort_timeout
 .text.sys_clock_tick_get_32
                0x0000000008005e64        0x8 zephyr/kernel/libkernel.a(timeout.c.obj)
                0x0000000008005e64                sys_clock_tick_get_32
 .text.z_impl_k_uptime_ticks
                0x0000000008005e6c        0x4 zephyr/kernel/libkernel.a(timeout.c.obj)
                0x0000000008005e6c                z_impl_k_uptime_ticks
 .text.k_timer_init
                0x0000000008005e70       0x18 zephyr/kernel/libkernel.a(timer.c.obj)
                0x0000000008005e70                k_timer_init
 .text.z_impl_k_timer_stop
                0x0000000008005e88       0x38 zephyr/kernel/libkernel.a(timer.c.obj)
                0x0000000008005e88                z_impl_k_timer_stop
 .text.memcpy   0x0000000008005ec0       0x1c /home/dharm/zephyr-sdk-0.17.2/arm-zephyr-eabi/bin/../lib/gcc/../../picolibc/arm-zephyr-eabi/lib/thumb/v7e-m/nofp/libc.a(memcpy.c.o)
                0x0000000008005ec0                memcpy
                0x0000000008005ec0                __aeabi_memcpy
                0x0000000008005ec0                __aeabi_memcpy4
                0x0000000008005ec0                __aeabi_memcpy8
 .text.memset   0x0000000008005edc       0x10 /home/dharm/zephyr-sdk-0.17.2/arm-zephyr-eabi/bin/../lib/gcc/../../picolibc/arm-zephyr-eabi/lib/thumb/v7e-m/nofp/libc.a(memset.c.o)
                0x0000000008005edc                memset
 .text.strnlen  0x0000000008005eec       0x18 /home/dharm/zephyr-sdk-0.17.2/arm-zephyr-eabi/bin/../lib/gcc/../../picolibc/arm-zephyr-eabi/lib/thumb/v7e-m/nofp/libc.a(libc_string_strnlen.c.o)
                0x0000000008005eec                strnlen
 .text.__ultoa_invert
                0x0000000008005f04       0xae /home/dharm/zephyr-sdk-0.17.2/arm-zephyr-eabi/bin/../lib/gcc/../../picolibc/arm-zephyr-eabi/lib/thumb/v7e-m/nofp/libc.a(libc_tinystdio_vflprintf.c.o)
 .text.__file_str_put
                0x0000000008005fb2       0x10 /home/dharm/zephyr-sdk-0.17.2/arm-zephyr-eabi/bin/../lib/gcc/../../picolibc/arm-zephyr-eabi/lib/thumb/v7e-m/nofp/libc.a(libc_tinystdio_filestrput.c.o)
                0x0000000008005fb2                __file_str_put
 *(SORT_BY_ALIGNMENT(.TEXT.*))
 *fill*         0x0000000008005fc2        0x2 
 .TEXT.__aeabi_read_tp
                0x0000000008005fc4        0xc zephyr/arch/arch/arm/core/cortex_m/libarch__arm__core__cortex_m.a(__aeabi_read_tp.S.obj)
                0x0000000008005fc4                __aeabi_read_tp
 *(SORT_BY_ALIGNMENT(.gnu.linkonce.t.*))
 *(SORT_BY_ALIGNMENT(.glue_7t))
 .glue_7t       0x0000000008005fd0        0x0 linker stubs
 *(SORT_BY_ALIGNMENT(.glue_7))
 .glue_7        0x0000000008005fd0        0x0 linker stubs
 *(SORT_BY_ALIGNMENT(.vfp11_veneer))
 .vfp11_veneer  0x0000000008005fd0        0x0 linker stubs
 *(SORT_BY_ALIGNMENT(.v4_bx))
 .v4_bx         0x0000000008005fd0        0x0 linker stubs
                0x0000000008005fd0                . = ALIGN (0x4)
                0x0000000008005fd0                __text_region_end = .

.ARM.exidx      0x0000000008005fd0        0x8
                0x0000000008005fd0                __exidx_start = .
 *(SORT_BY_ALIGNMENT(.ARM.exidx*) SORT_BY_ALIGNMENT(gnu.linkonce.armexidx.*))
 .ARM.exidx     0x0000000008005fd0        0x8 /home/dharm/zephyr-sdk-0.17.2/arm-zephyr-eabi/bin/../lib/gcc/../../picolibc/arm-zephyr-eabi/lib/thumb/v7e-m/nofp/libc.a(strlen.S.o)
 .ARM.exidx     0x0000000008005fd8        0x0 /home/dharm/zephyr-sdk-0.17.2/arm-zephyr-eabi/bin/../lib/gcc/arm-zephyr-eabi/12.2.0/thumb/v7e-m/nofp/libgcc.a(_udivmoddi4.o)
                                          0x8 (size before relaxing)
                0x0000000008005fd8                __exidx_end = .
                0x0000000008005fd8                __rodata_region_start = .

initlevel       0x0000000008005fd8       0x90
                0x0000000008005fd8                __init_start = .
                0x0000000008005fd8                __init_EARLY_start = .
 *(SORT_BY_NAME(SORT_BY_ALIGNMENT(.z_init_EARLY_P_?_*)))
 *(SORT_BY_NAME(SORT_BY_ALIGNMENT(.z_init_EARLY_P_??_*)))
 *(SORT_BY_NAME(SORT_BY_ALIGNMENT(.z_init_EARLY_P_???_*)))
                0x0000000008005fd8                __init_PRE_KERNEL_1_start = .
 *(SORT_BY_NAME(SORT_BY_ALIGNMENT(.z_init_PRE_KERNEL_1_P_?_*)))
 .z_init_PRE_KERNEL_1_P_1_SUB_00009_
                0x0000000008005fd8        0x8 zephyr/drivers/clock_control/libdrivers__clock_control.a(clock_stm32_ll_common.c.obj)
 .z_init_PRE_KERNEL_1_P_1_SUB_0_
                0x0000000008005fe0        0x8 zephyr/libzephyr.a(soc_config.c.obj)
 *(SORT_BY_NAME(SORT_BY_ALIGNMENT(.z_init_PRE_KERNEL_1_P_??_*)))
 .z_init_PRE_KERNEL_1_P_35_SUB_00056_
                0x0000000008005fe8        0x8 zephyr/drivers/reset/libdrivers__reset.a(reset_stm32.c.obj)
 .z_init_PRE_KERNEL_1_P_40_SUB_00043_
                0x0000000008005ff0        0x8 zephyr/drivers/gpio/libdrivers__gpio.a(gpio_stm32.c.obj)
 .z_init_PRE_KERNEL_1_P_40_SUB_00046_
                0x0000000008005ff8        0x8 zephyr/drivers/gpio/libdrivers__gpio.a(gpio_stm32.c.obj)
 .z_init_PRE_KERNEL_1_P_40_SUB_00047_
                0x0000000008006000        0x8 zephyr/drivers/gpio/libdrivers__gpio.a(gpio_stm32.c.obj)
 .z_init_PRE_KERNEL_1_P_40_SUB_00048_
                0x0000000008006008        0x8 zephyr/drivers/gpio/libdrivers__gpio.a(gpio_stm32.c.obj)
 .z_init_PRE_KERNEL_1_P_40_SUB_00072_
                0x0000000008006010        0x8 zephyr/drivers/interrupt_controller/libdrivers__interrupt_controller.a(intc_exti_stm32.c.obj)
 .z_init_PRE_KERNEL_1_P_40_SUB_00106_
                0x0000000008006018        0x8 zephyr/drivers/gpio/libdrivers__gpio.a(gpio_stm32.c.obj)
 .z_init_PRE_KERNEL_1_P_40_SUB_00112_
                0x0000000008006020        0x8 zephyr/drivers/gpio/libdrivers__gpio.a(gpio_stm32.c.obj)
 .z_init_PRE_KERNEL_1_P_40_SUB_00113_
                0x0000000008006028        0x8 zephyr/drivers/gpio/libdrivers__gpio.a(gpio_stm32.c.obj)
 .z_init_PRE_KERNEL_1_P_40_SUB_00114_
                0x0000000008006030        0x8 zephyr/drivers/gpio/libdrivers__gpio.a(gpio_stm32.c.obj)
 .z_init_PRE_KERNEL_1_P_50_SUB_00084_
                0x0000000008006038        0x8 zephyr/drivers/serial/libdrivers__serial.a(uart_stm32.c.obj)
 .z_init_PRE_KERNEL_1_P_50_SUB_00089_
                0x0000000008006040        0x8 zephyr/drivers/serial/libdrivers__serial.a(uart_stm32.c.obj)
 .z_init_PRE_KERNEL_1_P_60_SUB_0_
                0x0000000008006048        0x8 zephyr/drivers/console/libdrivers__console.a(uart_console.c.obj)
 *(SORT_BY_NAME(SORT_BY_ALIGNMENT(.z_init_PRE_KERNEL_1_P_???_*)))
                0x0000000008006050                __init_PRE_KERNEL_2_start = .
 *(SORT_BY_NAME(SORT_BY_ALIGNMENT(.z_init_PRE_KERNEL_2_P_?_*)))
 .z_init_PRE_KERNEL_2_P_0_SUB_0_
                0x0000000008006050        0x8 zephyr/drivers/timer/libdrivers__timer.a(cortex_m_systick.c.obj)
 *(SORT_BY_NAME(SORT_BY_ALIGNMENT(.z_init_PRE_KERNEL_2_P_??_*)))
 *(SORT_BY_NAME(SORT_BY_ALIGNMENT(.z_init_PRE_KERNEL_2_P_???_*)))
                0x0000000008006058                __init_POST_KERNEL_start = .
 *(SORT_BY_NAME(SORT_BY_ALIGNMENT(.z_init_POST_KERNEL_P_?_*)))
 .z_init_POST_KERNEL_P_0_SUB_0_
                0x0000000008006058        0x8 zephyr/libzephyr.a(log_core.c.obj)
 *(SORT_BY_NAME(SORT_BY_ALIGNMENT(.z_init_POST_KERNEL_P_??_*)))
 .z_init_POST_KERNEL_P_35_SUB_0_
                0x0000000008006060        0x8 zephyr/lib/libc/common/liblib__libc__common.a(malloc.c.obj)
 *(SORT_BY_NAME(SORT_BY_ALIGNMENT(.z_init_POST_KERNEL_P_???_*)))
                0x0000000008006068                __init_APPLICATION_start = .
 *(SORT_BY_NAME(SORT_BY_ALIGNMENT(.z_init_APPLICATION_P_?_*)))
 *(SORT_BY_NAME(SORT_BY_ALIGNMENT(.z_init_APPLICATION_P_??_*)))
 *(SORT_BY_NAME(SORT_BY_ALIGNMENT(.z_init_APPLICATION_P_???_*)))
                0x0000000008006068                __init_SMP_start = .
 *(SORT_BY_NAME(SORT_BY_ALIGNMENT(.z_init_SMP_P_?_*)))
 *(SORT_BY_NAME(SORT_BY_ALIGNMENT(.z_init_SMP_P_??_*)))
 *(SORT_BY_NAME(SORT_BY_ALIGNMENT(.z_init_SMP_P_???_*)))
                0x0000000008006068                __init_end = .

device_area     0x0000000008006068      0x1a0
                0x0000000008006068                _device_list_start = .
 *(SORT_BY_NAME(SORT_BY_ALIGNMENT(._device.static.*_?_*)))
 ._device.static.1_1_
                0x0000000008006068       0x20 zephyr/drivers/clock_control/libdrivers__clock_control.a(clock_stm32_ll_common.c.obj)
                0x0000000008006068                __device_dts_ord_9
 *(SORT_BY_NAME(SORT_BY_ALIGNMENT(._device.static.*_??_*)))
 ._device.static.1_35_
                0x0000000008006088       0x20 zephyr/drivers/reset/libdrivers__reset.a(reset_stm32.c.obj)
                0x0000000008006088                __device_dts_ord_56
 ._device.static.1_40_
                0x00000000080060a8       0x20 zephyr/drivers/interrupt_controller/libdrivers__interrupt_controller.a(intc_exti_stm32.c.obj)
                0x00000000080060a8                __device_dts_ord_72
 ._device.static.1_40_
                0x00000000080060c8      0x100 zephyr/drivers/gpio/libdrivers__gpio.a(gpio_stm32.c.obj)
                0x00000000080060c8                __device_dts_ord_114
                0x00000000080060e8                __device_dts_ord_113
                0x0000000008006108                __device_dts_ord_112
                0x0000000008006128                __device_dts_ord_48
                0x0000000008006148                __device_dts_ord_106
                0x0000000008006168                __device_dts_ord_43
                0x0000000008006188                __device_dts_ord_47
                0x00000000080061a8                __device_dts_ord_46
 ._device.static.1_50_
                0x00000000080061c8       0x40 zephyr/drivers/serial/libdrivers__serial.a(uart_stm32.c.obj)
                0x00000000080061c8                __device_dts_ord_84
                0x00000000080061e8                __device_dts_ord_89
 *(SORT_BY_NAME(SORT_BY_ALIGNMENT(._device.static.*_???_*)))
 *(SORT_BY_NAME(SORT_BY_ALIGNMENT(._device.static.*_????_*)))
 *(SORT_BY_NAME(SORT_BY_ALIGNMENT(._device.static.*_?????_*)))
                0x0000000008006208                _device_list_end = .

sw_isr_table    0x0000000008006208      0x290
                0x0000000008006208                . = ALIGN (0x4)
 *(SORT_BY_ALIGNMENT(.gnu.linkonce.sw_isr_table*))
 .gnu.linkonce.sw_isr_table
                0x0000000008006208      0x290 zephyr/CMakeFiles/zephyr_final.dir/isr_tables.c.obj
                0x0000000008006208                _sw_isr_table

initlevel_error
                0x0000000008005fd8        0x0
 *(SORT_BY_NAME(SORT_BY_ALIGNMENT(.z_init_*)))
                0x0000000000000001                ASSERT ((SIZEOF (initlevel_error) == 0x0), Undefined initialization levels used.)

app_shmem_regions
                0x0000000008006498        0x0
                0x0000000008006498                __app_shmem_regions_start = .
 *(SORT_BY_NAME(SORT_BY_ALIGNMENT(.app_regions.*)))
                0x0000000008006498                __app_shmem_regions_end = .

k_p4wq_initparam_area
                0x0000000008006498        0x0
                0x0000000008006498                _k_p4wq_initparam_list_start = .
 *(SORT_BY_NAME(SORT_BY_ALIGNMENT(._k_p4wq_initparam.static.*)))
                0x0000000008006498                _k_p4wq_initparam_list_end = .

_static_thread_data_area
                0x0000000008006498        0x0
                0x0000000008006498                __static_thread_data_list_start = .
 *(SORT_BY_NAME(SORT_BY_ALIGNMENT(.__static_thread_data.static.*)))
                0x0000000008006498                __static_thread_data_list_end = .

device_deps     0x0000000008006498        0x0
                0x0000000008006498                __device_deps_start = .
 *(SORT_BY_NAME(SORT_BY_ALIGNMENT(.__device_deps_pass2*)))
                0x0000000008006498                __device_deps_end = .

gpio_driver_api_area
                0x0000000008006498       0x24
                0x0000000008006498                _gpio_driver_api_list_start = .
 *(SORT_BY_NAME(SORT_BY_ALIGNMENT(._gpio_driver_api.static.*)))
 ._gpio_driver_api.static.gpio_stm32_driver_
                0x0000000008006498       0x24 zephyr/drivers/gpio/libdrivers__gpio.a(gpio_stm32.c.obj)
                0x00000000080064bc                _gpio_driver_api_list_end = .

reset_driver_api_area
                0x00000000080064bc       0x10
                0x00000000080064bc                _reset_driver_api_list_start = .
 *(SORT_BY_NAME(SORT_BY_ALIGNMENT(._reset_driver_api.static.*)))
 ._reset_driver_api.static.reset_stm32_driver_api_
                0x00000000080064bc       0x10 zephyr/drivers/reset/libdrivers__reset.a(reset_stm32.c.obj)
                0x00000000080064cc                _reset_driver_api_list_end = .

shared_irq_driver_api_area
                0x00000000080064cc        0x0
                0x00000000080064cc                _shared_irq_driver_api_list_start = .
 *(SORT_BY_NAME(SORT_BY_ALIGNMENT(._shared_irq_driver_api.static.*)))
                0x00000000080064cc                _shared_irq_driver_api_list_end = .

crypto_driver_api_area
                0x00000000080064cc        0x0
                0x00000000080064cc                _crypto_driver_api_list_start = .
 *(SORT_BY_NAME(SORT_BY_ALIGNMENT(._crypto_driver_api.static.*)))
                0x00000000080064cc                _crypto_driver_api_list_end = .

adc_driver_api_area
                0x00000000080064cc        0x0
                0x00000000080064cc                _adc_driver_api_list_start = .
 *(SORT_BY_NAME(SORT_BY_ALIGNMENT(._adc_driver_api.static.*)))
                0x00000000080064cc                _adc_driver_api_list_end = .

auxdisplay_driver_api_area
                0x00000000080064cc        0x0
                0x00000000080064cc                _auxdisplay_driver_api_list_start = .
 *(SORT_BY_NAME(SORT_BY_ALIGNMENT(._auxdisplay_driver_api.static.*)))
                0x00000000080064cc                _auxdisplay_driver_api_list_end = .

bbram_driver_api_area
                0x00000000080064cc        0x0
                0x00000000080064cc                _bbram_driver_api_list_start = .
 *(SORT_BY_NAME(SORT_BY_ALIGNMENT(._bbram_driver_api.static.*)))
                0x00000000080064cc                _bbram_driver_api_list_end = .

bt_hci_driver_api_area
                0x00000000080064cc        0x0
                0x00000000080064cc                _bt_hci_driver_api_list_start = .
 *(SORT_BY_NAME(SORT_BY_ALIGNMENT(._bt_hci_driver_api.static.*)))
                0x00000000080064cc                _bt_hci_driver_api_list_end = .

can_driver_api_area
                0x00000000080064cc        0x0
                0x00000000080064cc                _can_driver_api_list_start = .
 *(SORT_BY_NAME(SORT_BY_ALIGNMENT(._can_driver_api.static.*)))
                0x00000000080064cc                _can_driver_api_list_end = .

cellular_driver_api_area
                0x00000000080064cc        0x0
                0x00000000080064cc                _cellular_driver_api_list_start = .
 *(SORT_BY_NAME(SORT_BY_ALIGNMENT(._cellular_driver_api.static.*)))
                0x00000000080064cc                _cellular_driver_api_list_end = .

charger_driver_api_area
                0x00000000080064cc        0x0
                0x00000000080064cc                _charger_driver_api_list_start = .
 *(SORT_BY_NAME(SORT_BY_ALIGNMENT(._charger_driver_api.static.*)))
                0x00000000080064cc                _charger_driver_api_list_end = .

clock_control_driver_api_area
                0x00000000080064cc       0x1c
                0x00000000080064cc                _clock_control_driver_api_list_start = .
 *(SORT_BY_NAME(SORT_BY_ALIGNMENT(._clock_control_driver_api.static.*)))
 ._clock_control_driver_api.static.stm32_clock_control_api_
                0x00000000080064cc       0x1c zephyr/drivers/clock_control/libdrivers__clock_control.a(clock_stm32_ll_common.c.obj)
                0x00000000080064e8                _clock_control_driver_api_list_end = .

comparator_driver_api_area
                0x00000000080064e8        0x0
                0x00000000080064e8                _comparator_driver_api_list_start = .
 *(SORT_BY_NAME(SORT_BY_ALIGNMENT(._comparator_driver_api.static.*)))
                0x00000000080064e8                _comparator_driver_api_list_end = .

coredump_driver_api_area
                0x00000000080064e8        0x0
                0x00000000080064e8                _coredump_driver_api_list_start = .
 *(SORT_BY_NAME(SORT_BY_ALIGNMENT(._coredump_driver_api.static.*)))
                0x00000000080064e8                _coredump_driver_api_list_end = .

counter_driver_api_area
                0x00000000080064e8        0x0
                0x00000000080064e8                _counter_driver_api_list_start = .
 *(SORT_BY_NAME(SORT_BY_ALIGNMENT(._counter_driver_api.static.*)))
                0x00000000080064e8                _counter_driver_api_list_end = .

dac_driver_api_area
                0x00000000080064e8        0x0
                0x00000000080064e8                _dac_driver_api_list_start = .
 *(SORT_BY_NAME(SORT_BY_ALIGNMENT(._dac_driver_api.static.*)))
                0x00000000080064e8                _dac_driver_api_list_end = .

dai_driver_api_area
                0x00000000080064e8        0x0
                0x00000000080064e8                _dai_driver_api_list_start = .
 *(SORT_BY_NAME(SORT_BY_ALIGNMENT(._dai_driver_api.static.*)))
                0x00000000080064e8                _dai_driver_api_list_end = .

display_driver_api_area
                0x00000000080064e8        0x0
                0x00000000080064e8                _display_driver_api_list_start = .
 *(SORT_BY_NAME(SORT_BY_ALIGNMENT(._display_driver_api.static.*)))
                0x00000000080064e8                _display_driver_api_list_end = .

dma_driver_api_area
                0x00000000080064e8        0x0
                0x00000000080064e8                _dma_driver_api_list_start = .
 *(SORT_BY_NAME(SORT_BY_ALIGNMENT(._dma_driver_api.static.*)))
                0x00000000080064e8                _dma_driver_api_list_end = .

edac_driver_api_area
                0x00000000080064e8        0x0
                0x00000000080064e8                _edac_driver_api_list_start = .
 *(SORT_BY_NAME(SORT_BY_ALIGNMENT(._edac_driver_api.static.*)))
                0x00000000080064e8                _edac_driver_api_list_end = .

eeprom_driver_api_area
                0x00000000080064e8        0x0
                0x00000000080064e8                _eeprom_driver_api_list_start = .
 *(SORT_BY_NAME(SORT_BY_ALIGNMENT(._eeprom_driver_api.static.*)))
                0x00000000080064e8                _eeprom_driver_api_list_end = .

emul_bbram_driver_api_area
                0x00000000080064e8        0x0
                0x00000000080064e8                _emul_bbram_driver_api_list_start = .
 *(SORT_BY_NAME(SORT_BY_ALIGNMENT(._emul_bbram_driver_api.static.*)))
                0x00000000080064e8                _emul_bbram_driver_api_list_end = .

fuel_gauge_emul_driver_api_area
                0x00000000080064e8        0x0
                0x00000000080064e8                _fuel_gauge_emul_driver_api_list_start = .
 *(SORT_BY_NAME(SORT_BY_ALIGNMENT(._fuel_gauge_emul_driver_api.static.*)))
                0x00000000080064e8                _fuel_gauge_emul_driver_api_list_end = .

emul_sensor_driver_api_area
                0x00000000080064e8        0x0
                0x00000000080064e8                _emul_sensor_driver_api_list_start = .
 *(SORT_BY_NAME(SORT_BY_ALIGNMENT(._emul_sensor_driver_api.static.*)))
                0x00000000080064e8                _emul_sensor_driver_api_list_end = .

entropy_driver_api_area
                0x00000000080064e8        0x0
                0x00000000080064e8                _entropy_driver_api_list_start = .
 *(SORT_BY_NAME(SORT_BY_ALIGNMENT(._entropy_driver_api.static.*)))
                0x00000000080064e8                _entropy_driver_api_list_end = .

espi_driver_api_area
                0x00000000080064e8        0x0
                0x00000000080064e8                _espi_driver_api_list_start = .
 *(SORT_BY_NAME(SORT_BY_ALIGNMENT(._espi_driver_api.static.*)))
                0x00000000080064e8                _espi_driver_api_list_end = .

espi_saf_driver_api_area
                0x00000000080064e8        0x0
                0x00000000080064e8                _espi_saf_driver_api_list_start = .
 *(SORT_BY_NAME(SORT_BY_ALIGNMENT(._espi_saf_driver_api.static.*)))
                0x00000000080064e8                _espi_saf_driver_api_list_end = .

flash_driver_api_area
                0x00000000080064e8        0x0
                0x00000000080064e8                _flash_driver_api_list_start = .
 *(SORT_BY_NAME(SORT_BY_ALIGNMENT(._flash_driver_api.static.*)))
                0x00000000080064e8                _flash_driver_api_list_end = .

fpga_driver_api_area
                0x00000000080064e8        0x0
                0x00000000080064e8                _fpga_driver_api_list_start = .
 *(SORT_BY_NAME(SORT_BY_ALIGNMENT(._fpga_driver_api.static.*)))
                0x00000000080064e8                _fpga_driver_api_list_end = .

fuel_gauge_driver_api_area
                0x00000000080064e8        0x0
                0x00000000080064e8                _fuel_gauge_driver_api_list_start = .
 *(SORT_BY_NAME(SORT_BY_ALIGNMENT(._fuel_gauge_driver_api.static.*)))
                0x00000000080064e8                _fuel_gauge_driver_api_list_end = .

gnss_driver_api_area
                0x00000000080064e8        0x0
                0x00000000080064e8                _gnss_driver_api_list_start = .
 *(SORT_BY_NAME(SORT_BY_ALIGNMENT(._gnss_driver_api.static.*)))
                0x00000000080064e8                _gnss_driver_api_list_end = .

haptics_driver_api_area
                0x00000000080064e8        0x0
                0x00000000080064e8                _haptics_driver_api_list_start = .
 *(SORT_BY_NAME(SORT_BY_ALIGNMENT(._haptics_driver_api.static.*)))
                0x00000000080064e8                _haptics_driver_api_list_end = .

hwspinlock_driver_api_area
                0x00000000080064e8        0x0
                0x00000000080064e8                _hwspinlock_driver_api_list_start = .
 *(SORT_BY_NAME(SORT_BY_ALIGNMENT(._hwspinlock_driver_api.static.*)))
                0x00000000080064e8                _hwspinlock_driver_api_list_end = .

i2c_driver_api_area
                0x00000000080064e8        0x0
                0x00000000080064e8                _i2c_driver_api_list_start = .
 *(SORT_BY_NAME(SORT_BY_ALIGNMENT(._i2c_driver_api.static.*)))
                0x00000000080064e8                _i2c_driver_api_list_end = .

i2c_target_driver_api_area
                0x00000000080064e8        0x0
                0x00000000080064e8                _i2c_target_driver_api_list_start = .
 *(SORT_BY_NAME(SORT_BY_ALIGNMENT(._i2c_target_driver_api.static.*)))
                0x00000000080064e8                _i2c_target_driver_api_list_end = .

i2s_driver_api_area
                0x00000000080064e8        0x0
                0x00000000080064e8                _i2s_driver_api_list_start = .
 *(SORT_BY_NAME(SORT_BY_ALIGNMENT(._i2s_driver_api.static.*)))
                0x00000000080064e8                _i2s_driver_api_list_end = .

i3c_driver_api_area
                0x00000000080064e8        0x0
                0x00000000080064e8                _i3c_driver_api_list_start = .
 *(SORT_BY_NAME(SORT_BY_ALIGNMENT(._i3c_driver_api.static.*)))
                0x00000000080064e8                _i3c_driver_api_list_end = .

ipm_driver_api_area
                0x00000000080064e8        0x0
                0x00000000080064e8                _ipm_driver_api_list_start = .
 *(SORT_BY_NAME(SORT_BY_ALIGNMENT(._ipm_driver_api.static.*)))
                0x00000000080064e8                _ipm_driver_api_list_end = .

led_driver_api_area
                0x00000000080064e8        0x0
                0x00000000080064e8                _led_driver_api_list_start = .
 *(SORT_BY_NAME(SORT_BY_ALIGNMENT(._led_driver_api.static.*)))
                0x00000000080064e8                _led_driver_api_list_end = .

led_strip_driver_api_area
                0x00000000080064e8        0x0
                0x00000000080064e8                _led_strip_driver_api_list_start = .
 *(SORT_BY_NAME(SORT_BY_ALIGNMENT(._led_strip_driver_api.static.*)))
                0x00000000080064e8                _led_strip_driver_api_list_end = .

lora_driver_api_area
                0x00000000080064e8        0x0
                0x00000000080064e8                _lora_driver_api_list_start = .
 *(SORT_BY_NAME(SORT_BY_ALIGNMENT(._lora_driver_api.static.*)))
                0x00000000080064e8                _lora_driver_api_list_end = .

mbox_driver_api_area
                0x00000000080064e8        0x0
                0x00000000080064e8                _mbox_driver_api_list_start = .
 *(SORT_BY_NAME(SORT_BY_ALIGNMENT(._mbox_driver_api.static.*)))
                0x00000000080064e8                _mbox_driver_api_list_end = .

mdio_driver_api_area
                0x00000000080064e8        0x0
                0x00000000080064e8                _mdio_driver_api_list_start = .
 *(SORT_BY_NAME(SORT_BY_ALIGNMENT(._mdio_driver_api.static.*)))
                0x00000000080064e8                _mdio_driver_api_list_end = .

mipi_dbi_driver_api_area
                0x00000000080064e8        0x0
                0x00000000080064e8                _mipi_dbi_driver_api_list_start = .
 *(SORT_BY_NAME(SORT_BY_ALIGNMENT(._mipi_dbi_driver_api.static.*)))
                0x00000000080064e8                _mipi_dbi_driver_api_list_end = .

mipi_dsi_driver_api_area
                0x00000000080064e8        0x0
                0x00000000080064e8                _mipi_dsi_driver_api_list_start = .
 *(SORT_BY_NAME(SORT_BY_ALIGNMENT(._mipi_dsi_driver_api.static.*)))
                0x00000000080064e8                _mipi_dsi_driver_api_list_end = .

mspi_driver_api_area
                0x00000000080064e8        0x0
                0x00000000080064e8                _mspi_driver_api_list_start = .
 *(SORT_BY_NAME(SORT_BY_ALIGNMENT(._mspi_driver_api.static.*)))
                0x00000000080064e8                _mspi_driver_api_list_end = .

peci_driver_api_area
                0x00000000080064e8        0x0
                0x00000000080064e8                _peci_driver_api_list_start = .
 *(SORT_BY_NAME(SORT_BY_ALIGNMENT(._peci_driver_api.static.*)))
                0x00000000080064e8                _peci_driver_api_list_end = .

ps2_driver_api_area
                0x00000000080064e8        0x0
                0x00000000080064e8                _ps2_driver_api_list_start = .
 *(SORT_BY_NAME(SORT_BY_ALIGNMENT(._ps2_driver_api.static.*)))
                0x00000000080064e8                _ps2_driver_api_list_end = .

ptp_clock_driver_api_area
                0x00000000080064e8        0x0
                0x00000000080064e8                _ptp_clock_driver_api_list_start = .
 *(SORT_BY_NAME(SORT_BY_ALIGNMENT(._ptp_clock_driver_api.static.*)))
                0x00000000080064e8                _ptp_clock_driver_api_list_end = .

pwm_driver_api_area
                0x00000000080064e8        0x0
                0x00000000080064e8                _pwm_driver_api_list_start = .
 *(SORT_BY_NAME(SORT_BY_ALIGNMENT(._pwm_driver_api.static.*)))
                0x00000000080064e8                _pwm_driver_api_list_end = .

regulator_parent_driver_api_area
                0x00000000080064e8        0x0
                0x00000000080064e8                _regulator_parent_driver_api_list_start = .
 *(SORT_BY_NAME(SORT_BY_ALIGNMENT(._regulator_parent_driver_api.static.*)))
                0x00000000080064e8                _regulator_parent_driver_api_list_end = .

regulator_driver_api_area
                0x00000000080064e8        0x0
                0x00000000080064e8                _regulator_driver_api_list_start = .
 *(SORT_BY_NAME(SORT_BY_ALIGNMENT(._regulator_driver_api.static.*)))
                0x00000000080064e8                _regulator_driver_api_list_end = .

retained_mem_driver_api_area
                0x00000000080064e8        0x0
                0x00000000080064e8                _retained_mem_driver_api_list_start = .
 *(SORT_BY_NAME(SORT_BY_ALIGNMENT(._retained_mem_driver_api.static.*)))
                0x00000000080064e8                _retained_mem_driver_api_list_end = .

rtc_driver_api_area
                0x00000000080064e8        0x0
                0x00000000080064e8                _rtc_driver_api_list_start = .
 *(SORT_BY_NAME(SORT_BY_ALIGNMENT(._rtc_driver_api.static.*)))
                0x00000000080064e8                _rtc_driver_api_list_end = .

sdhc_driver_api_area
                0x00000000080064e8        0x0
                0x00000000080064e8                _sdhc_driver_api_list_start = .
 *(SORT_BY_NAME(SORT_BY_ALIGNMENT(._sdhc_driver_api.static.*)))
                0x00000000080064e8                _sdhc_driver_api_list_end = .

sensor_driver_api_area
                0x00000000080064e8        0x0
                0x00000000080064e8                _sensor_driver_api_list_start = .
 *(SORT_BY_NAME(SORT_BY_ALIGNMENT(._sensor_driver_api.static.*)))
                0x00000000080064e8                _sensor_driver_api_list_end = .

smbus_driver_api_area
                0x00000000080064e8        0x0
                0x00000000080064e8                _smbus_driver_api_list_start = .
 *(SORT_BY_NAME(SORT_BY_ALIGNMENT(._smbus_driver_api.static.*)))
                0x00000000080064e8                _smbus_driver_api_list_end = .

spi_driver_api_area
                0x00000000080064e8        0x0
                0x00000000080064e8                _spi_driver_api_list_start = .
 *(SORT_BY_NAME(SORT_BY_ALIGNMENT(._spi_driver_api.static.*)))
                0x00000000080064e8                _spi_driver_api_list_end = .

stepper_driver_api_area
                0x00000000080064e8        0x0
                0x00000000080064e8                _stepper_driver_api_list_start = .
 *(SORT_BY_NAME(SORT_BY_ALIGNMENT(._stepper_driver_api.static.*)))
                0x00000000080064e8                _stepper_driver_api_list_end = .

syscon_driver_api_area
                0x00000000080064e8        0x0
                0x00000000080064e8                _syscon_driver_api_list_start = .
 *(SORT_BY_NAME(SORT_BY_ALIGNMENT(._syscon_driver_api.static.*)))
                0x00000000080064e8                _syscon_driver_api_list_end = .

tee_driver_api_area
                0x00000000080064e8        0x0
                0x00000000080064e8                _tee_driver_api_list_start = .
 *(SORT_BY_NAME(SORT_BY_ALIGNMENT(._tee_driver_api.static.*)))
                0x00000000080064e8                _tee_driver_api_list_end = .

video_driver_api_area
                0x00000000080064e8        0x0
                0x00000000080064e8                _video_driver_api_list_start = .
 *(SORT_BY_NAME(SORT_BY_ALIGNMENT(._video_driver_api.static.*)))
                0x00000000080064e8                _video_driver_api_list_end = .

virtio_driver_api_area
                0x00000000080064e8        0x0
                0x00000000080064e8                _virtio_driver_api_list_start = .
 *(SORT_BY_NAME(SORT_BY_ALIGNMENT(._virtio_driver_api.static.*)))
                0x00000000080064e8                _virtio_driver_api_list_end = .

w1_driver_api_area
                0x00000000080064e8        0x0
                0x00000000080064e8                _w1_driver_api_list_start = .
 *(SORT_BY_NAME(SORT_BY_ALIGNMENT(._w1_driver_api.static.*)))
                0x00000000080064e8                _w1_driver_api_list_end = .

wdt_driver_api_area
                0x00000000080064e8        0x0
                0x00000000080064e8                _wdt_driver_api_list_start = .
 *(SORT_BY_NAME(SORT_BY_ALIGNMENT(._wdt_driver_api.static.*)))
                0x00000000080064e8                _wdt_driver_api_list_end = .

can_transceiver_driver_api_area
                0x00000000080064e8        0x0
                0x00000000080064e8                _can_transceiver_driver_api_list_start = .
 *(SORT_BY_NAME(SORT_BY_ALIGNMENT(._can_transceiver_driver_api.static.*)))
                0x00000000080064e8                _can_transceiver_driver_api_list_end = .

nrf_clock_control_driver_api_area
                0x00000000080064e8        0x0
                0x00000000080064e8                _nrf_clock_control_driver_api_list_start = .
 *(SORT_BY_NAME(SORT_BY_ALIGNMENT(._nrf_clock_control_driver_api.static.*)))
                0x00000000080064e8                _nrf_clock_control_driver_api_list_end = .

i3c_target_driver_api_area
                0x00000000080064e8        0x0
                0x00000000080064e8                _i3c_target_driver_api_list_start = .
 *(SORT_BY_NAME(SORT_BY_ALIGNMENT(._i3c_target_driver_api.static.*)))
                0x00000000080064e8                _i3c_target_driver_api_list_end = .

its_driver_api_area
                0x00000000080064e8        0x0
                0x00000000080064e8                _its_driver_api_list_start = .
 *(SORT_BY_NAME(SORT_BY_ALIGNMENT(._its_driver_api.static.*)))
                0x00000000080064e8                _its_driver_api_list_end = .

vtd_driver_api_area
                0x00000000080064e8        0x0
                0x00000000080064e8                _vtd_driver_api_list_start = .
 *(SORT_BY_NAME(SORT_BY_ALIGNMENT(._vtd_driver_api.static.*)))
                0x00000000080064e8                _vtd_driver_api_list_end = .

renesas_elc_driver_api_area
                0x00000000080064e8        0x0
                0x00000000080064e8                _renesas_elc_driver_api_list_start = .
 *(SORT_BY_NAME(SORT_BY_ALIGNMENT(._renesas_elc_driver_api.static.*)))
                0x00000000080064e8                _renesas_elc_driver_api_list_end = .

tgpio_driver_api_area
                0x00000000080064e8        0x0
                0x00000000080064e8                _tgpio_driver_api_list_start = .
 *(SORT_BY_NAME(SORT_BY_ALIGNMENT(._tgpio_driver_api.static.*)))
                0x00000000080064e8                _tgpio_driver_api_list_end = .

pcie_ctrl_driver_api_area
                0x00000000080064e8        0x0
                0x00000000080064e8                _pcie_ctrl_driver_api_list_start = .
 *(SORT_BY_NAME(SORT_BY_ALIGNMENT(._pcie_ctrl_driver_api.static.*)))
                0x00000000080064e8                _pcie_ctrl_driver_api_list_end = .

pcie_ep_driver_api_area
                0x00000000080064e8        0x0
                0x00000000080064e8                _pcie_ep_driver_api_list_start = .
 *(SORT_BY_NAME(SORT_BY_ALIGNMENT(._pcie_ep_driver_api.static.*)))
                0x00000000080064e8                _pcie_ep_driver_api_list_end = .

psi5_driver_api_area
                0x00000000080064e8        0x0
                0x00000000080064e8                _psi5_driver_api_list_start = .
 *(SORT_BY_NAME(SORT_BY_ALIGNMENT(._psi5_driver_api.static.*)))
                0x00000000080064e8                _psi5_driver_api_list_end = .

sent_driver_api_area
                0x00000000080064e8        0x0
                0x00000000080064e8                _sent_driver_api_list_start = .
 *(SORT_BY_NAME(SORT_BY_ALIGNMENT(._sent_driver_api.static.*)))
                0x00000000080064e8                _sent_driver_api_list_end = .

svc_driver_api_area
                0x00000000080064e8        0x0
                0x00000000080064e8                _svc_driver_api_list_start = .
 *(SORT_BY_NAME(SORT_BY_ALIGNMENT(._svc_driver_api.static.*)))
                0x00000000080064e8                _svc_driver_api_list_end = .

uart_driver_api_area
                0x00000000080064e8       0x4c
                0x00000000080064e8                _uart_driver_api_list_start = .
 *(SORT_BY_NAME(SORT_BY_ALIGNMENT(._uart_driver_api.static.*)))
 ._uart_driver_api.static.uart_stm32_driver_api_
                0x00000000080064e8       0x4c zephyr/drivers/serial/libdrivers__serial.a(uart_stm32.c.obj)
                0x0000000008006534                _uart_driver_api_list_end = .

bc12_emul_driver_api_area
                0x0000000008006534        0x0
                0x0000000008006534                _bc12_emul_driver_api_list_start = .
 *(SORT_BY_NAME(SORT_BY_ALIGNMENT(._bc12_emul_driver_api.static.*)))
                0x0000000008006534                _bc12_emul_driver_api_list_end = .

bc12_driver_api_area
                0x0000000008006534        0x0
                0x0000000008006534                _bc12_driver_api_list_start = .
 *(SORT_BY_NAME(SORT_BY_ALIGNMENT(._bc12_driver_api.static.*)))
                0x0000000008006534                _bc12_driver_api_list_end = .

usbc_ppc_driver_api_area
                0x0000000008006534        0x0
                0x0000000008006534                _usbc_ppc_driver_api_list_start = .
 *(SORT_BY_NAME(SORT_BY_ALIGNMENT(._usbc_ppc_driver_api.static.*)))
                0x0000000008006534                _usbc_ppc_driver_api_list_end = .

tcpc_driver_api_area
                0x0000000008006534        0x0
                0x0000000008006534                _tcpc_driver_api_list_start = .
 *(SORT_BY_NAME(SORT_BY_ALIGNMENT(._tcpc_driver_api.static.*)))
                0x0000000008006534                _tcpc_driver_api_list_end = .

usbc_vbus_driver_api_area
                0x0000000008006534        0x0
                0x0000000008006534                _usbc_vbus_driver_api_list_start = .
 *(SORT_BY_NAME(SORT_BY_ALIGNMENT(._usbc_vbus_driver_api.static.*)))
                0x0000000008006534                _usbc_vbus_driver_api_list_end = .

ivshmem_driver_api_area
                0x0000000008006534        0x0
                0x0000000008006534                _ivshmem_driver_api_list_start = .
 *(SORT_BY_NAME(SORT_BY_ALIGNMENT(._ivshmem_driver_api.static.*)))
                0x0000000008006534                _ivshmem_driver_api_list_end = .

ethphy_driver_api_area
                0x0000000008006534        0x0
                0x0000000008006534                _ethphy_driver_api_list_start = .
 *(SORT_BY_NAME(SORT_BY_ALIGNMENT(._ethphy_driver_api.static.*)))
                0x0000000008006534                _ethphy_driver_api_list_end = .

ztest           0x0000000008006534        0x0
                0x0000000008006534                _ztest_expected_result_entry_list_start = .
 *(SORT_BY_NAME(SORT_BY_ALIGNMENT(._ztest_expected_result_entry.static.*)))
                0x0000000008006534                _ztest_expected_result_entry_list_end = .
                0x0000000008006534                _ztest_suite_node_list_start = .
 *(SORT_BY_NAME(SORT_BY_ALIGNMENT(._ztest_suite_node.static.*)))
                0x0000000008006534                _ztest_suite_node_list_end = .
                0x0000000008006534                _ztest_unit_test_list_start = .
 *(SORT_BY_NAME(SORT_BY_ALIGNMENT(._ztest_unit_test.static.*)))
                0x0000000008006534                _ztest_unit_test_list_end = .
                0x0000000008006534                _ztest_test_rule_list_start = .
 *(SORT_BY_NAME(SORT_BY_ALIGNMENT(._ztest_test_rule.static.*)))
                0x0000000008006534                _ztest_test_rule_list_end = .

init_array      0x0000000008006534        0x0
                0x0000000008006534                __zephyr_init_array_start = .
 *(SORT_BY_INIT_PRIORITY(.init_array.*) SORT_BY_INIT_PRIORITY(.ctors.*))
 *(SORT_BY_ALIGNMENT(.init_array) SORT_BY_ALIGNMENT(.ctors))
                0x0000000008006534                __zephyr_init_array_end = .
                0x0000000000000001                ASSERT ((__zephyr_init_array_start == __zephyr_init_array_end), GNU-style constructors required but STATIC_INIT_GNU not enabled)

bt_l2cap_fixed_chan_area
                0x0000000008006534        0x0
                0x0000000008006534                _bt_l2cap_fixed_chan_list_start = .
 *(SORT_BY_NAME(SORT_BY_ALIGNMENT(._bt_l2cap_fixed_chan.static.*)))
                0x0000000008006534                _bt_l2cap_fixed_chan_list_end = .

bt_gatt_service_static_area
                0x0000000008006534        0x0
                0x0000000008006534                _bt_gatt_service_static_list_start = .
 *(SORT_BY_NAME(SORT_BY_ALIGNMENT(._bt_gatt_service_static.static.*)))
                0x0000000008006534                _bt_gatt_service_static_list_end = .

log_strings_area
                0x0000000008006534        0x0
                0x0000000008006534                _log_strings_list_start = .
 *(SORT_BY_NAME(SORT_BY_ALIGNMENT(._log_strings.static.*)))
                0x0000000008006534                _log_strings_list_end = .

log_stmesp_ptr_area
                0x0000000008006534        0x0
                0x0000000008006534                _log_stmesp_ptr_list_start = .
 *(SORT_BY_NAME(SORT_BY_ALIGNMENT(._log_stmesp_ptr.static.*)))
                0x0000000008006534                _log_stmesp_ptr_list_end = .

log_stmesp_str_area
                0x0000000008006534        0x0
                0x0000000008006534                _log_stmesp_str_list_start = .
 *(SORT_BY_NAME(SORT_BY_ALIGNMENT(._log_stmesp_str.static.*)))
                0x0000000008006534                _log_stmesp_str_list_end = .

log_const_area  0x0000000008006534       0x58
                0x0000000008006534                _log_const_list_start = .
 *(SORT_BY_NAME(SORT_BY_ALIGNMENT(._log_const.static.*)))
 ._log_const.static.log_const_cbprintf_package_
                0x0000000008006534        0x8 zephyr/libzephyr.a(cbprintf_packaged.c.obj)
                0x0000000008006534                log_const_cbprintf_package
 ._log_const.static.log_const_log_
                0x000000000800653c        0x8 zephyr/libzephyr.a(log_core.c.obj)
                0x000000000800653c                log_const_log
 ._log_const.static.log_const_log_mgmt_
                0x0000000008006544        0x8 zephyr/libzephyr.a(log_mgmt.c.obj)
                0x0000000008006544                log_const_log_mgmt
 ._log_const.static.log_const_log_uart_
                0x000000000800654c        0x8 zephyr/libzephyr.a(log_backend_uart.c.obj)
                0x000000000800654c                log_const_log_uart
 ._log_const.static.log_const_mpu_
                0x0000000008006554        0x8 zephyr/arch/arch/arm/core/mpu/libarch__arm__core__mpu.a(arm_core_mpu.c.obj)
                0x0000000008006554                log_const_mpu
 ._log_const.static.log_const_my_module_
                0x000000000800655c        0x8 app/libapp.a(main.c.obj)
                0x000000000800655c                log_const_my_module
 ._log_const.static.log_const_os_
                0x0000000008006564        0x8 zephyr/kernel/libkernel.a(init.c.obj)
                0x0000000008006564                log_const_os
 ._log_const.static.log_const_soc_
                0x000000000800656c        0x8 zephyr/libzephyr.a(soc.c.obj)